Archive member included because of file (symbol)

C:/RTOS-DCP1D/libRTOS-DCP1D.a(Board_cpp.o)
                              obj-DCP1D/LOG_cpp.o (Board::InitRTC())
C:/RTOS-DCP1D/libRTOS-DCP1D.a(LED_cpp.o)
                              C:/RTOS-DCP1D/libRTOS-DCP1D.a(Board_cpp.o) (LED::Init())
C:/RTOS-DCP1D/libRTOS-DCP1D.a(BoardNet_cpp.o)
                              obj-DCP1D/BroadcastWR_cpp.o (Board::eth)
C:/RTOS-DCP1D/libRTOS-DCP1D.a(BoardFlash_cpp.o)
                              obj-DCP1D/InputTask_cpp.o (Board::GetFlash())
C:/RTOS-DCP1D/libRTOS-DCP1D.a(54455_CPU_cpp.o)
                              obj-DCP1D/InputTask_cpp.o (CPU::Restart())
C:/RTOS-DCP1D/libRTOS-DCP1D.a(54455_Exception_cpp.o)
                              C:/RTOS-DCP1D/libRTOS-DCP1D.a(Board_cpp.o) (Exception::Init())
C:/RTOS-DCP1D/libRTOS-DCP1D.a(54455_Terminal_cpp.o)
                              C:/RTOS-DCP1D/libRTOS-DCP1D.a(Board_cpp.o) (Terminal::Init())
C:/RTOS-DCP1D/libRTOS-DCP1D.a(54455_PIT_cpp.o)
                              C:/RTOS-DCP1D/libRTOS-DCP1D.a(Board_cpp.o) (PIT::StopInt(int))
C:/RTOS-DCP1D/libRTOS-DCP1D.a(54455_Serial_cpp.o)
                              obj-DCP1D/ReceiveCommandHandler_cpp.o (Serial::Init(int, int, int, int, bool))
C:/RTOS-DCP1D/libRTOS-DCP1D.a(54455_Cache_cpp.o)
                              C:/RTOS-DCP1D/libRTOS-DCP1D.a(Board_cpp.o) (Cache::Init(int, int))
C:/RTOS-DCP1D/libRTOS-DCP1D.a(54455_MMU_cpp.o)
                              C:/RTOS-DCP1D/libRTOS-DCP1D.a(LED_cpp.o) (MMU::Map(unsigned long))
C:/RTOS-DCP1D/libRTOS-DCP1D.a(54455_DSPI_cpp.o)
                              C:/RTOS-DCP1D/libRTOS-DCP1D.a(Board_cpp.o) (DSPI::DSPI(int, int, int))
C:/RTOS-DCP1D/libRTOS-DCP1D.a(54455_I2C_cpp.o)
                              C:/RTOS-DCP1D/libRTOS-DCP1D.a(Board_cpp.o) (I2C::I2C(int, int, int, int))
C:/RTOS-DCP1D/libRTOS-DCP1D.a(54455_CPU_asm.o)
                              C:/RTOS-DCP1D/Start.o (CPU::Init())
C:/RTOS-DCP1D/libRTOS-DCP1D.a(54455_Exception_asm.o)
                              C:/RTOS-DCP1D/Start.o (AsmExceptionHandler)
C:/RTOS-DCP1D/libRTOS-DCP1D.a(54455_MCF5445xRTOS_asm.o)
                              C:/RTOS-DCP1D/libRTOS-DCP1D.a(54455_Exception_asm.o) (RTOS::TaskSwitch())
C:/RTOS-DCP1D/libRTOS-DCP1D.a(MCF_ArchDefs_cpp.o)
                              obj-DCP1D/DupsTask_cpp.o (EnterCritical())
C:/RTOS-DCP1D/libRTOS-DCP1D.a(MCF_MemoryInit_asm.o)
                              C:/RTOS-DCP1D/libRTOS-DCP1D.a(54455_CPU_asm.o) (MemoryInit)
C:/RTOS-DCP1D/libRTOS-DCP1D.a(MCF_ArchDefs_asm.o)
                              obj-DCP1D/Main_cpp.o (memcpy)
C:/RTOS-DCP1D/libRTOS-DCP1D.a(stdlib_Assert_cpp.o)
                              obj-DCP1D/WelderSearchTask_cpp.o (SystemCrash(char*, char*, int))
C:/RTOS-DCP1D/libRTOS-DCP1D.a(stdlib_Alloc_cpp.o)
                              C:/RTOS-DCP1D/libRTOS-DCP1D.a(Board_cpp.o) (mallocNoInit)
C:/RTOS-DCP1D/libRTOS-DCP1D.a(stdlib_PrintF_cpp.o)
                              obj-DCP1D/InputTask_cpp.o (sprintf)
C:/RTOS-DCP1D/libRTOS-DCP1D.a(stdlib_String_cpp.o)
                              obj-DCP1D/Main_cpp.o (memset)
C:/RTOS-DCP1D/libRTOS-DCP1D.a(stdlib_StdLib_cpp.o)
                              obj-DCP1D/InputTask_cpp.o (atoi)
C:/RTOS-DCP1D/libRTOS-DCP1D.a(API_CyGOS_cpp.o)
                              obj-DCP1D/InputTask_cpp.o (CyGOS::DisableWatchDog())
C:/RTOS-DCP1D/libRTOS-DCP1D.a(API_TCPIP_cpp.o)
                              obj-DCP1D/WelderSearchTask_cpp.o (CyGOS::GetNetworkInterface(int))
C:/RTOS-DCP1D/libRTOS-DCP1D.a(API_LinkedList_cpp.o)
                              obj-DCP1D/WelderSearchTask_cpp.o (LinkedListBase::LinkedListBase())
C:/RTOS-DCP1D/libRTOS-DCP1D.a(API_FileSystems_cpp.o)
                              obj-DCP1D/WebSite_cpp.o (CyGOS::FileLength(void*))
C:/RTOS-DCP1D/libRTOS-DCP1D.a(API_TFTP_cpp.o)
                              obj-DCP1D/InputTask_cpp.o (CyGOS::TftpReceive(int, char*, int*, void*, ip_addr))
C:/RTOS-DCP1D/libRTOS-DCP1D.a(API_HTTP_cpp.o)
                              obj-DCP1D/WebSite_cpp.o (CyGOS::AddHttpGetHandler(int, int, bool (*)(char*, HTTPReplyHeader&)))
C:/RTOS-DCP1D/libRTOS-DCP1D.a(API_Decode_cpp.o)
                              C:/RTOS-DCP1D/libRTOS-DCP1D.a(API_FileSystems_cpp.o) (FileDecode::FileDecode())
C:/RTOS-DCP1D/libRTOS-DCP1D.a(RTOS_FIFO_cpp.o)
                              obj-DCP1D/DupsTask_cpp.o (FifoBase::FifoBase(int, int, char const*))
C:/RTOS-DCP1D/libRTOS-DCP1D.a(RTOS_RTOS_cpp.o)
                              C:/RTOS-DCP1D/libRTOS-DCP1D.a(API_CyGOS_cpp.o) (RTOS::PrintStatus(PrintStatusMode))
C:/RTOS-DCP1D/libRTOS-DCP1D.a(RTOS_Task_cpp.o)
                              obj-DCP1D/InputTask_cpp.o (TaskBase::Tick())
C:/RTOS-DCP1D/libRTOS-DCP1D.a(RTOS_PrintfTask_cpp.o)
                              obj-DCP1D/InputTask_cpp.o (getcharWait)
C:/RTOS-DCP1D/libRTOS-DCP1D.a(RTOS_Debug_cpp.o)
                              C:/RTOS-DCP1D/libRTOS-DCP1D.a(stdlib_Assert_cpp.o) (Debug::Poll())
[...]
Memory Configuration

Name             Origin             Length             Attributes
vector_ram       0x40000000         0x00000500         xrw
vectors          0x50040000         0x00000400         xrw
config           0x50040400         0x00000100         xrw
sdram            0x50040500         0x00fbfb00         xrw
fram             0x0b000000         0x00020000         xrw
*default*        0x00000000         0xffffffff

Linker script and memory map

LOAD C:/RTOS-DCP1D/Start.o
LOAD obj-DCP1D/Main_cpp.o
LOAD obj-DCP1D/InputTask_cpp.o
LOAD obj-DCP1D/DupsTask_cpp.o
LOAD obj-DCP1D/IOTask_cpp.o
LOAD obj-DCP1D/GLOBALS_cpp.o
LOAD obj-DCP1D/SEEK_cpp.o
LOAD obj-DCP1D/WELD_cpp.o
LOAD obj-DCP1D/ScanResDetect_cpp.o
LOAD obj-DCP1D/StateMachineDrv_cpp.o
LOAD obj-DCP1D/SCAN_cpp.o
LOAD obj-DCP1D/ReceiveCommandHandler_cpp.o
LOAD obj-DCP1D/LOG_cpp.o
LOAD obj-DCP1D/preset_cpp.o
LOAD obj-DCP1D/UserIO_cpp.o
LOAD obj-DCP1D/counter_cpp.o
LOAD obj-DCP1D/FRAM_cpp.o
LOAD obj-DCP1D/WebSite_cpp.o
LOAD obj-DCP1D/UploadFirmWareTask_cpp.o
LOAD obj-DCP1D/WelderSearchTask_cpp.o
LOAD obj-DCP1D/ShutDownTask_cpp.o
LOAD obj-DCP1D/FirmwareUpgrade_cpp.o
LOAD obj-DCP1D/BroadcastWR_cpp.o
LOAD obj-DCP1D/UtilsWR_cpp.o
LOAD C:/RTOS-DCP1D/libRTOS-DCP1D.a
                0x00000094                . = SIZEOF_HEADERS

.textvect       0x50040000      0x400
                0x50040000                __FLASH_RAM = .
                0x50040000                __VECTOR_TABLE = .
                0x50040000                __INIT_SP = .
                0x50040000        0x4 LONG 0x5004050e _RAMstart
 */()
                0x50040004                __INIT_PC = .
                0x50040004        0x4 LONG 0x40500 (_start + __FLASH_DIFF)
 */()
 *(.textvect)
 .textvect      0x50040008      0x3f8 C:/RTOS-DCP1D/Start.o

.config         0x50040400        0xc
                0x50040400                . = ALIGN (0x10)
                0x50040400                __SYSTEM_CLOCK = .
                0x50040400        0x4 LONG 0x78
                0x50040404                __TERMINAL_PORT = .
                0x50040404        0x4 LONG 0x101
                0x50040408                __TERMINAL_BAUD = .
                0x50040408        0x4 LONG 0x1c200

.text           0x50040500    0x98ba0
                0x50040500                __TEXT_START = .
 *(.text)
 .text          0x50040500       0x42 C:/RTOS-DCP1D/Start.o
                0x5004050e                _RAMstart
                0x50040500                _start
                0x50040526                _MultiBootStart
 *fill*         0x50040542        0x2 00
 .text          0x50040544      0xcf8 obj-DCP1D/Main_cpp.o
                0x50040584                SetStaticIPDefaults()
                0x500406e4                InitializeDhcpServerConfiguration(int, int&)
                0x50040758                SetDHCPServerIPDefaults()
                0x5004054c                ByteCRC(unsigned char*, unsigned long)
                0x500405b8                CheckForColdStart()
                0x5004080a                main
                0x50040544                SetLeds(int, int)
 .text          0x5004123c     0x159e obj-DCP1D/InputTask_cpp.o
                0x50041290                InputTask::PrintHelp()
                0x5004181a                InputTask::ProgramCompressedTarRegionFromSerial()
                0x500412f0                InputTask::InputTask()
                0x500415a4                InputTask::ProgramCompressedTarRegionFlash(int)
                0x5004123c                ProgramCallback(int, int)
                0x50041350                InputTask::ProgramFlash(int)
                0x50041320                InputTask::InputTask()
                0x5004126e                EraseCallback(int, int)
                0x50041a7a                InputTask::Run()
 *fill*         0x500427da        0x2 00
 .text          0x500427dc     0x2e50 obj-DCP1D/DupsTask_cpp.o
                0x50042ed6                ReadMACAddressFromEEPRom(unsigned char*)
                0x500427dc                DupsTask::FPGAStartup()
                0x500429f4                UpdateFPGAInitParameters()
                0x5004319a                VerifyPresetAtPowerUp()
                0x50042c3e                SetDefaultEEPROMData()
                0x50042fe6                ReadFPGAVersion()
                0x500438b6                CheckForInputs()
                0x50042966                SetFPGAFrequency()
                0x50042bfc                ModifyEEPROMdata()
                0x5004298c                ConvertFreqtoDCPformat(long)
                0x50042cea                VerifyEEPROMVersion()
                0x500432b4                Power_On_Copy()
                0x50043496                PowerUpInitilization()
                0x50043860                CheckForInputsExMemClr()
                0x500432da                CheckForVersionChange()
                0x50043160                CheckForPowerDown()
                0x500447b0                WriteAlarmLog()
                0x500431f4                InitMemFreqAndTuneFreqAtPowerUp()
                0x50044f18                DupsTask::Run()
                0x500428c2                FPGAOverloadReset()
                0x5004290e                PowerOnCounterCheck()
                0x50042b66                CheckForWDReset()
                0x50043390                UpdateFlashCRC()
                0x50043070                UpdateMidBandAndFFactor()
                0x500428ea                CheckForPowerUpStatus()
                0x50043916                DupsTask::Cycle_Run()
                0x500454c4                DupsTask::DupsTask(IOTask*)
                0x50042af4                FPGAStartupTest()
                0x50045538                DupsTask::DupsTask(IOTask*)
                0x50042f2a                CheckForFPGAVersionChange()
                0x500428d2                SonicsOff()
                0x5004342a                CheckHWConfiguration()
                0x50045488                DupsTask::~DupsTask()
                0x50042b96                CheckManFCycleParamCRC()
                0x500455ac                DupsTask::~DupsTask()
                0x500428b2                StartSonics()
                0x50043212                CheckForMIBoard()
                0x500455f0                DupsTask::~DupsTask()
                0x500437ce                DupsTask::Tick()
 .text          0x5004562c      0x68c obj-DCP1D/IOTask_cpp.o
                0x500458ae                IOTask::IOTask()
                0x5004562c                IOTask::ReadData()
                0x50045b4c                MSTickFunc()
                0x50045a0c                IOTask::Run()
                0x50045750                IOTask::IOTask()
 .text          0x50045cb8        0x0 obj-DCP1D/GLOBALS_cpp.o
 .text          0x50045cb8      0x816 obj-DCP1D/SEEK_cpp.o
                0x50046060                Set_Seek_Status_Error()
                0x50045e18                CheckAndAssignSeekCycleBoundaryValue()
                0x50045de2                store_seek_memo()
                0x50045d56                Fix_DDSLimits()
                0x50045f82                Seek_Stop()
                0x50045daa                Set_Seek_Status()
                0x50045cb8                Clear_Seek_Status()
                0x50046144                Seek_Run()
                0x50046214                Seek_Ramp()
                0x500462b2                Seek_Start()
 *fill*         0x500464ce        0x2 00
 .text          0x500464d0     0x2edc obj-DCP1D/WELD_cpp.o
                0x5004901e                Weld_Start()
                0x500464f6                InitializeWeldbuffer()
                0x50048712                Weld_Run()
                0x500483d0                Weld_Error()
                0x5004653a                Clear_Weld_Status()
                0x500484b4                Weld_EnerRun()
                0x50046aa8                FrequencyControlTrue(long)
                0x50046d00                ManFWeld_Stop()
                0x5004767c                CheckAndAssignWeldCycleBoundaryValue()
                0x50048908                Weld_EnerRamp()
                0x50047caa                ManFWeldSonicOn_Run()
                0x50046c66                ReadWeldBufferLog(long)
                0x500469cc                FrequencyControl(long)
                0x50048388                PS_Error()
                0x500468c2                AmplitudeControl()
                0x50046960                AmplitudeControlTrue()
                0x5004828e                ManFWeld_Error()
                0x50046e8a                ManFWeldSonicOff_Run()
                0x500464d0                Reset_WeldBuffer()
                0x5004832e                ManFPS_Error()
                0x500465d2                Set_Weld_Status()
                0x500464e8                Reset_WebWeldBuffer()
                0x50048cb0                Weld_Ramp()
                0x50047f5a                ManFWeld_Ramp()
                0x5004677a                Set_ManFWeld_Status_Error()
                0x50046d9a                CalculateRampStep()
                0x5004716e                Seek_Weld()
                0x50046640                Set_Weld_Status_Error()
                0x50047070                Weld_Stop()
                0x500473d4                ManFWeld_Start()
                0x50047836                Control(long)
                0x50046500                IncWeldbufferIndex()
 .text          0x500493ac      0xd3a obj-DCP1D/ScanResDetect_cpp.o
                0x50049bfa                HS_4Clusters()
                0x50049862                HS_Decimate(short*, unsigned short, short*)
                0x50049404                HS_FirFilt(short*, unsigned short)
                0x50049990                Scan_Complete()
                0x500497a4                Scan_Abort()
                0x500493ac                HS_CrossingExists(short*, short)
                0x5004a076                HS_Resonance()
                0x5004947a                HS_X4YZero(unsigned short*, short*, unsigned short)
 *fill*         0x5004a0e6        0x2 00
 .text          0x5004a0e8     0x11fc obj-DCP1D/StateMachineDrv_cpp.o
                0x5004a86c                TopOfListEntry()
                0x5004a7da                WeldRunEntry()
                0x5004a940                PreWait()
                0x5004a71a                ScanStopExit()
                0x5004a884                CheckForCurrentFunction()
                0x5004a742                SeekRampEntry()
                0x5004ab3a                ManFWeldErrorEntry()
                0x5004a90c                ScanAbortExit()
                0x5004a87c                EndOfListEntrycode()
                0x5004aac8                WeldStartEntry()
                0x5004a82c                ResetExit()
                0x5004ae24                SeekStopExit()
                0x5004a7b8                WeldRampEntry()
                0x5004a83c                WeldErrorExit()
                0x5004ac48                WaitEntry()
                0x5004a864                AutoResetEntry()
                0x5004a8e4                WeldStopExit()
                0x5004a758                SeekRunEntry()
                0x5004ae78                ScanCompleteExit()
                0x5004a68a                ScanStartExit()
                0x5004a110                Restart()
                0x5004a1b0                SelectDCPSequence()
                0x5004a130                StopStateMachine()
                0x5004a854                ManFWaitStopEntry()
                0x5004aba8                WeldErrorEntry()
                0x5004a692                ScanRunEntry()
                0x5004b152                PowerUpPass()
                0x5004a0e8                PushIndex()
                0x5004af52                ScanAbortEntry()
                0x5004a14e                ResetStateMachine()
                0x5004a76e                SeekStopEntry()
                0x5004a6d8                ScanStopEntry()
                0x5004a16e                SetStateMachineFlag(unsigned short)
                0x5004acca                ResetPass()
                0x5004a70a                ScanCompleteEntry()
                0x5004aa8e                ManFWeldStartEntry()
                0x5004ad68                WaitNoInputPass()
                0x5004a188                SetCurrentSequenceType(WELD_SEQUENCE_TYPE)
                0x5004a120                StartStateMachine()
                0x5004aa54                PreWaitEntry()
                0x5004a6f4                ScanCalculateEntry()
                0x5004a19a                GetCurrentSequenceType()
                0x5004afd4                ScanStartEntry()
                0x5004a844                WaitStopEntry()
                0x5004b026                WaitPass()
                0x5004a140                GetStateMachineFlag()
                0x5004a874                TopOfListExit()
                0x5004a1a8                Nothing()
                0x5004a77e                WaitNoInputEntry()
                0x5004acae                ResetEntry()
                0x5004a7f6                ManFWeldRunSonicOnEntry()
                0x5004a370                StateMachine()
                0x5004a72a                TestStartEntry()
                0x5004a722                ScanCalculateExit()
                0x5004ab00                SeekStartEntry()
                0x5004a81c                WeldStopEntry()
                0x5004a7a0                SeekWeldEntry()
                0x5004a0fc                PopIndex()
                0x5004a80c                ManFWeldRunSonicOffEntry()
                0x5004a990                AutoResetAlarm()
                0x5004a6a8                ScanRunAlarmExit()
                0x5004a678                PowerUpEntry()
                0x5004a9e2                Test_start()
                0x5004a73a                SeekStartExit()
                0x5004a7b0                WeldStartExit()
 .text          0x5004b2e4      0xaf4 obj-DCP1D/SCAN_cpp.o
                0x5004b396                Set20KScanParameters()
                0x5004b63a                SaveScanParamCRC()
                0x5004b414                Set40KScanParameters()
                0x5004b876                Detect_Resonance()
                0x5004b3d6                Set30KScanParameters()
                0x5004b59a                VerifyScanParam()
                0x5004b766                SetDefaultScanParameters()
                0x5004b454                SetMinMaxScanParameter()
                0x5004b808                Scan_Stop()
                0x5004b664                CheckAndAssignScanCycleBoundaryValue()
                0x5004b2e4                Reset_Scanbuffer()
                0x5004b358                IncScanBufferIndex()
                0x5004b7b8                CheckScanParamCRC()
                0x5004bad8                Scan_Run()
                0x5004b350                InitializeScanbuffer()
                0x5004bc9e                Scan_Start()
 .text          0x5004bdd8     0x1cbe obj-DCP1D/ReceiveCommandHandler_cpp.o
                0x5004d856                ReceiveCommandHandler::Run()
                0x5004be20                ReceiveCommandHandler::xtoi(char)
                0x5004d158                ReceiveCommandHandler::PrepareDCPStatusByte()
                0x5004da36                ReceiveCommandHandler::ReceiveCommandHandler(int)
                0x5004d230                ReceiveCommandHandler::TransmitPollingCommandReply(unsigned char, unsigned short)
                0x5004bdd8                ReceiveCommandHandler::HexToAscii(void*, int, unsigned char*)
                0x5004d5b2                ReceiveCommandHandler::ProcessCommand(unsigned char*)
                0x5004d9d6                ReceiveCommandHandler::ReceiveCommandHandler(int)
                0x5004c176                ReceiveCommandHandler::ProcessRegUpdateCommand(DataReg, unsigned short)
                0x5004cc72                ReceiveCommandHandler::UpdateLCDData()
                0x5004cc52                ReceiveCommandHandler::SetDefaultParameter()
                0x5004d020                ReceiveCommandHandler::TransmitAsciiCommand(SerialCommand)
                0x5004c056                ReceiveCommandHandler::Tick()
                0x5004bee8                ReceiveCommandHandler::VerifyCheckSum(unsigned char*, unsigned char)
                0x5004be8c                ReceiveCommandHandler::AsciiToHex(void*, int, unsigned char*)
                0x5004bf88                ReceiveCommandHandler::GetDefaultParameterValues()
                0x5004c0b4                ReceiveCommandHandler::SetDefaultIPSetUp()
 *fill*         0x5004da96        0x2 00
 .text          0x5004da98      0x65e obj-DCP1D/LOG_cpp.o
                0x5004de56                Log::WriteAlarmLog(DCPAlarmID, short, short, unsigned int)
                0x5004dc00                Log::GetAlarmNumber(int)
                0x5004dbc8                Log::GetEventNumber(int)
                0x5004daa6                Log::GetLatestEventEntryIndex()
                0x5004da98                SecondsSincePowerUp()
                0x5004dc42                Log::ReadAlarmLog(LogData*, int, int)
                0x5004db8a                Log::GetAlarmStringFromID(DCPAlarmID)
                0x5004dac2                CalculateTimeSincePowerUp(unsigned long, LogTime*)
                0x5004e068                Log::Init()
                0x5004df92                Log::ResetLog(ClearLog)
                0x5004dab4                Log::GetLatestAlarmEntryIndex()
                0x5004ded4                Log::WriteEventLog(DCPEventID, short, short, unsigned int, bool)
                0x5004db4c                Log::GetEventStringFromID(DCPEventID)
                0x5004dd46                Log::ReadEventLog(LogData*, int, int)
 *fill*         0x5004e0f6        0x2 00
 .text          0x5004e0f8     0x2e50 obj-DCP1D/preset_cpp.o
                0x5004e482                SaveCurrentPresetCRC()
                0x50050892                SetDefaultWeldPreset(bool)
                0x50050eba                ColdStart()
                0x50050dc8                CheckCurrentPresetCRC()
                0x5004e396                SetMinMaxCycleParam()
                0x5004f94e                SetMaxMinValues()
                0x5004e4ec                UpdateFrequencyPowerSpecificHDParam()
                0x5004e5bc                SetDefaultHDInitParam()
                0x50050d24                SetManFDefaultFromWeb()
                0x5004eb02                UpdateRunningPreset()
                0x5004e0f8                VerifyPreset()
                0x5004eb26                SetMaxPresets()
                0x5004e4a4                SavePreset(long)
                0x5004eb50                SetMinPresets()
                0x5004ea08                SetDefaultPreInitHDParams()
                0x5004e406                SetDefaultCycleParam()
                0x5004eb7a                SetDefaultValues()
                0x50050e18                RecallPreset(long)
 .text          0x50050f48     0x1db4 obj-DCP1D/UserIO_cpp.o
                0x5005142e                UserIO::SetCableDetect(bool)
                0x50051292                UserIO::CheckForRecallPreset4()
                0x50052322                UserIO::GetAnalogOUTPutValue(ANALOG_OUTPUTS)
                0x500515d2                UserIO::SetActuaterHome(bool)
                0x5005105e                UserIO::ReadInputs()
                0x5005238a                UserIO::CheckForEnergyRange()
                0x500513ca                UserIO::CheckForHornScan()
                0x500514e8                UserIO::SetSeekOut(bool)
                0x5005124c                UserIO::CheckForExternalSeek()
                0x50052b94                UserIO::ResetUserIO()
                0x500515e4                UserIO::SetWeldCycleComplete(bool)
                0x50051676                UserIO::SetOutputAmplitude(long)
                0x500513fa                UserIO::CheckForHornDownMode()
                0x50051542                UserIO::SetAfterBurstTimeActive(bool)
                0x500513b2                UserIO::CheckForGroundDetect()
                0x5005127a                UserIO::CheckForRecallPreset2()
                0x50051554                UserIO::SetPlusTimeLimitAlarm(bool)
                0x50051440                UserIO::InitCableDetectInput()
                0x50051322                UserIO::CheckForLockOutChange()
                0x50051112                UserIO::WriteOutputs()
                0x50051578                UserIO::SePlusEnergyLimitAlarm(bool)
                0x5005272c                UserIO::AssignAnalogOutputFunction(ANALOG_OUTPUTS, unsigned short, bool)
                0x50052358                UserIO::SetAnalogOUTPutValue(ANALOG_OUTPUTS, long)
                0x5005158a                UserIO::SetMinusEnergyLimitAlarm(bool)
                0x500514a8                UserIO::SetGenAlarm(bool)
                0x500528ea                UserIO::ConfigureDefaultUserIOs()
                0x5005223e                UserIO::GetDigOutPutActiveStatus(DIGITAL_OUTPUTS)
                0x50051420                UserIO::CheckForCableDetect()
                0x500512f2                UserIO::CheckForExternalStart()
                0x5005163e                UserIO::SetStartSignalRelease(bool)
                0x500521d2                UserIO::SetOutputFrequency(long)
                0x5005120a                UserIO::CheckForPWMAmpAdjust_Input()
                0x500515f6                UserIO::SetPreloadedCycleCountReached(bool)
                0x500521c0                UserIO::SetOutputCurrent(long)
                0x50051496                UserIO::SetSonicsActive(bool)
                0x500527a8                UserIO::AssignDigitalInputFunction(DIGITAL_INPUTS, unsigned short, bool)
                0x50052b2c                UserIO::InitFRAMIOConfig()
                0x500529ee                UserIO::ConfigureUserIOsFromFRAM()
                0x500521e4                UserIO::SetOutputMem(long)
                0x500514d6                UserIO::SetBeeper(bool)
                0x50051566                UserIO::SetMinusTimeLimitAlarm(bool)
                0x50051412                UserIO::CheckForInputCable()
                0x500514ba                UserIO::GetGenAlarmFlag()
                0x500511da                UserIO::CheckSignalActive(bool)
                0x500512c2                UserIO::CheckForRecallPreset16()
                0x500515c0                UserIO::SetOverloadAlarm(bool)
                0x5005133a                UserIO::CheckForSonicsDisable()
                0x50051352                UserIO::CheckForInterLockInPlace()
                0x50051220                UserIO::CheckForExternalReset()
                0x500523de                UserIO::InitEnergyRangeSelection()
                0x500522b8                UserIO::SetDigOutPutActiveStatus(DIGITAL_OUTPUTS, bool)
                0x50051688                UserIO::SetOutputPower(long)
                0x5005159c                UserIO::SetPlusPeakPowerLimitAlarm(bool)
                0x50051100                UserIO::WriteDigitalIO(int)
                0x50051650                UserIO::GetExternalAmplitude()
                0x500512da                UserIO::CheckForRecallPreset32()
                0x500521f6                UserIO::SetOutputEnergy(long)
                0x5005136a                UserIO::CheckForLoadNewPreset()
                0x50051262                UserIO::CheckForRecallPreset1()
                0x50052274                UserIO::GetDigOutPutActiveConfiguration(DIGITAL_OUTPUTS)
                0x50051608                UserIO::SetInHorndownMode(bool)
                0x50051236                UserIO::CheckForExternalAmpStep()
                0x5005244e                UserIO::GetRawExternalEnergyInPSForm()
                0x50051484                UserIO::SetReady(bool)
                0x500515ae                UserIO::SetMinusPeakPowerLimitAlarm(bool)
                0x500522ec                UserIO::GetAnalogINPutValue(ANALOG_INPUTS)
                0x5005150c                UserIO::SetPrsetChanged(bool)
                0x500513e2                UserIO::CheckForExternalTest()
                0x50052208                UserIO::GetDigINPutActiveStatus(DIGITAL_INPUTS)
                0x50051530                UserIO::SetAfterBurstDelayActive(bool)
                0x5005162c                UserIO::SetAmplitude1_2(bool)
                0x50052660                UserIO::AssignAnalogInputFunction(ANALOG_INPUTS, unsigned short, bool)
                0x5005130a                UserIO::CheckForExternalSonicsDelay()
                0x5005151e                UserIO::SetHoldTimeActive(bool)
                0x50051382                UserIO::CheckForCycleAbort()
                0x50052398                UserIO::SetEnergyFuncNum(unsigned short)
                0x5005104e                UserIO::ReadDigitalIO()
                0x500512aa                UserIO::CheckForRecallPreset8()
                0x5005161a                UserIO::SetEndOfHoldTime(bool)
                0x500525ea                UserIO::GetExternalFrequency()
                0x50052bae                UserIO::InitUserIO()
                0x5005139a                UserIO::CheckForMemoryClear()
                0x500514fa                UserIO::SetCycleOK(bool)
                0x500514c8                UserIO::GetReadyFlag()
                0x50050f48                UserIO::AssignDigitalOutputFunction(DIGITAL_OUTPUTS, unsigned short, bool)
 .text          0x50052cfc      0x1ba obj-DCP1D/counter_cpp.o
                0x50052e1e                IncrementSonicOnSecCounter()
                0x50052d0a                ReadCycleCounter()
                0x50052d6c                ReadManFErrorCounter()
                0x50052d7a                IncrementErrorCounter()
                0x50052d4a                ResetManFErrorCounter()
                0x50052e7e                CheckDCPCounterCRC()
                0x50052dde                IncrementPowerOnSecCounter()
                0x50052e02                ResetSonicOnSecCounter()
                0x50052d3c                ResetErrorCounter()
                0x50052e42                ResetCounters()
                0x50052d9e                IncrementManFErrorCycleCounter()
                0x50052dc2                ResetPowerOnSecCounter()
                0x50052d5e                ReadErrorCounter()
                0x50052e10                ReadSonicOnSecCounter()
                0x50052dd0                ReadPowerOnSecCounter()
                0x50052d18                IncrementCycleCounter()
                0x50052cfc                ResetCycleCounter()
 *fill*         0x50052eb6        0x2 00
 .text          0x50052eb8        0x0 obj-DCP1D/FRAM_cpp.o
 .text          0x50052eb8     0x8906 obj-DCP1D/WebSite_cpp.o
                0x5005933e                WebSite::StopIODiagnostic()
                0x50053118                WebSite::CheckForWebReset()
                0x5005a654                WebSite::GetIPSetupVal(char*, WebCommand)
                0x500534cc                WebSite::ProcessMFBoardTestPollResponse()
                0x500530d2                WebSite::CheckForWebScanCommand()
                0x5005319a                WebSite::CheckForCycleParameterChange()
                0x50056662                WebSite::UpdatePreset(char*, WebCommand)
                0x500582c4                WebSite::UpdateDiagnosticIO(char*)
                0x5005402a                WebSite::GetModifyPrestAdvancedVal(char*, WebCommand)
                0x50053efc                GetContentType(char*)
                0x50052ee4                CalculateDDSFreqinPercent()
                0x50059a5a                WebSite::GetHDParamVal(char*, WebCommand)
                0x5005709e                WebSite::ViewWeldGraphGetDatahandeler(char*, WebCommand)
                0x50052eb8                GetNumberofAnalogOut()
                0x5005abc0                WebSite::WebGetHandler(char*, HTTPReplyHeader&)
                0x50053570                WebSite::ProcessManufacturingBoardTestCmd(char*, WebCommand)
                0x500530ee                WebSite::ResetScanFlags()
                0x50056600                WebSite::UpdateHDPWMAmp(char*, WebCommand)
                0x50053266                WebSite::SetLanguageAndUserID(char*, WebCommand)
                0x50054e8c                WebSite::ProcessManufacturingCmd(char*, WebCommand)
                0x50052f5a                CalculateMemoryFreqinPercent()
                0x500530e0                WebSite::CheckForWebScanAbortCommand()
                0x50058fd4                WebSite::PrepareDiagnosticResponse(bool)
                0x50056c9e                WebSite::GetModifyPrestVal(char*, WebCommand)
                0x50053090                WebSite::GetStackAdjStatus()
                0x5005841e                WebSite::FindLanguageString(int, char*, bool)
                0x5005309e                WebSite::ResetStackAdjFlag()
                0x50058722                WebSite::UpdateIOConfiguration(char*, WebCommand)
                0x500594f2                WebSite::GetDiagnosticDataVal(char*, WebCommand)
                0x50055f32                WebSite::GetLastSucessfullHornScanData(char*, WebCommand)
                0x50053e8a                IPStrtoUint(char*)
                0x5005b5ac                WebSite::UpdateIPSetup(char*, WebCommand)
                0x50053144                WebSite::CheckForManufacturingFlag()
                0x50058060                WebSite::RestoreOutPutStatus()
                0x500580ca                WebSite::Tick(int)
                0x50057f1c                WebSite::DoDiagnosticLoopBackStart()
                0x50053c50                WebSite::UpdateUser(UserType)
                0x500595a0                WebSite::GetSystemInformationVal(char*, WebCommand)
                0x500532a0                ValidateUser(char*)
                0x50054c48                WebSite::ProcessMFSavesystemSetupCommand(char*)
                0x500532ea                WebSite::ProcessMFBoardTestRefreshCmd(char*)
                0x500585d2                WebSite::GetFunctionString(int, int, int, char*)
                0x50058ad8                WebSite::GetLogData(char*, WebCommand)
                0x50053152                GetPowerSupplySpecification()
                0x50057978                WebSite::UpdatePresetAdvanced(char*, WebCommand)
                0x5005607c                WebSite::ProcessScanCommand(char*, WebCommand)
                0x5005302c                CalculateAmplitudeinPercent(bool)
                0x5005b196                WebSite::SetLanguageFileBuffer(Language)
                0x50053126                WebSite::ResetWebResetFlag()
                0x5005b4ce                WebSite::InitWebSite(int, int)
                0x5005b240                WebSite::WebPostHandler(char*, char*, HTTPReplyHeader&)
                0x500530bc                WebSite::ResetTestFlag()
                0x5005ad54                FormatCycleResults()
                0x5005aee6                WebSite::DownLoadRequest(char*, char*)
                0x50056372                WebSite::ProcessTestCommand(char*, WebCommand)
                0x500530ae                WebSite::CheckForWebTestCommand()
                0x50059372                WebSite::ProcessDiagnosticIOCommand(char*, WebCommand)
                0x50053280                WebSite::HandleInitiateUpload()
                0x50056a0c                WebSite::UpdateHDParamVal(char*, WebCommand)
                0x50053ffa                GetCurrentStateOnManufacturing()
                0x5005310a                WebSite::CheckForDiagnosticFlag()
                0x500533ec                WebSite::ProcessMFStartStopCommand(char*)
                0x50058548                WebSite::GetLanguageStrings(char*, char*)
                0x50053082                WebSite::GetUserID()
                0x5005323c                WebSite::ProcessResetCommand(char*, WebCommand)
                0x50053136                WebSite::CheckForMFBoardTestFlag()
                0x50053dd2                WebSite::PostResponse(char*, UserType)
                0x50052fd6                CalculatePowerinPercent(bool)
                0x50053c74                WebSite::ProcessPSTestOnLoad(char*, WebCommand)
                0x5005b04a                WebSite::WebFileUploadHandler(char*, int, char*, char*)
                0x50053696                WebSite::ViewGraphHornSignatureGetDatahandeler(char*, WebCommand)
                0x50057fc8                WebSite::DoDiagnosticLoopBack()
                0x5005a036                WebSite::GetIOConfigurationVal(char*, WebCommand)
 *fill*         0x5005b7be        0x2 00
 .text          0x5005b7c0      0x6f6 obj-DCP1D/UploadFirmWareTask_cpp.o
                0x5005ba50                UploadFirmware::ProgramFlash(char*, long, FlashArea)
                0x5005bbee                UploadFirmware::Run()
                0x5005b9e0                UploadFirmware::UploadFirmware()
                0x5005b7c0                UploadFirmware::ProgramFirmware(FileType, char*, int, char*)
                0x5005be46                UploadFirmware::UploadFirmware()
                0x5005b89a                UploadFirmware::ProgramCompressedTarRegionFlash(char*, int)
 *fill*         0x5005beb6        0x2 00
 .text          0x5005beb8      0x8c6 obj-DCP1D/WelderSearchTask_cpp.o
                0x5005c0d8                WelderSearchTask::CloseSocket()
                0x5005c2a8                WelderSearchTask::PrepareFDSets()
                0x5005c322                WelderSearchTask::Run()
                0x5005bed4                WelderSearchTask::BroadcastwelderInfo()
                0x5005c104                WelderSearchTask::CreateAndBindSocket()
                0x5005c072                WelderSearchTask::Poll()
                0x5005c534                WelderSearchTask::WelderSearchTask(int)
                0x5005bf38                WelderSearchTask::RefreshWelderInfo()
                0x5005c196                WelderSearchTask::WelderSearchTask(int)
                0x5005c248                WelderSearchTask::GetWeldersInformation(WelderInfoParam*)
                0x5005c5e6                WelderSearchTask::Tick()
                0x5005bfa2                WelderSearchTask::AddWelderInfo(WelderInfoParam)
                0x5005c0b2                WelderSearchTask::NonBlock()
                0x5005beb8                WelderSearchTask::GetWelderCount()
 *fill*         0x5005c77e        0x2 00
 .text          0x5005c780      0x154 obj-DCP1D/ShutDownTask_cpp.o
                0x5005c82c                ShutDownTask::ShutDownTask()
                0x5005c86a                ShutDownTask::Run()
                0x5005c7ee                ShutDownTask::ShutDownTask()
                0x5005c780                ShutDownTask::CheckForShutDown()
 .text          0x5005c8d4      0x2ca obj-DCP1D/FirmwareUpgrade_cpp.o
                0x5005caea                FirmwareUpgradeTask::Run()
                0x5005c8dc                FirmwareUpgradeTask::FirmwareUpgradeTask(int)
                0x5005c8d4                FirmwareUpgradeTask::SendFirmwareUpgradeProgressToWebsite(char*)
                0x5005ca18                FirmwareUpgradeTask::FUWriteQueue(FirmwareUpgradeCommand const&)
                0x5005c97a                FirmwareUpgradeTask::FirmwareUpgradeTask(int)
 *fill*         0x5005cb9e        0x2 00
 .text          0x5005cba0      0x83a obj-DCP1D/BroadcastWR_cpp.o
                0x5005cbfa                BroadcastWR::StartSendResults(char*, WRCommand)
                0x5005cba0                BroadcastWR::KeepAlive(char*, WRCommand)
                0x5005d342                BroadcastWR::~BroadcastWR()
                0x5005d318                BroadcastWR::~BroadcastWR()
                0x5005cd26                BroadcastWR::EstablishConnection(char*, WRCommand)
                0x5005d358                BroadcastWR::~BroadcastWR()
                0x5005d3a4                BroadcastWR::BroadcastWR(long)
                0x5005d076                BroadcastWR::Parser(char*)
                0x5005ce2e                BroadcastWR::SendWR()
                0x5005d180                BroadcastWR::Run()
                0x5005d36e                BroadcastWR::BroadcastWR(long)
 *fill*         0x5005d3da        0x2 00
 .text          0x5005d3dc       0x1c obj-DCP1D/UtilsWR_cpp.o
                0x5005d3dc                UtilsWR::Clean(char*)
 .text          0x5005d3f8      0x2ce C:/RTOS-DCP1D/libRTOS-DCP1D.a(Board_cpp.o)
                0x5005d506                Board::UpdateLEDs(unsigned char*)
                0x5005d5aa                Board::FreeAlignedNoCache(void*)
                0x5005d590                Board::SetupSlowCS8bit(int, int, void volatile*)
                0x5005d47e                Board::StopTimer(int)
                0x5005d520                Board::GetSPI(int, int, int)
                0x5005d5c8                Board::AllocAlignedNoCache(unsigned long, int)
                0x5005d48a                Board::StartTimer(int)
                0x5005d3f8                Board::InitRTC()
                0x5005d64a                Board::Init(bool)
                0x5005d496                Board::InstallTimer(int, void (*)(), int)
                0x5005d400                Board::GetRTCTime()
                0x5005d40a                Board::GetI2C(int, int, int)
 *fill*         0x5005d6c6        0x2 00
 .text          0x5005d6c8       0xd4 C:/RTOS-DCP1D/libRTOS-DCP1D.a(LED_cpp.o)
                0x5005d6de                LED::Set(int, int)
                0x5005d758                LED::Init()
                0x5005d6c8                LED::SetAll(unsigned char*)
 .text          0x5005d79c       0x44 C:/RTOS-DCP1D/libRTOS-DCP1D.a(BoardNet_cpp.o)
                0x5005d79c                Board::GetMII(int)
 .text          0x5005d7e0       0x2e C:/RTOS-DCP1D/libRTOS-DCP1D.a(BoardFlash_cpp.o)
                0x5005d7e0                Board::GetFlash()
 *fill*         0x5005d80e        0x2 00
 .text          0x5005d810      0x47a C:/RTOS-DCP1D/libRTOS-DCP1D.a(54455_CPU_cpp.o)
                0x5005d810                CPU::InstallTaskSwitchRoutine(void (*)())
                0x5005d8ae                CPU::Restart()
                0x5005d8b6                CPU::ClearExternalInterrupt(int)
                0x5005d980                CPU::InstallRtosTimer(int, void (*)(), int)
                0x5005d8f2                CPU::DisableExternalInterrupt(int)
                0x5005d822                CPU::DelayMs(int)
                0x5005d860                CPU::DelayUs(int)
                0x5005d9da                CPU::SetupHandler(void (*)(int, void*), CpuInterrupt, int, int, int)
                0x5005db7e                CPU::SetupCS8bit(int, int, int, void volatile*)
                0x5005d93c                CPU::EnableExternalInterrupt(int)
                0x5005dade                CPU::InitExternalInterrupt(void (*)(int, void*), int, int, int, CpuInterruptMode, bool)
 *fill*         0x5005dc8a        0x2 00
 .text          0x5005dc8c      0x908 C:/RTOS-DCP1D/libRTOS-DCP1D.a(54455_Exception_cpp.o)
                0x5005dc8c                Exception::Init()
                0x5005dca8                Exception::DefaultHandler(int, void*)
                0x5005e482                Exception::FirstHandler(void*)
                0x5005e446                Exception::Set(int, void (*)(int, void*), int)
 .text          0x5005e594      0x280 C:/RTOS-DCP1D/libRTOS-DCP1D.a(54455_Terminal_cpp.o)
                0x5005e5c4                Terminal::In()
                0x5005e646                Terminal::Out(int)
                0x5005e5f4                Terminal::Peek()
                0x5005e594                Terminal::OutPoll(int)
                0x5005e672                Terminal::Init()
                0x5005e618                Terminal::OutPoll(char*)
 .text          0x5005e814      0x58a C:/RTOS-DCP1D/libRTOS-DCP1D.a(54455_PIT_cpp.o)
                0x5005ed44                PIT::IntHandler2(int, void*)
                0x5005e8d0                PIT::StartInt(int)
                0x5005e88e                PIT::StopInt(int)
                0x5005e836                PIT::IntHandler1(int, void*)
                0x5005eada                PIT::PIT(int, int, int, int, void (*)(), int)
                0x5005e814                PIT::ResetInt(int)
                0x5005ec92                PIT::IntHandler0(int, void*)
                0x5005e922                PIT::PIT(int, int, int, int, void (*)(), int)
                0x5005ecea                PIT::IntHandler3(int, void*)
 *fill*         0x5005ed9e        0x2 00
 .text          0x5005eda0      0x8da C:/RTOS-DCP1D/libRTOS-DCP1D.a(54455_Serial_cpp.o)
                0x5005f4a0                Serial::Send(Task*, unsigned char, int)
                0x5005f340                Serial::Serial(int, int)
                0x5005edca                Serial::EnableUARTInterrupt()
                0x5005ee12                Serial::IntHandler()
                0x5005eda0                Serial::WriteIMR(int)
                0x5005f07a                Serial::Init(int, int, int, int, bool)
                0x5005f3f0                Serial::Serial(int, int)
                0x5005f5ee                Serial::Receive(Task*, unsigned char&, int)
                0x5005f010                Serial::IntHandler(int, void*)
                0x5005f53a                Serial::FlushOutputBuffer()
 *fill*         0x5005f67a        0x2 00
 .text          0x5005f67c       0x5c C:/RTOS-DCP1D/libRTOS-DCP1D.a(54455_Cache_cpp.o)
                0x5005f67c                Cache::Init(int, int)
 .text          0x5005f6d8      0x360 C:/RTOS-DCP1D/libRTOS-DCP1D.a(54455_MMU_cpp.o)
                0x5005f6d8                MMU::Map(int, int, int, int, int, int, int, int, int)
                0x5005f7a2                MMU::Init()
                0x5005f96c                MMU::AccessError(void*)
                0x5005f734                MMU::Map(unsigned long)
 .text          0x5005fa38      0x99c C:/RTOS-DCP1D/libRTOS-DCP1D.a(54455_DSPI_cpp.o)
                0x5006031e                DSPI::DSPI(int, int, int)
                0x5005fdf6                DSPI::LongWordTransfer(int, unsigned char*, int, int)
                0x5005fd8e                DSPI::ReadInput()
                0x5005fda8                DSPI::SetSignals(int, int, int)
                0x5005fa38                DSPI::ConfigureSPIPins()
                0x500602fe                DSPI::~DSPI()
                0x5005fdc2                DSPI::EnableGPIO()
                0x50060078                DSPI::EnableSPI(bool, int, int, bool, bool)
                0x50060228                DSPI::~DSPI()
                0x50060248                DSPI::DSPI(int, int, int)
                0x5005fd5c                DSPI::InterruptHandler(int, void*)
                0x5005ff34                DSPI::GetBaudRate(unsigned long, unsigned long, bool, bool)
                0x5005fa50                DSPI::SingleTransfer(int, unsigned short*, int, bool)
                0x5005fbec                DSPI::IntHandler()
                0x5005fddc                DSPI::ReadByte(unsigned char, int)
 .text          0x500603d4      0x5ac C:/RTOS-DCP1D/libRTOS-DCP1D.a(54455_I2C_cpp.o)
                0x5006045a                I2C::I2C(int, int, int, int)
                0x5006095a                I2C::Release()
                0x500603d4                I2C::InterruptHandler()
                0x50060402                I2C::Acquire(int)
                0x500606aa                I2C::Read(int, int, int, unsigned char*, int&, int)
                0x50060582                I2C::I2C(int, int, int, int)
                0x500603dc                I2C::WaitForInterrupt()
                0x50060434                I2C::InterruptHandler(int, void*)
                0x50060866                I2C::Write(int, int, int, unsigned char const*, int)
 .text          0x50060980       0x3e C:/RTOS-DCP1D/libRTOS-DCP1D.a(54455_CPU_asm.o)
                0x5006099a                CPU::MultiBootInit()
                0x50060980                CPU::Init()
                0x500609b4                CPU::SwitchStack(void*)
 *fill*         0x500609be        0x2 00
 .text          0x500609c0       0x3a C:/RTOS-DCP1D/libRTOS-DCP1D.a(54455_Exception_asm.o)
                0x500609c0                AsmExceptionHandler
 *fill*         0x500609fa        0x2 00
 .text          0x500609fc       0x2c C:/RTOS-DCP1D/libRTOS-DCP1D.a(54455_MCF5445xRTOS_asm.o)
                0x50060a0e                RTOS::ExecuteFirstTask()
                0x500609fc                RTOS::TaskSwitch()
 .text          0x50060a28       0x6e C:/RTOS-DCP1D/libRTOS-DCP1D.a(MCF_ArchDefs_cpp.o)
                0x50060a3a                ExitCritical(short)
                0x50060a28                EnterCritical()
                0x50060a7c                __cxa_pure_virtual
                0x50060a74                __cxa_atexit
                0x50060a48                DisableInterrupts()
                0x50060a6c                __cxa_guard_release
                0x50060a56                EnableInterrupts()
                0x50060a64                __cxa_guard_acquire
 *fill*         0x50060a96        0x2 00
 .text          0x50060a98       0xa4 C:/RTOS-DCP1D/libRTOS-DCP1D.a(MCF_MemoryInit_asm.o)
                0x50060a98                MemoryInit
 .text          0x50060b3c       0x6a C:/RTOS-DCP1D/libRTOS-DCP1D.a(MCF_ArchDefs_asm.o)
                0x50060b3c                memcpy
 *fill*         0x50060ba6        0x2 00
 .text          0x50060ba8       0xa8 C:/RTOS-DCP1D/libRTOS-DCP1D.a(stdlib_Assert_cpp.o)
                0x50060ba8                SystemCrash(char*, char*, int)
                0x50060bfc                AssertFailed(char*, char*, int)
 .text          0x50060c50      0xbe6 C:/RTOS-DCP1D/libRTOS-DCP1D.a(stdlib_Alloc_cpp.o)
                0x50060cde                MemHeader::FillDeallocatedData()
                0x500610d6                operator new(unsigned long)
                0x50060d9a                InitMemoryAllocation(int, int, int, int)
                0x5006107c                malloc
                0x50061404                MemHeader::SafetyTest(bool)
                0x5006182c                operator delete(void*)
                0x5006112a                operator new[](unsigned long, char*, int)
                0x50061350                ShowMemory
                0x50061098                calloc
                0x50060de8                MallocAlignedNoCache
                0x50060dd2                FreeAlignedNoCache
                0x50061062                mallocNoInit
                0x50060c50                MemHeader::FillSafetyAreas(bool)
                0x50061146                MemHeader::PTrace()
                0x500610f2                operator new(unsigned long, char*, int)
                0x5006110e                operator new[](unsigned long)
                0x50060df4                CallocAlignedNoCache
                0x50061590                CheckMemory(char*, char*)
                0x50061606                free
 *fill*         0x50061836        0x2 00
 .text          0x50061838      0x968 C:/RTOS-DCP1D/libRTOS-DCP1D.a(stdlib_PrintF_cpp.o)
                0x500620be                putchar
                0x5006205c                printf
                0x50062126                puts
                0x50061fec                sprintf
                0x5006202a                pprintf
 .text          0x500621a0      0x4cc C:/RTOS-DCP1D/libRTOS-DCP1D.a(stdlib_String_cpp.o)
                0x5006225a                strcpy
                0x500624d4                strrchr
                0x50062344                stricmp
                0x50062226                strcat
                0x500622e8                memchr
                0x50062520                strstr
                0x50062428                strncmp
                0x50062616                memmove(void*, void const*, unsigned int)
                0x50062586                strncpy
                0x50062282                memcmp
                0x500625ce                strdup
                0x500621a0                memset
                0x500622ba                strcmp
                0x500623ba                strnicmp
                0x5006249c                strupr
                0x50062202                strlen
                0x5006231c                strchr
 .text          0x5006266c      0x114 C:/RTOS-DCP1D/libRTOS-DCP1D.a(stdlib_StdLib_cpp.o)
                0x500626de                xtoi
                0x5006274e                otoi
                0x5006266c                atoi
 .text          0x50062780      0x150 C:/RTOS-DCP1D/libRTOS-DCP1D.a(API_CyGOS_cpp.o)
                0x500627d0                CyGOS::InstallTimer(int, void (*)(), int)
                0x500627b8                CyGOS::StopTimer(int)
                0x50062788                CyGOS::DisableWatchDog()
                0x500627a0                CyGOS::EnableWatchDog()
                0x500628b8                CyGOS::Start(int)
                0x50062780                CyGOS::Restart()
                0x500628ac                CyGOS::Stop()
                0x50062794                CyGOS::KickWatchDog()
                0x50062804                CyGOS::CreateLedTasks(int, int, void (*)(int, int))
                0x500627f8                CyGOS::PrintStatus(PrintStatusMode)
                0x500628c4                CyGOS::Init()
                0x500627dc                CyGOS::CreateTask(Task*, int&)
                0x500627c4                CyGOS::StartTimer(int)
                0x500627ac                CyGOS::InitWatchDog()
 .text          0x500628d0      0x5ec C:/RTOS-DCP1D/libRTOS-DCP1D.a(API_TCPIP_cpp.o)
                0x500628d0                CyGOS::GetNetworkInterface(int)
                0x50062928                CyGOS::SetupInterface(int, bool, bool)
                0x50062d7c                CyGOS::SetGW(int, unsigned long)
                0x50062bde                CyGOS::GetSubnetMaskStr(int)
                0x50062ce4                CyGOS::CreateDhcpServerTask(int, DhcpServerConfiguration&, int&)
                0x50062ae4                CyGOS::GetGatewayAddress(int)
                0x50062e18                CyGOS::SetupAddress(int, unsigned long, unsigned long)
                0x50062b44                CyGOS::GetIPAddress(int)
                0x50062986                CyGOS::CreateTcpipTasks(int&)
                0x50062c52                CyGOS::CreateDNSServerTask(int, int&)
                0x50062c18                CyGOS::GetIPAddressStr(int)
                0x500629d4                CyGOS::AddTcpInterface(int, int&, unsigned char*)
                0x500628fc                CyGOS::GetNetworkConfiguration(int)
                0x50062ba4                CyGOS::GetGatewayAddressStr(int)
                0x50062dc8                CyGOS::IsNetworkConfigured(int)
                0x50062b14                CyGOS::GetSubnetMask(int)
                0x50062e6a                CyGOS::SetupHostName(int, char*)
                0x50062b74                CyGOS::IsDhcpEnabled(int)
                0x50062ab0                CyGOS::GetMacAddress(int)
 .text          0x50062ebc      0x2fc C:/RTOS-DCP1D/libRTOS-DCP1D.a(API_LinkedList_cpp.o)
                0x50062f3c                LinkedListBase::GetNext(void*&) const
                0x50062ee0                LinkedListBase::GetCount() const
                0x50062fd8                LinkedListBase::RemoveTail()
                0x500630a2                LinkedListBase::~LinkedListBase()
                0x5006304c                LinkedListBase::AddHead(void*)
                0x50062ece                LinkedListBase::LinkedListBase()
                0x50062f1e                LinkedListBase::GetTail() const
                0x5006315e                LinkedListBase::AddTail(void*)
                0x50062f6a                LinkedListBase::RemoveAt(void*)
                0x500630e0                LinkedListBase::RemoveHead()
                0x5006300e                LinkedListBase::~LinkedListBase()
                0x50063114                LinkedListBase::Find(void*) const
                0x50062f02                LinkedListBase::GetHead() const
                0x50062ebc                LinkedListBase::LinkedListBase()
 .text          0x500631b8      0x260 C:/RTOS-DCP1D/libRTOS-DCP1D.a(API_FileSystems_cpp.o)
                0x500631f0                CyGOS::FileClose(void*)
                0x50063352                CyGOS::ReadSector(int, int, int, void*)
                0x50063242                CyGOS::InitDriveImage(int, void*, int)
                0x500631b8                CyGOS::FileLength(void*)
                0x5006332e                CyGOS::WriteSector(int, int, int, void*)
                0x5006320a                CyGOS::FileOpen(char const*, int, File**)
                0x50063262                DecompressTarRegionFlash(int)
                0x5006322a                CyGOS::RemoveDrive(int)
                0x500633c0                CyGOS::InitFileSystems(int&)
                0x50063376                CyGOS::CreateBlockDevice(BlockDevice*, char const*, int&)
                0x500631d0                CyGOS::FileRead(void*, void*, int*)
 .text          0x50063418      0x1b2 C:/RTOS-DCP1D/libRTOS-DCP1D.a(API_TFTP_cpp.o)
                0x50063538                CyGOS::TftpReceive(int, char*, int*, void*)
                0x50063418                CyGOS::TftpReceive(int, char*, int*, void*, ip_addr)
                0x500634a6                CyGOS::CreateTftpClientTask(int, int&)
 *fill*         0x500635ca        0x2 00
 .text          0x500635cc      0x37e C:/RTOS-DCP1D/libRTOS-DCP1D.a(API_HTTP_cpp.o)
                0x500636ec                CyGOS::CreateHttpServerTask(int, int, int&)
                0x50063800                CyGOS::AddHttpFileUploadHandler(int, int, bool (*)(char*, int, char*, char*))
                0x500638dc                CyGOS::AddHttpPostHandler(int, int, bool (*)(char*, char*, HTTPReplyHeader&))
                0x50063680                CyGOS::AddHttpGetHandler(int, int, bool (*)(char*, HTTPReplyHeader&))
                0x5006386e                CyGOS::AddTickCallbackForWebSite(int, int, void (*)(int))
 *fill*         0x5006394a        0x2 00
 .text          0x5006394c      0x81e C:/RTOS-DCP1D/libRTOS-DCP1D.a(API_Decode_cpp.o)
                0x50063f94                FileDecode::Decode()
                0x50063a40                FileDecode::UpdateModel(int)
                0x50064158                FileDecode::~FileDecode()
                0x5006394c                FileDecode::FileDecode()
                0x50063e8e                FileDecode::StartModel()
                0x50064102                FileDecode::Release()
                0x50064146                FileDecode::~FileDecode()
                0x500639f6                FileDecode::BinarySearchSym(unsigned int)
                0x50063c80                FileDecode::BinarySearchPos(unsigned int)
                0x5006407a                FileDecode::UnCompress(unsigned char*, int&)
                0x50063ccc                FileDecode::DecodePosition()
                0x5006397e                FileDecode::FileDecode()
                0x50064120                FileDecode::~FileDecode()
                0x50063e66                FileDecode::Error(char*)
                0x50063e10                FileDecode::StartDecode()
                0x500639b0                FileDecode::GetBit()
                0x50063b2a                FileDecode::DecodeChar()
 *fill*         0x5006416a        0x2 00
 .text          0x5006416c      0x2b4 C:/RTOS-DCP1D/libRTOS-DCP1D.a(RTOS_FIFO_cpp.o)
                0x50064250                FifoBase::WriteTest(Task*, int)
                0x50064194                FifoBase::FifoBase(int, int, char const*)
                0x50064206                FifoBase::WriteCleanup()
                0x5006416c                FifoBase::FifoBase(int, int, char const*)
                0x500641bc                FifoBase::ReadCleanup()
                0x50064374                FifoBase::ReadTest(Task*, int)
 .text          0x50064420      0x7b8 C:/RTOS-DCP1D/libRTOS-DCP1D.a(RTOS_RTOS_cpp.o)
                0x5006477c                RTOS::Delete(Task*)
                0x500648f2                RTOS::Create(Task*, int)
                0x50064a82                RTOS::Init()
                0x5006466c                RTOS::DelayUs(int)
                0x50064492                RTOS::RemoveFromTickChain(Task*)
                0x50064b60                RTOS::Create(Task*, int, int)
                0x500644de                RTOS::PrintStatus(PrintStatusMode)
                0x50064a4e                IdleTask::IdleTask()
                0x50064980                RTOS::Start(int)
                0x50064420                IdleTask::Run()
                0x50064b2c                IdleTask::IdleTask()
                0x500646c0                RTOS::DelayMs(int)
                0x5006443e                RTOS::InsertIntoTickChain(Task*)
                0x50064814                RTOS::TickHandler()
                0x500647e8                RTOS::Stop()
                0x50064712                RTOS::Schedule()
 .text          0x50064bd8      0x3f8 C:/RTOS-DCP1D/libRTOS-DCP1D.a(RTOS_Task_cpp.o)
                0x50064dfc                Task::Suspend()
                0x50064c2a                TaskBase::~TaskBase()
                0x50064cd0                Task::Task(char*, int)
                0x50064c7e                Task::~Task()
                0x50064f04                Task::Delay(long)
                0x50064c3c                TaskBase::~TaskBase()
                0x50064bd8                TaskBase::Tick()
                0x50064bfa                TaskBase::Run()
                0x50064f74                Task::Wakeup()
                0x50064be0                Task::ReturnFromTask()
                0x50064c4e                Task::~Task()
                0x50064c14                TaskBase::~TaskBase()
                0x50064d66                Task::Task(char*, int)
                0x50064ca6                Task::~Task()
                0x50064e62                Task::Resume()
 .text          0x50064fd0      0x344 C:/RTOS-DCP1D/libRTOS-DCP1D.a(RTOS_PrintfTask_cpp.o)
                0x50064fd0                getcharWait
                0x5006501c                gets
                0x50065126                PrintfTask::Run()
                0x50065210                PrintfTask::PrintfTask()
                0x5006500e                getchar
                0x5006509c                PrintfTask::Print(unsigned char)
                0x50065292                PrintfTask::PrintfTask()
 .text          0x50065314      0x36e C:/RTOS-DCP1D/libRTOS-DCP1D.a(RTOS_Debug_cpp.o)
                0x500655b4                Debug::Poll()
                0x50065414                Debug::ReadMemory(int, int)
                0x500654a8                Debug::Run()
                0x50065388                Debug::ReadLine()
                0x50065314                Debug::HexToInt(char*&, int)
                0x50065648                Debug::Init()
                0x500655f8                Debug::Debug(int)
                0x50065620                Debug::Debug(int)
 *fill*         0x50065682        0x2 00
 .text          0x50065684      0x34e C:/RTOS-DCP1D/libRTOS-DCP1D.a(RTOS_Mutex_cpp.o)
                0x50065724                Mutex::Release(Task*)
                0x50065956                Mutex::Mutex(char*)
                0x50065820                Mutex::Acquire(Task*, int)
                0x50065684                Mutex::~Mutex()
                0x500656d4                Mutex::~Mutex()
                0x50065808                Mutex::Unlock()
                0x500659b6                Mutex::Lock()
                0x50065986                Mutex::Mutex(char*)
 *fill*         0x500659d2        0x2 00
 .text          0x500659d4      0x572 C:/RTOS-DCP1D/libRTOS-DCP1D.a(RTOS_LedTasks_cpp.o)
                0x50065b60                TaskFastLed::TaskFastLed(int)
                0x50065c02                TaskSlowLed::TaskSlowLed(int)
                0x50065af4                TaskDispLed::TaskDispLed(void (*)(int, int))
                0x50065b96                TaskFastLed::TaskFastLed(int)
                0x50065b2a                TaskDispLed::TaskDispLed(void (*)(int, int))
                0x50065bcc                TaskSlowLed::TaskSlowLed(int)
                0x500659d4                TaskDispLed::Run()
                0x50065e2e                TaskFastLed::Run()
                0x50065c38                TaskSlowLed::Run()
 *fill*         0x50065f46        0x2 00
 .text          0x50065f48      0x5f0 C:/RTOS-DCP1D/libRTOS-DCP1D.a(Net_Ethernet_cpp.o)
                0x5006610a                HasLocalIP(ip_addr)
                0x5006600e                Ethernet::~Ethernet()
                0x500662b0                Ethernet::Run()
                0x500661b4                Ethernet::~Ethernet()
                0x50065ff8                netif_loop_output(Ethernet*, PktBuf*, ip_addr*)
                0x50066210                Ethernet::Ethernet(FEC*)
                0x50065f48                Ethernet::GetHardwareAddress() const
                0x50065fbc                Ethernet::low_level_output(PktBuf*)
                0x5006606a                Ethernet::Ethernet(FEC*)
                0x50066158                Ethernet::~Ethernet()
 .text          0x50066538      0x108 C:/RTOS-DCP1D/libRTOS-DCP1D.a(Net_LAN8701_cpp.o)
                0x500665e0                LAN8701::LAN8701(int, int)
                0x50066578                LAN8701::~LAN8701()
                0x50066538                LAN8701::~LAN8701()
                0x50066610                LAN8701::LAN8701(int, int)
                0x5006658e                LAN8701::Verify()
                0x50066562                LAN8701::~LAN8701()
 .text          0x50066640      0x8fa C:/RTOS-DCP1D/libRTOS-DCP1D.a(Net_TcpIp_cpp.o)
                0x50066d2a                TcpIp::~TcpIp()
                0x500667a8                TcpIp::Tick100ms()
                0x50066640                TcpIp::AddNetIf(Ethernet*)
                0x50066d66                TcpIp::~TcpIp()
                0x500666b8                TcpIp::Tick()
                0x50066aa6                TcpIp::TcpIp()
                0x50066a62                TcpIp::~TcpIp()
                0x50066e74                TcpIp::SendApiMessage(api_msg*)
                0x50066da2                TcpIp::SendCallbackMessage(void (*)(void*), void*)
                0x500668ea                TcpIp::Run()
                0x50066b70                TcpIp::AddCustomProtocol(unsigned short, protocolHandler*, Ethernet*)
                0x50066c18                TcpIp::InitCustom()
                0x50066c60                TcpIp::TcpIp()
 *fill*         0x50066f3a        0x2 00
 .text          0x50066f3c      0x920 C:/RTOS-DCP1D/libRTOS-DCP1D.a(Net_PktBuf_cpp.o)
                0x50067450                pbuf_free(PktBuf*)
                0x50066ff2                pbuf_chain(PktBuf*, PktBuf*)
                0x50066f3c                pbuf_clen(PktBuf*)
                0x50066f76                pbuf_cat(PktBuf*, PktBuf*)
                0x50067016                pbuf_take(PktBuf*, void const*, int)
                0x500672e4                alloc_pool_pbuf()
                0x500677f6                pbuf_coalesce(PktBuf*, pbuf_layer)
                0x50067108                pbuf_copy_partial(PktBuf*, void*, int, int)
                0x500675b8                pbuf_alloc(pbuf_layer, int, pbuf_type)
                0x50067556                pbuf_realloc(PktBuf*, int)
                0x500674c4                pbuf_dechain(PktBuf*)
                0x50067340                pbuf_header(PktBuf*, int)
                0x50066f5c                pbuf_ref(PktBuf*)
                0x50067196                pbuf_copy(PktBuf*, PktBuf*)
 .text          0x5006785c      0xdf2 C:/RTOS-DCP1D/libRTOS-DCP1D.a(Net_ARP_cpp.o)
                0x50067a6a                etharp_gratuitous(Ethernet*)
                0x50067a80                free_etharp_q(ArpQueueEntry*)
                0x50068558                arp_input(PktBuf*, Ethernet*)
                0x500683c8                etharp_ip_input(Ethernet*, PktBuf*)
                0x500678c8                etharp_raw(Ethernet*, EthAddr const*, EthAddr const*, EthAddr const*, ip_addr const*, EthAddr const*, ip_addr const*, unsigned short)
                0x5006785c                arp_init()
                0x5006845e                etharp_output(Ethernet*, PktBuf*, ip_addr*)
                0x50068208                etharp_arp_input(Ethernet*, EthAddr*, PktBuf*)
                0x50067864                etharp_send_ip(Ethernet*, PktBuf*, EthAddr*, EthAddr*)
                0x50067e66                etharp_find_addr(Ethernet*, ip_addr*, EthAddr**, ip_addr**)
                0x50067a22                etharp_request(Ethernet*, ip_addr*)
                0x50067b9e                find_entry(ip_addr*, unsigned char)
                0x500680be                update_arp_entry(Ethernet*, ip_addr*, EthAddr*, unsigned char)
                0x50067b18                etharp_tmr()
                0x50067ec8                etharp_query(Ethernet*, ip_addr*, PktBuf*)
 *fill*         0x5006864e        0x2 00
 .text          0x50068650     0x162a C:/RTOS-DCP1D/libRTOS-DCP1D.a(Net_IPv4_cpp.o)
                0x500692bc                ip_output_if_opt(PktBuf*, ip_addr*, ip_addr*, int, int, int, Ethernet*, void*, int)
                0x500688c6                ResolveGateway(ip_addr*, ip_addr*, Ethernet*)
                0x50069b6c                ip_forward(PktBuf*, IPv4Header*, Ethernet*)
                0x50068650                PrintAddress(ip_addr*)
                0x50068dc8                ip_reass(PktBuf*)
                0x500687d4                inet_chksum_pbuf(PktBuf*)
                0x50069632                inet_chksum_pseudo(PktBuf*, ip_addr*, ip_addr*, int, int)
                0x50068ba2                ip_frag(PktBuf*, Ethernet*, ip_addr*)
                0x50069584                ip_output(PktBuf*, ip_addr*, ip_addr*, int, int, int)
                0x50069c42                PrintRoutingTable()
                0x50068784                inet_chksum(void*, int)
                0x500686da                ip_check(Ethernet*, IPv4Header*)
                0x5006961c                ip_init()
                0x50068678                ip_addr_isbroadcast(ip_addr*, Ethernet*)
                0x50068658                ip_addr_ismulticast(ip_addr*)
                0x50069750                set_route(unsigned long, unsigned long, unsigned long, unsigned long, unsigned long)
                0x5006879a                IP_ADDRESSES_AND_ID_MATCH(IPv4Header*, IPv4Header*)
                0x50068ad0                ip_reass_tmr()
                0x500697f8                ip_input(PktBuf*, Ethernet*)
                0x50069500                ip_route(ip_addr*, ip_addr*)
                0x500695dc                ip_addr::ToString()
                0x500694d4                ip_output_if(PktBuf*, ip_addr*, ip_addr*, int, int, int, Ethernet*)
 *fill*         0x50069c7a        0x2 00
 .text          0x50069c7c      0x41e C:/RTOS-DCP1D/libRTOS-DCP1D.a(Net_Raw_cpp.o)
                0x50069ec2                recv_raw(void*, RawSocket*, PktBuf*, ip_addr*)
                0x5006a06e                raw_connect(RawSocket*, ip_addr*)
                0x50069fd0                raw_new(int)
                0x5006a046                raw_bind(RawSocket*, ip_addr*)
                0x50069c7c                raw_init()
                0x50069d20                raw_recv(RawSocket*, bool (*)(void*, RawSocket*, PktBuf*, ip_addr*), void*)
                0x50069d90                raw_sendto(RawSocket*, PktBuf*, ip_addr*)
                0x50069d38                raw_remove(RawSocket*)
                0x50069c84                raw_input(PktBuf*, Ethernet*)
                0x50069ea8                raw_send(RawSocket*, PktBuf*)
 *fill*         0x5006a09a        0x2 00
 .text          0x5006a09c     0x3dee C:/RTOS-DCP1D/libRTOS-DCP1D.a(Net_TCP_cpp.o)
                0x5006cb3e                tcp_slowtmr()
                0x5006b032                tcp_keepalive(TcpSocket*)
                0x5006cfe4                tcp_process(TcpSocket*)
                0x5006a554                err_tcp(void*, int)
                0x5006a626                recv_tcp(void*, TcpSocket*, PktBuf*, int)
                0x5006c860                tcp_abandon(TcpSocket*, bool)
                0x5006a3e8                setup_tcp(NetConn*)
                0x5006a768                tcp_pcb_purge(TcpSocket*)
                0x5006a18c                tcp_output_set_header(TcpSocket*, PktBuf*, int, unsigned long)
                0x5006c66a                tcp_listen_with_backlog(TcpSocket*, int)
                0x5006aecc                tcp_write(TcpSocket*, void const*, int, int)
                0x5006a136                tcp_err(TcpSocket*, void (*)(void*, int))
                0x5006a844                tcp_eff_send_mss(int, ip_addr*)
                0x5006a100                tcp_arg(TcpSocket*, void*)
                0x5006c750                tcp_connect(TcpSocket*, ip_addr*, int, int (*)(void*, TcpSocket*, int))
                0x5006b7e0                tcp_recved(TcpSocket*, int)
                0x5006b870                tcp_ack(TcpSocket*)
                0x5006b616                tcp_rexmit(TcpSocket*)
                0x5006a21c                tcp_parseopt(TcpSocket*)
                0x5006d6b6                tcp_listen_input(TcpSocketListen*)
                0x5006d880                tcp_new()
                0x5006cade                tcp_kill_prio(int)
                0x5006b1e6                tcp_output_segment(TcpSeg*, TcpSocket*)
                0x5006a8de                tcp_enqueue(TcpSocket*, void*, int, int, int, int)
                0x5006b676                tcp_rexmit_rto(TcpSocket*)
                0x5006af36                tcp_send_ctrl(TcpSocket*, int)
                0x5006a704                tcp_seg_free(TcpSeg*)
                0x5006b78a                tcp_timewait_input(TcpSocket*)
                0x5006a2d8                tcp_update_rcv_ann_wnd(TcpSocket*)
                0x5006caac                tcp_recv_null(void*, TcpSocket*, PktBuf*, int)
                0x5006de2a                tcp_tmr()
                0x5006a172                tcp_next_iss()
                0x5006b6b4                tcp_pcb_remove(TcpSocket**, TcpSocket*)
                0x5006b0ec                tcp_rst(unsigned long, unsigned long, ip_addr*, ip_addr*, int, int)
                0x5006a15a                tcp_poll(TcpSocket*, int (*)(void*, TcpSocket*), int)
                0x5006a148                tcp_accept(TcpSocket*, int (*)(void*, TcpSocket*, int))
                0x5006a33c                tcp_new_port()
                0x5006d890                tcp_input(PktBuf*, Ethernet*)
                0x5006c95a                tcp_close(TcpSocket*)
                0x5006a888                tcp_seg_copy(TcpSeg*)
                0x5006a73a                tcp_segs_free(TcpSeg*)
                0x5006af54                tcp_zero_window_probe(TcpSocket*)
                0x5006a112                tcp_recv(TcpSocket*, int (*)(void*, TcpSocket*, PktBuf*, int))
                0x5006c51c                tcp_bind(TcpSocket*, ip_addr*, int)
                0x5006d5e4                tcp_alloc(int)
                0x5006a20a                tcp_setprio(TcpSocket*, int)
                0x5006d598                tcp_kill_timewait()
                0x5006a440                DebugPCBs()
                0x5006b8a0                tcp_receive(TcpSocket*)
                0x5006a0ee                tcp_init()
                0x5006ddaa                tcp_fasttmr()
                0x5006a0f6                tcp_accept_null(void*, TcpSocket*, int)
                0x5006a124                tcp_sent(TcpSocket*, int (*)(void*, TcpSocket*, int))
                0x5006b776                tcp_ack_now(TcpSocket*)
                0x5006b31a                tcp_output(TcpSocket*)
 *fill*         0x5006de8a        0x2 00
 .text          0x5006de8c      0x82c C:/RTOS-DCP1D/libRTOS-DCP1D.a(Net_UDP_cpp.o)
                0x5006de94                udp_recv(UdpSocket*, void (*)(void*, UdpSocket*, PktBuf*, ip_addr*, int), void*)
                0x5006e44a                udp_disconnect(UdpSocket*)
                0x5006df18                udp_bind(UdpSocket*, ip_addr*, int)
                0x5006e238                udp_send(UdpSocket*, PktBuf*)
                0x5006e3c2                udp_connect(UdpSocket*, ip_addr*, int)
                0x5006e1be                udp_sendto(UdpSocket*, PktBuf*, ip_addr*, int)
                0x5006e2ae                recv_udp(void*, UdpSocket*, PktBuf*, ip_addr*, int)
                0x5006e46a                udp_input(PktBuf*, Ethernet*)
                0x5006e006                udp_sendto_if(UdpSocket*, PktBuf*, ip_addr*, int, Ethernet*)
                0x5006de8c                udp_init()
                0x5006e256                udp_remove(UdpSocket*)
                0x5006deac                udp_new()
 .text          0x5006e6b8      0x3dc C:/RTOS-DCP1D/libRTOS-DCP1D.a(Net_ICMP_cpp.o)
                0x5006e7c2                icmp_dest_unreach(PktBuf*, icmp_dur_type)
                0x5006e7a2                icmp_time_exceeded(PktBuf*, icmp_te_type)
                0x5006e7e2                icmp_input(PktBuf*, Ethernet*)
                0x5006e6c0                icmp_send_response(PktBuf*, unsigned char, unsigned char)
                0x5006e6b8                icmp_init()
 .text          0x5006ea94      0xd96 C:/RTOS-DCP1D/libRTOS-DCP1D.a(Net_IGMP_cpp.o)
                0x5006f312                igmp_input(PktBuf*, Ethernet*, ip_addr*)
                0x5006f63a                igmp_leavegroup(ip_addr*, ip_addr*)
                0x5006ec3c                igmp_send(IgmpGroup*, int)
                0x5006ebfe                igmp_ip_output_if(PktBuf*, ip_addr*, ip_addr*, int, int, Ethernet*)
                0x5006eaf4                igmp_report_groups(Ethernet*)
                0x5006ea94                igmp_start_timer(IgmpGroup*, int)
                0x5006eb46                igmp_lookfor_group(Ethernet*, ip_addr*)
                0x5006ee52                igmp_tmr()
                0x5006f61e                igmp_init()
                0x5006eb7e                igmp_remove_group(IgmpGroup*)
                0x5006eb36                igmp_stop_timer(IgmpGroup*)
                0x5006f06c                igmp_start(Ethernet*)
                0x5006f134                igmp_joingroup(ip_addr*, ip_addr*)
                0x5006eaa6                igmp_delaying_member(IgmpGroup*, int)
                0x5006edd4                igmp_timeout(IgmpGroup*)
                0x5006ee96                igmp_lookup_group(Ethernet*, ip_addr*)
                0x5006efaa                igmp_stop(Ethernet*)
 *fill*         0x5006f82a        0x2 00
 .text          0x5006f82c     0x1b16 C:/RTOS-DCP1D/libRTOS-DCP1D.a(Net_DhcpClient_cpp.o)
                0x50070ed4                dhcp_timeout(Ethernet*)
                0x50070766                dhcp_handle_offer(Ethernet*)
                0x50071066                dhcp_recv(void*, UdpSocket*, PktBuf*, ip_addr*, int)
                0x500704f4                dhcp_renew(Ethernet*)
                0x50070396                dhcp_t2_timeout(Ethernet*)
                0x5006f82c                dhcp_init()
                0x5006fa9c                dhcp_option_string(DHCP*, char*, int)
                0x50070610                dhcp_select(Ethernet*)
                0x5006fe6e                dhcp_unfold_reply(DHCP*, PktBuf*)
                0x5006f852                dhcp_get_option_ptr(DHCP*, int)
                0x5006fbe6                dhcp_option_byte(DHCP*, int)
                0x5006f92e                dhcp_get_option_byte(unsigned char*)
                0x5006f93c                dhcp_get_option_long(unsigned char*)
                0x5006fb88                dhcp_option_short(DHCP*, int)
                0x500705dc                dhcp_t1_timeout(Ethernet*)
                0x500702ac                dhcp_rebind(Ethernet*)
                0x5006f966                dhcp_check(Ethernet*)
                0x500701f8                dhcp_decline(Ethernet*)
                0x50070ffe                dhcp_arp_reply(Ethernet*, ip_addr*)
                0x50070ca8                dhcp_handle_nak(Ethernet*)
                0x500712c2                dhcp_coarse_tmr()
                0x5006fe30                dhcp_free_reply(DHCP*)
                0x500703ca                dhcp_reboot(Ethernet*)
                0x50070f96                dhcp_fine_tmr()
                0x5006ffd8                dhcp_create_request(Ethernet*)
                0x5006ff5e                dhcp_delete_request(Ethernet*)
                0x50070b86                dhcp_release(Ethernet*)
                0x50070dae                dhcp_bind(Ethernet*)
                0x5006fc82                dhcp_handle_ack(Ethernet*)
                0x500707e0                dhcp_discover(Ethernet*)
                0x5006f9fe                dhcp_option_trailer(DHCP*)
                0x50070d04                netif_set_up(Ethernet*)
                0x5007092c                dhcp_start(Ethernet*)
                0x5006fc26                dhcp_option(DHCP*, int, int)
                0x50070af2                netif_set_down(Ethernet*)
                0x5006fb00                dhcp_option_long(DHCP*, long)
                0x5006f834                dhcp_set_state(DHCP*, DhcpState)
 *fill*         0x50071342        0x2 00
 .text          0x50071344      0x5ba C:/RTOS-DCP1D/libRTOS-DCP1D.a(Net_AutoIP_cpp.o)
                0x50071344                autoip_init()
                0x50071404                autoip_arp_announce(Ethernet*)
                0x50071810                autoip_arp_reply(Ethernet*, etharp_hdr*)
                0x500714a8                autoip_bind(Ethernet*)
                0x5007162c                autoip_create_addr(Ethernet*, ip_addr*)
                0x500717ba                autoip_handle_arp_conflict(Ethernet*)
                0x500716cc                autoip_stop(Ethernet*)
                0x500714fe                autoip_tmr()
                0x50071372                LWIP_AUTOIP_RAND(Ethernet*)
                0x500713be                autoip_start_probing(Ethernet*)
                0x50071454                autoip_arp_probe(Ethernet*)
                0x5007134c                LWIP_AUTOIP_CREATE_SEED_ADDR(Ethernet*)
                0x500716e8                autoip_start(Ethernet*)
 *fill*         0x500718fe        0x2 00
 .text          0x50071900       0x38 C:/RTOS-DCP1D/libRTOS-DCP1D.a(Net_DnsClient_cpp.o)
                0x50071900                dns_setserver(int, ip_addr*)
 .text          0x50071938     0x237a C:/RTOS-DCP1D/libRTOS-DCP1D.a(Net_Socket_cpp.o)
                0x50072626                alloc_socket(NetConn*)
                0x50072bc6                lwip_close(int)
                0x50073818                lwip_select(int, fd_set*, fd_set*, fd_set*, timeval*)
                0x50073250                lwip_connect(int, sockaddr const*, int)
                0x50071d82                lwip_getsockopt(int, int, int, void*, int*)
                0x500719e0                get_socket(int)
                0x50072b88                lwip_read(int, void*, unsigned long)
                0x50071938                lwip_socket_init()
                0x500733ca                event_callback(NetConn*, netconn_evt, int)
                0x50071a38                lwip_ioctl(int, long, void*)
                0x50072900                lwip_recvfrom(int, void*, unsigned long, int, sockaddr*, int*)
                0x5007318e                lwip_bind(int, sockaddr const*, unsigned long)
                0x50072c34                lwip_listen(int, int)
                0x50072772                lwip_write(int, void const*, unsigned long)
                0x500725f0                lwip_getsockname(int, sockaddr*, int*)
                0x50072ba6                lwip_recv(int, void*, unsigned long, int)
                0x500735dc                lwip_selscan(int, fd_set*, fd_set*, fd_set*)
                0x50073362                printset(char*, fd_set*)
                0x50072cd0                pcb_new(api_msg_msg*)
                0x50072e9a                lwip_socket(int, int, int)
                0x50072f94                lwip_accept(int, sockaddr*, int*)
                0x5007278c                lwip_sendto(int, void const*, unsigned long, int, sockaddr const*, int)
                0x50072e40                tcpip_apimsg(api_msg*)
                0x5007260c                lwip_getpeername(int, sockaddr*, int*)
                0x500726c2                lwip_send(int, void const*, unsigned long, int)
                0x50071b2c                lwip_setsockopt(int, int, int, void const*, int)
                0x50071b0a                lwip_errno(int)
 *fill*         0x50073cb2        0x2 00
 .text          0x50073cb4      0x270 C:/RTOS-DCP1D/libRTOS-DCP1D.a(Net_NetBuf_cpp.o)
                0x50073cb4                netbuf_data(NetBuf*, void**, int*)
                0x50073d04                netbuf_next(NetBuf*)
                0x50073d8c                netbuf_free(NetBuf*)
                0x50073d44                netbuf_chain(NetBuf*, NetBuf*)
                0x50073d30                netbuf_first(NetBuf*)
                0x50073e00                netbuf_ref(NetBuf*, void const*, int)
                0x50073dcc                netbuf_delete(NetBuf*)
                0x50073e8c                netbuf_alloc(NetBuf*, unsigned short)
 .text          0x50073f24     0x1772 C:/RTOS-DCP1D/libRTOS-DCP1D.a(Net_NetConn_cpp.o)
                0x50074d68                netconn_listen_with_backlog(NetConn*, int)
                0x50074ad0                netconn_recv(NetConn*)
                0x500742d0                do_writemore(NetConn*)
                0x50074128                netconn_send(NetConn*, NetBuf*)
                0x500740d0                netconn_connect(NetConn*, ip_addr*, int)
                0x500751ec                do_close(api_msg_msg*)
                0x50073f24                API_EVENT(NetConn*, netconn_evt, int)
                0x500746b6                poll_tcp(void*, TcpSocket*)
                0x50074464                do_close_internal(NetConn*)
                0x50073f7a                do_connected(void*, TcpSocket*, int)
                0x50074dba                do_disconnect(api_msg_msg*)
                0x5007522a                do_bind(api_msg_msg*)
                0x50075008                do_getaddr(api_msg_msg*)
                0x5007470c                do_newconn(api_msg_msg*)
                0x500741a0                netconn_bind(NetConn*, ip_addr*, int)
                0x50073fdc                do_connect(api_msg_msg*)
                0x500741f8                netconn_alloc(netconn_type, void (*)(NetConn*, netconn_evt, int))
                0x50074e06                do_send(api_msg_msg*)
                0x50074828                netconn_new_with_proto_and_callback(netconn_type, int, void (*)(NetConn*, netconn_evt, int))
                0x50074914                netconn_accept(NetConn*)
                0x500749bc                netconn_write(NetConn*, void const*, unsigned long, int)
                0x5007417a                netconn_sendto(NetConn*, NetBuf*, ip_addr*, int)
                0x5007474e                do_delconn(api_msg_msg*)
                0x50074a38                netconn_getaddr(NetConn*, ip_addr*, int*, int)
                0x50075322                netconn_free(NetConn*)
                0x50074f1c                do_write(api_msg_msg*)
                0x50073f3c                netconn_close(NetConn*)
                0x50074d1c                netconn_disconnect(NetConn*)
                0x50075502                netconn_delete(NetConn*)
                0x50075146                do_join_leave_group(api_msg_msg*)
                0x50074f90                do_recv(api_msg_msg*)
                0x5007553e                do_listen(api_msg_msg*)
                0x50074614                sent_tcp(void*, TcpSocket*, int)
                0x50075452                accept_function(void*, TcpSocket*, int)
                0x50074ccc                netconn_join_leave_group(NetConn*, ip_addr*, ip_addr*, netconn_igmp)
 *fill*         0x50075696        0x2 00
 .text          0x50075698      0xbf6 C:/RTOS-DCP1D/libRTOS-DCP1D.a(Net_TcpServer_cpp.o)
                0x500756ca                TcpServer::Linger()
                0x50076172                TcpServer::~TcpServer()
                0x500761fa                TcpServer::~TcpServer()
                0x50075698                TcpServer::GetIpAddress()
                0x50075d64                TcpServer::PrepareFDSets()
                0x500756c0                TcpServer::ReuseAddress()
                0x5007592e                TcpServer::AcceptNewConnections()
                0x50075c1e                Ethernet::AddTcpServer(TcpServer*)
                0x50075748                TcpServer::ProcessOutput()
                0x50075a48                TcpServer::Listen()
                0x50075eac                TcpServer::Run()
                0x50075cdc                TcpServer::~TcpServer()
                0x50075b9e                TcpServer::TcpServer(char*, int, Ethernet*, int)
                0x50075a8c                TcpServer::Bind(int)
                0x500756dc                TcpServer::ProcessInput()
                0x500756d4                TcpServer::SleepIfNoClients()
                0x50075908                TcpServer::NonBlock()
                0x50075aee                TcpServer::SetUp(bool)
                0x500756ac                TcpServer::IsLinkUp()
                0x50075c8a                Ethernet::TcpServerLinkCallback(Ethernet*)
                0x500757b4                TcpServer::ProcessExceptions()
                0x500759ee                TcpServer::Poll()
                0x500760f2                TcpServer::TcpServer(char*, int, Ethernet*, int)
 *fill*         0x5007628e        0x2 00
 .text          0x50076290      0x366 C:/RTOS-DCP1D/libRTOS-DCP1D.a(Net_TcpConnection_cpp.o)
                0x50076290                TcpConnection::HasOutput()
                0x500762a6                TcpConnection::CloseConnection()
                0x50076472                TcpConnection::~TcpConnection()
                0x50076340                TcpConnection::WriteToOutput(void const*, int)
                0x50076578                TcpConnection::TcpConnection(int)
                0x500764fa                TcpConnection::TcpConnection(int)
                0x500764b6                TcpConnection::~TcpConnection()
                0x50076426                TcpConnection::~TcpConnection()
                0x500763ac                TcpConnection::ProcessInput()
                0x500762d2                TcpConnection::ProcessOutput()
 *fill*         0x500765f6        0x2 00
 .text          0x500765f8      0x372 C:/RTOS-DCP1D/libRTOS-DCP1D.a(Net_HttpServer_cpp.o)
                0x50076882                HttpServer::~HttpServer()
                0x500768c2                HttpServer::HttpServer(Ethernet*, int)
                0x50076916                HttpServer::HttpServer(Ethernet*, int)
                0x50076652                HttpServer::HandleFileUpload(char*, int, char*, char*)
                0x50076686                HttpServer::Tick()
                0x500767b2                HttpServer::CreateNewConnection(int)
                0x50076842                HttpServer::~HttpServer()
                0x50076640                HttpServer::AddJSONHandler(bool (*)(char*, HTTPReplyHeader&, char*, ip_addr))
                0x50076728                HttpServer::HandlePostEvent(char*, char*, HTTPReplyHeader&, ip_addr)
                0x5007660a                HttpServer::AddHttpPostHandler(bool (*)(char*, char*, HTTPReplyHeader&))
                0x500766a8                HttpServer::HandleGetEvent(char*, HTTPReplyHeader&, ip_addr)
                0x5007662e                HttpServer::AddFileUploadHandler(bool (*)(char*, int, char*, char*))
                0x500767f8                HttpServer::~HttpServer()
                0x5007661c                HttpServer::AddTickCallback(void (*)(int))
                0x500765f8                HttpServer::AddHttpGetHandler(bool (*)(char*, HTTPReplyHeader&))
 *fill*         0x5007696a        0x2 00
 .text          0x5007696c     0x1892 C:/RTOS-DCP1D/libRTOS-DCP1D.a(Net_HttpConnection_cpp.o)
                0x500771c0                HttpConnection::SendError(char*, bool, HttpConnection::HttpError)
                0x50076f94                HttpConnection::WriteStringToOutput(char*)
                0x50076b74                HttpConnection::ProcessInputLine()
                0x5007696c                HttpConnection::WriteDataToOutput()
                0x500777c2                HttpConnection::HandleRequestGet()
                0x50078036                HttpConnection::~HttpConnection()
                0x50077fd0                HttpConnection::~HttpConnection()
                0x50077ad0                HttpConnection::CheckForFileEnd()
                0x500775dc                HttpConnection::HandleRequestPost()
                0x50077b44                HttpConnection::ProcessInput()
                0x50078176                HttpConnection::HttpConnection(int, char*, char*, HttpServer*)
                0x50076a5c                HttpConnection::ProcessRequestLine()
                0x500769fc                HttpConnection::VerifyFileExtension(char*)
                0x50078092                HttpConnection::~HttpConnection()
                0x50076990                HttpConnection::VerifyFileLength(char*, int)
                0x50077342                HttpConnection::ProcessFileUpload(char*, int, char*)
                0x5007697e                HttpConnection::WritefileToOutput()
                0x50076fe6                HttpConnection::SendBackUploadDataAsAttachMent(char*, int, char*)
                0x500780ee                HttpConnection::HttpConnection(int, char*, char*, HttpServer*)
                0x500779a4                HttpConnection::GetMoreData()
                0x500770e6                HttpConnection::SendErrorNotFound(char*)
 *fill*         0x500781fe        0x2 00
 .text          0x50078200     0x18ba C:/RTOS-DCP1D/libRTOS-DCP1D.a(Net_TftpClient_cpp.o)
                0x50078356                TftpClient::GetFileLength(char*, ip_addr)
                0x500791a6                TftpClient::TftpClient(Ethernet*)
                0x5007838a                TftpClient::SendDataPkt(unsigned char*, int, unsigned short)
                0x50078baa                TftpClient::CreateRRQPkt(char*, int)
                0x50078736                TftpClient::SendErrorPkt(TftpClient::TFTPErr, char*)
                0x500785a4                TftpClient::ExtractOptions(int)
                0x50079124                TftpClient::TftpClient(Ethernet*)
                0x50078370                TftpClient::GetFileLength(TftpClient::TftpRequest&)
                0x50078ee4                TftpClient::TransmitFile(char*, int, void*, ip_addr)
                0x50079720                TftpClient::TransmitFile(TftpClient::TftpRequest&)
                0x50078200                TftpClient::Reset(TftpClient::TftpRequest&)
                0x5007850c                TftpClient::ProcessDATAOpcode(int)
                0x500799bc                TftpClient::Run()
                0x500787b2                TftpClient::CheckOptions()
                0x5007840e                TftpClient::ProcessACKOpcode()
                0x50078cee                TftpClient::CreateWRQPkt(char*, int)
                0x50078974                TftpClient::ProcessOACKOpcode(int)
                0x50078e4c                TftpClient::CreateSocket()
                0x50078ddc                TftpClient::SendWriteRequest(char*, int, ip_addr)
                0x500782ae                TftpClient::Receive(int)
                0x50079482                TftpClient::ReceiveFile(TftpClient::TftpRequest&)
                0x50078662                TftpClient::SendOAckPkt()
                0x50078aea                TftpClient::ProcessPacket(int)
                0x50079228                TftpClient::ReceiveFile(char*, int*, void*, ip_addr)
                0x50078a4e                TftpClient::ProcessWRQOpcode(int)
                0x500784b0                TftpClient::SendAckPkt(unsigned char*, unsigned short)
                0x50078c7e                TftpClient::SendReadRequest(char*, int, ip_addr)
 *fill*         0x50079aba        0x2 00
 .text          0x50079abc      0xb1a C:/RTOS-DCP1D/libRTOS-DCP1D.a(Net_DNSServer_cpp.o)
                0x50079e5c                DNSServer::SendReply(unsigned char*)
                0x50079ca2                DNSServer::ParsePacket(unsigned char*)
                0x5007a2b6                DNSServer::~DNSServer()
                0x5007a14c                DNSServer::SendErrorReply(unsigned char)
                0x50079abc                DNSServer::Tick()
                0x50079ddc                DNSServer::ChangetoDnsNameFormat(unsigned char*, unsigned char*)
                0x50079af6                DNSServer::dns_get_short(unsigned char*)
                0x50079bc6                DNSServer::ReadName(unsigned char*, unsigned char*, int*)
                0x5007a282                DNSServer::~DNSServer()
                0x5007a344                DNSServer::DNSServer(Ethernet*)