Archive member included because of file (symbol)

C:/RTOS-MCF5445x/libRTOS-MCF5445x.a(54455_CPU_cpp.o)
                              obj-WC/BDMTask_cpp.o (CPU::DelayMs(int))
C:/RTOS-MCF5445x/libRTOS-MCF5445x.a(54455_Exception_cpp.o)
                              obj-WC/Main_cpp.o (CrashValid)
C:/RTOS-MCF5445x/libRTOS-MCF5445x.a(54455_PIT_cpp.o)
                              C:/RTOS-MCF5445x/libRTOS-MCF5445x.a(54455_CPU_cpp.o) (PIT::PIT(int, int, int, int, void (*)(), int))
C:/RTOS-MCF5445x/libRTOS-MCF5445x.a(54455_Serial_cpp.o)
                              obj-WC/ReceiveCommandHandler_cpp.o (Serial::Init(int, int, int, int, bool))
C:/RTOS-MCF5445x/libRTOS-MCF5445x.a(54455_FEC_cpp.o)
                              obj-WC/InputTask_cpp.o (FEC::fecs)
C:/RTOS-MCF5445x/libRTOS-MCF5445x.a(54455_MMU_cpp.o)
                              C:/RTOS-MCF5445x/libRTOS-MCF5445x.a(54455_CPU_cpp.o) (MMU::Map(unsigned long))
C:/RTOS-MCF5445x/libRTOS-MCF5445x.a(54455_CPU_asm.o)
                              C:/RTOS-MCF5445x/Start.o (CPU::Init())
C:/RTOS-MCF5445x/libRTOS-MCF5445x.a(54455_Exception_asm.o)
                              C:/RTOS-MCF5445x/Start.o (AsmExceptionHandler)
C:/RTOS-MCF5445x/libRTOS-MCF5445x.a(54455_MCF5445xRTOS_asm.o)
                              C:/RTOS-MCF5445x/libRTOS-MCF5445x.a(54455_Exception_asm.o) (RTOS::TaskSwitch())
C:/RTOS-MCF5445x/libRTOS-MCF5445x.a(MCF_ArchDefs_cpp.o)
                              obj-WC/InputTask_cpp.o (EnterCritical())
C:/RTOS-MCF5445x/libRTOS-MCF5445x.a(MCF_FecBase_cpp.o)
                              obj-WC/InputTask_cpp.o (FecBase::PrintBDStatus())
C:/RTOS-MCF5445x/libRTOS-MCF5445x.a(MCF_MemoryInit_asm.o)
                              C:/RTOS-MCF5445x/libRTOS-MCF5445x.a(54455_CPU_asm.o) (MemoryInit)
C:/RTOS-MCF5445x/libRTOS-MCF5445x.a(MCF_ArchDefs_asm.o)
                              obj-WC/Main_cpp.o (memcpy)
C:/RTOS-MCF5445x/libRTOS-MCF5445x.a(stdlib_Assert_cpp.o)
                              obj-WC/ModBusRcvTask_cpp.o (SystemCrash(char*, char*, int))
C:/RTOS-MCF5445x/libRTOS-MCF5445x.a(stdlib_Alloc_cpp.o)
                              C:/RTOS-MCF5445x/libRTOS-MCF5445x.a(MCF_FecBase_cpp.o) (MallocAlignedNoCache)
C:/RTOS-MCF5445x/libRTOS-MCF5445x.a(stdlib_PrintF_cpp.o)
                              obj-WC/LOG_cpp.o (sprintf)
C:/RTOS-MCF5445x/libRTOS-MCF5445x.a(stdlib_String_cpp.o)
                              obj-WC/Main_cpp.o (memset)
C:/RTOS-MCF5445x/libRTOS-MCF5445x.a(stdlib_StdLib_cpp.o)
                              obj-WC/InputTask_cpp.o (atoi)
C:/RTOS-MCF5445x/libRTOS-MCF5445x.a(API_CyGOS_cpp.o)
                              obj-WC/Main_cpp.o (CyGOS::GetTaskName(int))
C:/RTOS-MCF5445x/libRTOS-MCF5445x.a(API_TCPIP_cpp.o)
                              obj-WC/Main_cpp.o (CyGOS::SetEthernetLinkDebouncing(bool))
C:/RTOS-MCF5445x/libRTOS-MCF5445x.a(API_LinkedList_cpp.o)
                              obj-WC/DcxManagerHandler_cpp.o (LinkedListBase::LinkedListBase())
C:/RTOS-MCF5445x/libRTOS-MCF5445x.a(API_CRC_cpp.o)
                              C:/RTOS-MCF5445x/libRTOS-MCF5445x.a(MCF_FecBase_cpp.o) (CalcCrc32_EDB88320)
C:/RTOS-MCF5445x/libRTOS-MCF5445x.a(API_FileSystems_cpp.o)
                              obj-WC/WebSite_cpp.o (CyGOS::FileLength(void*))
C:/RTOS-MCF5445x/libRTOS-MCF5445x.a(API_TFTP_cpp.o)
                              obj-WC/Main_cpp.o (CyGOS::CreateTftpClientTask(int, int&))
C:/RTOS-MCF5445x/libRTOS-MCF5445x.a(API_HTTP_cpp.o)
                              obj-WC/WebSite_cpp.o (CyGOS::SetFileUploadSuccessMsg(int, int, char*))
C:/RTOS-MCF5445x/libRTOS-MCF5445x.a(API_SysLog_cpp.o)
                              obj-WC/LOG_cpp.o (CyGOS::RegisterSysLogCallback(void (*)(short, int, int, unsigned int, bool)))
C:/RTOS-MCF5445x/libRTOS-MCF5445x.a(RTOS_FIFO_cpp.o)
                              obj-WC/InputTask_cpp.o (FifoBase::FifoBase(int, int, char const*))
C:/RTOS-MCF5445x/libRTOS-MCF5445x.a(RTOS_RTOS_cpp.o)
                              obj-WC/InputTask_cpp.o (RTOS::tasks)
C:/RTOS-MCF5445x/libRTOS-MCF5445x.a(RTOS_Task_cpp.o)
                              obj-WC/WCTask_cpp.o (TaskBase::Tick())
C:/RTOS-MCF5445x/libRTOS-MCF5445x.a(RTOS_PrintfTask_cpp.o)
                              obj-WC/InputTask_cpp.o (getcharWait)
C:/RTOS-MCF5445x/libRTOS-MCF5445x.a(RTOS_Debug_cpp.o)
                              C:/RTOS-MCF5445x/libRTOS-MCF5445x.a(stdlib_Assert_cpp.o) (Debug::Poll())
C:/RTOS-MCF5445x/libRTOS-MCF5445x.a(RTOS_Mutex_cpp.o)
                              obj-WC/ModBusSendTask_cpp.o (Mutex::~Mutex())
C:/RTOS-MCF5445x/libRTOS-MCF5445x.a(RTOS_LedTasks_cpp.o)
                              C:/RTOS-MCF5445x/libRTOS-MCF5445x.a(API_CyGOS_cpp.o) (TaskDispLed::TaskDispLed(void (*)(int, int)))
C:/RTOS-MCF5445x/libRTOS-MCF5445x.a(RTOS_TaskManager_cpp.o)
                              obj-WC/Main_cpp.o (CyGOS::GetTaskTime(int))
C:/RTOS-MCF5445x/libRTOS-MCF5445x.a(Net_Ethernet_cpp.o)
[...]
Memory Configuration

Name             Origin             Length             Attributes
vector_ram       0x40000000         0x00000500         xrw
vectors          0x50040000         0x00000400         xrw
config           0x50040400         0x00000100         xrw
sdram            0x50040500         0x07fbfb00         xrw
fram             0x0b000000         0x00020000         xrw
*default*        0x00000000         0xffffffff

Linker script and memory map

LOAD C:/RTOS-MCF5445x/Start.o
LOAD obj-WC/Main_cpp.o
LOAD obj-WC/InputTask_cpp.o
LOAD obj-WC/WCTask_cpp.o
LOAD obj-WC/MIATask_cpp.o
LOAD obj-WC/GLOBALS_cpp.o
LOAD obj-WC/LOG_cpp.o
LOAD obj-WC/PasscodeConfig_cpp.o
LOAD obj-WC/preset_cpp.o
LOAD obj-WC/FRAM_cpp.o
LOAD obj-WC/WebSite_cpp.o
LOAD obj-WC/UploadFirmWareTask_cpp.o
LOAD obj-WC/WeldResultHistory_cpp.o
LOAD obj-WC/ScanResDetect_cpp.o
LOAD obj-WC/FirmWareUpgrade_cpp.o
LOAD obj-WC/RTClock_cpp.o
LOAD obj-WC/UserIO_cpp.o
LOAD obj-WC/StateMachineDrv_cpp.o
LOAD obj-WC/ModBusRcvTask_cpp.o
LOAD obj-WC/ReceiveCommandHandler_cpp.o
LOAD obj-WC/ModBusSendTask_cpp.o
LOAD obj-WC/FieldBus_cpp.o
LOAD obj-WC/NRTModbusTask_cpp.o
LOAD obj-WC/ProfiBus_cpp.o
LOAD obj-WC/EthernetIP_cpp.o
LOAD obj-WC/WelderSearchTask_cpp.o
LOAD obj-WC/VerifyPreset_cpp.o
LOAD obj-WC/ObjDictionary_cpp.o
LOAD obj-WC/counter_cpp.o
LOAD obj-WC/FieldbusTask_cpp.o
LOAD obj-WC/StateFunctions_cpp.o
LOAD obj-WC/StateTable_cpp.o
LOAD obj-WC/Alarms_cpp.o
LOAD obj-WC/FieldbusTable_cpp.o
LOAD obj-WC/ShutDownTask_cpp.o
LOAD obj-WC/ExternalStatusTask_cpp.o
LOAD obj-WC/BDMTask_cpp.o
LOAD obj-WC/BDM08_cpp.o
LOAD obj-WC/DcxManagerHandler_cpp.o
LOAD obj-WC/cifXToolkit/HWInterface/DPMInterface_cpp.o
LOAD obj-WC/cifXToolkit/OSAbstraction/OS_Custom_cpp.o
LOAD obj-WC/cifXToolkit/Source/cifXDownload_cpp.o
LOAD obj-WC/cifXToolkit/Source/cifXEndianess_cpp.o
LOAD obj-WC/cifXToolkit/Source/cifXFunctions_cpp.o
LOAD obj-WC/cifXToolkit/Source/cifXHWFunctions_cpp.o
LOAD obj-WC/cifXToolkit/Source/cifXInit_cpp.o
LOAD obj-WC/cifXToolkit/Source/cifXInterrupt_cpp.o
LOAD obj-WC/cifXToolkit/Source/md5_cpp.o
LOAD obj-WC/cifXToolkit/User/TKitUser_Custom_cpp.o
START GROUP
LOAD C:/RTOS-MCF5445x/libRTOS-MCF5445x.a
LOAD C:/BSP-WC-MCF5445x/libBSP-WC-MCF5445x.a
END GROUP
LOAD C:/RTOS-MCF5445x\libgcc.a

.textvect       0x50040000      0x400
                0x50040000                __FLASH_RAM = .
                0x50040000                __VECTOR_TABLE = .
                0x50040000                __INIT_SP = .
                0x50040000        0x4 LONG 0x50040516 _RAMstart
 */()
                0x50040004                __INIT_PC = .
                0x50040004        0x4 LONG 0x40508 (_start + __FLASH_DIFF)
 */()
 *(.textvect)
 .textvect      0x50040008      0x3f8 C:/RTOS-MCF5445x/Start.o

.config         0x50040400        0xc
                0x50040400                . = ALIGN (0x10)
                0x50040400                __SYSTEM_CLOCK = .
                0x50040400        0x4 LONG 0x7d
                0x50040404                __TERMINAL_PORT = .
                0x50040404        0x4 LONG 0x1
                0x50040408                __TERMINAL_BAUD = .
                0x50040408        0x4 LONG 0x1c200

.text           0x50040500    0x87cd0
                0x50040500                __TEXT_START = .
 *(.text)
 .text          0x50040500       0x50 C:/RTOS-MCF5445x/Start.o
                0x50040516                _RAMstart
                0x50040508                _start
                0x5004052e                _MultiBootStart
 .text          0x50040550     0x1ac4 obj-WC/Main_cpp.o
                0x500405b4                SetFBStaticIPDefaults()
                0x50040732                InitWC1169ExternalWatchDogTrigger()
                0x50040df6                SetStaticIPDefaults()
                0x50040794                InitializeWC991SpecificFunction()
                0x50040e56                CheckAndPrintTPs()
                0x50040f14                SetDHCPServerIPDefaults()
                0x500406c0                SetupLCDBoardSensor()
                0x50040fc6                ColdStart()
                0x50040588                SetStaticIPDefaultsOnDCPInterface()
                0x50040674                ClearAllCounters()
                0x50040a86                DetectWCBoard()
                0x5004078c                InitWC991ExternalWatchDogTrigger()
                0x500406a2                SetupEportForSensingPowerDown()
                0x500406d6                InitSC1054ExternalWatchDogTrigger()
                0x50040550                ByteCRC(unsigned char*, unsigned long)
                0x50040ffe                CheckForColdStart()
                0x5004095c                StoreInfoAtCrash()
                0x50041218                main
                0x50040c50                TaskManCallback()
                0x500405ec                SetSystemConfigurationDefaults()
                0x50040b24                TaskManCallbackEvent(bool)
                0x50041180                InitializeDhcpServerConfiguration(long, int&)
                0x500411e8                SetLeds(int, int)
                0x500408c4                InitializeWC1169SpecificFunction()
                0x5004082c                InitializeSC1054SpecificFunction()
 .text          0x50042014     0x1f7a obj-WC/InputTask_cpp.o
                0x5004283a                InputTask::PrintHelp()
                0x50042e44                InputTask::ProgramCompressedTarRegionFromSerial()
                0x50042b8c                InputTask::InputTask()
                0x50042bec                InputTask::ProgramCompressedTarRegionFlash(int)
                0x50042022                InputTask::Tick()
                0x50042014                TestCheckForReset()
                0x50042916                ProgramCallback(int, int)
                0x5004303a                InputTask::ProgramFlash(int)
                0x50042bbc                InputTask::InputTask()
                0x5004297e                InputTask::ProgramBootFlash(int)
                0x50042096                PrintCurrentParameterSet()
                0x50042958                EraseCallback(int, int)
                0x50043288                InputTask::Run()
                0x50042816                TestCrash(int)
                0x50042490                PrintDcpParameterSet()
 *fill*         0x50043f8e        0x2 00
 .text          0x50043f90     0x1c4c obj-WC/WCTask_cpp.o
                0x5004499a                ModifyMACCHIPRWData()
                0x50044348                ReleaseAccessToken(CommIfc)
                0x5004422c                UpdateMidBandAndMinMaxFreq()
                0x500443d2                CheckForRTCBattery()
                0x50044cac                SendResetToPhyAndHilscherSC1054()
                0x50044770                InitGlobalBuffers()
                0x50045314                WCTask::CycleRun()
                0x50043f98                ConfigureResetForPHYandHilscherSC1054()
                0x500456ba                WCTask::~WCTask()
                0x500456fe                WCTask::~WCTask()
                0x50043f90                ConfigureResetForPHYandHilscherWC991()
                0x500451c4                SendResetToPhyAndHilscherWC1169()
                0x50045596                WCTask::~WCTask()
                0x5004495c                ReadBootLoaderInfo()
                0x500448bc                CheckForVersionChange()
                0x50045500                TimerInterruptCallback()
                0x50044448                CheckForClockLost()
                0x50044c42                ReadMACAddressFromMacChip(unsigned char*)
                0x50044332                IsManualFunctionAvailable()
                0x5004573a                WCTask::Run()
                0x50043fca                ConfigureResetForPHYandHilscherWC1169()
                0x50044cdc                SetDefaultMACCHIPRWData()
                0x500455d2                WCTask::WCTask(MIATask*)
                0x500442de                GetAccessToken(CommIfc)
                0x50044a5e                StoreWeldData()
                0x50044d5a                PowerUpInitialization()
                0x5004439a                UpdateFrequencyOffset()
                0x50044414                CheckForWDReset()
                0x500449dc                CheckforError()
                0x500446ae                PrepareFBStatus()
                0x5004436c                UpdatePeakPower()
                0x50044826                UpdateFlashCRC()
                0x50043ffc                SendResetToPhyAndHilscherWC991()
                0x50044004                CollectScanPoints()
                0x5004431e                IsAccessTokenAvailable()
                0x50045230                CheckForPowerandLCDSensor()
                0x50045646                WCTask::WCTask(MIATask*)
                0x50044216                SonicsOff()
                0x5004448c                SetDCPTimeControlParams()
 .text          0x50045bdc      0x30e obj-WC/MIATask_cpp.o
                0x50045bdc                EnableDigitalOutputLatchWC991()
                0x50045daa                MIATask::MIATask()
                0x50045c22                MIATask::Run()
                0x50045be4                EnableDigitalOutputLatchWC1169()
                0x50045e4a                MIATask::MIATask()
                0x50045bec                EnableDigitalOutputLatchSC1054()
 *fill*         0x50045eea        0x2 00
 .text          0x50045eec        0x0 obj-WC/GLOBALS_cpp.o
 .text          0x50045eec      0xbf6 obj-WC/LOG_cpp.o
                0x50046112                Log::ReadWCEventLog(WebEventData*, long)
                0x5004663a                Log::WriteEventLog(EventID, long, long, unsigned long, TimeStamp*, bool)
                0x50045eec                Log::GetEventStringFromID(EventID)
                0x500468b6                Log::WriteSystemEventLog(short, int, int, unsigned int, bool)
                0x500462d6                Log::ReadDCPEventLog(WebEventData*, long)
                0x50046a76                Log::Init()
                0x500468ee                Log::ResetLog(ClearLog)
                0x50046452                Log::WriteAlarmLog(Alarms, bool)
                0x50045fb0                Log::ReadAlarmLog(WebAlarmData*, long)
 *fill*         0x50046ae2        0x2 00
 .text          0x50046ae4      0x438 obj-WC/PasscodeConfig_cpp.o
                0x50046ae4                IsPasscodeRequired()
                0x50046baa                SetPasscodeRequired(bool)
                0x50046df6                AddUser(unsigned char*, unsigned long, PRIVILEGE)
                0x50046cea                SetDefaultPasscodeConfiguration()
                0x50046c88                GetUsersDetail(UserInfo*)
                0x50046bde                GetUserPrivilege(unsigned char*, unsigned long)
                0x50046af6                InvalidateUserEntries()
                0x50046d3e                GetUserID(unsigned long, char*)
                0x50046eca                InitPasscodeConfiguration()
 .text          0x50046f1c     0x73f8 obj-WC/preset_cpp.o
                0x5004abde                SavePreset(PRESET_NUMBER, HSPRESET_NUMBER)
                0x50047100                SetDefaultRFswitch()
                0x500484b6                SetHDDefaults()
                0x50047f36                InitFreqDependentParametersMinMaxDefault()
                0x5004e054                RecallAndVerifyPreset(PRESET_NUMBER)
                0x5004dea8                CheckPresetCRC(PRESET_NUMBER)
                0x50047232                SetDefaultAlarms()
                0x5004e246                RecallPreset(PRESET_NUMBER)
                0x500487c2                VerifyPresetFromWebPage(PRESET_NUMBER, HSPRESET_NUMBER)
                0x5004708e                SetMinMaxCycleParam()
                0x5004acf4                SaveHSStatusSet(HornFunction)
                0x50048596                ClearMemoryFrequencyAtPowerup()
                0x5004ab1c                UpdateRunningPreset()
                0x5004a772                SetDefaultCutOffValues()
                0x5004b6f8                SetMaxMinValues(PSUPDATESPECIAL)
                0x500472de                InitFreqAndLoopspeedDependantLoopConstantsMinMaxDefault()
                0x500499e4                UpdatePresetsOnLoopSpeedSwitching()
                0x5004a842                PrepareDCPPreset(bool)
                0x5004a19e                SetDefaultValues(DEFAULT_PSCMD, PRESET_NUMBER)
                0x5004d346                AutoNamePreset()
                0x50046f1c                PrepareDCPWeldParam()
                0x5004ab70                SetDefaultCycleParam()
                0x500485c2                CalculateAndSavePresetCRC(SAVECRC_CMD, PRESET_NUMBER, HSPRESET_NUMBER, bool)
                0x5004d638                SetColdStartPresetValues(PSUPDATESPECIAL)
                0x5004b1d4                SaveWeldStatusSet()
                0x5004a15a                SetDefaultSecretValues()
                0x50047156                SetDefaultAdvRnd()
 .text          0x5004e314      0xbcc obj-WC/FRAM_cpp.o
                0x5004e314                CheckFRAMSections()
                0x5004e43e                ConvertV4FRAM_to_V5FRAM()
                0x5004e382                ConvertV3FRAM_to_V4FRAM()
                0x5004ed38                InitFRAM()
                0x5004e54a                ConvertVer6RlsFRAM_to_V1FRAM()
                0x5004e31c                FramCheck()
                0x5004e3b6                ConvertV2FRAM_to_V3FRAM()
                0x5004e3ea                ConvertV1FRAM_to_V2FRAM()
 .text          0x5004eee0    0x1167e obj-WC/WebSite_cpp.o
                0x50051782                WebSite::StopIODiagnostic()
                0x50055f2c                WebSite::BransonFieldServiceGetDatahandler(char*, WebCommand)
                0x5004f258                WebSite::CheckForWebReset()
                0x5004eef6                WebSite::GenerateKey()
                0x5004f206                WebSite::CheckForWebScanCommand()
                0x5004f10e                WebSite::CheckForCycleParameterChange()
                0x5004efaa                inttoascii(unsigned int, char*, int)
                0x50050e86                WebSite::ConfigurationAlarmPostDatahandler(char*, WebCommand)
                0x5004f920                WebSite::UpdateDiagnosticIO(char*)
                0x5005775e                WebSite::SetupSeekPowerUpGetDatahandler(char*, WebCommand)
                0x5005389c                WebSite::SetupSeekPowerUpPostDatahandler(char*, WebCommand)
                0x500595d4                GetContentType(char*)
                0x5005127c                WebSite::GetFunctionString(long, long, long, char*)
                0x5004f2ae                CheckForCurrentFunction(short)
                0x5005dce4                WebSite::WebGetHandler(char*, HTTPReplyHeader&)
                0x5004eff6                GetHSPercent()
                0x50051152                WebSite::FindLanguageString(unsigned long, char*, bool)
                0x50051d56                WebSite::BransonSpecialPresetGetDatahandler(char*, WebCommand)
                0x50050b1e                WebSite::BransonBoardTestPostDatahandler(char*, WebCommand)
                0x5004f0ee                CalculateAmplitudeinPercent(short)
                0x5005411c                WebSite::SetupLimitsPostDatahandler(char*, WebCommand)
                0x500558c0                WebSite::ConfigurationUserIOPostDatahandler(char*, WebCommand)
                0x5006019e                WebSite::BransonSecretValuesPostDatahandler(char*, WebCommand)
                0x50051956                WebSite::SetLanguageAndUserID(char*, WebCommand)
                0x500581b4                WebSite::BransonSystemTestGetDatahandler(char*, WebCommand)
                0x500570d4                WebSite::SetupAdvancedDiagnosticGetDatahandler(char*, WebCommand)
                0x500590cc                WebSite::DiagnosticUserIOGetDatahandler(char*, WebCommand)
                0x5005207e                WebSite::BransonFieldServicePostDatahandler(char*, WebCommand)
                0x500517aa                WebSite::DiagnosticHornSignaturePostDatahandler(char*, WebCommand)
                0x5005f344                WebSite::DiagnosticFieldBusGetDatahandler(char*, WebCommand)
                0x50057928                WebSite::SetupAmplitudeGetDatahandler(char*, WebCommand)
                0x5004f214                WebSite::CheckForWebScanAbortCommand()
                0x50051402                WebSite::PrepareDiagnosticResponse(bool)
                0x5004f1bc                WebSite::BransonFieldBusTestPostDatahandler(char*, WebCommand)
                0x5005c940                WebSite::SetupLimitsGetDatahandler(char*, WebCommand)
                0x5004fa76                IPStrtoUint(char*)
                0x5005a4f0                WebSite::SetupSaveRecallGetDatahandler(char*, WebCommand)
                0x5004f28e                WebSite::CheckForManufacturingFlag()
                0x5004f8aa                WebSite::RestoreOutPutStatus()
                0x5004eee0                CopyLength(unsigned long, unsigned long, int)
                0x5005b238                WebSite::ViewAlarmLogGetDatahandler(char*, WebCommand)
                0x50059232                WebSite::ViewWeldGraphPostDatahandler(char*, WebCommand)
                0x500509ae                WebSite::Tick(int)
                0x5004f800                WebSite::DoDiagnosticLoopBackStart()
                0x500521dc                WebSite::SetupAdvancedDiagnosticPostDatahandler(char*, WebCommand)
                0x5004feda                WebSite::DiagnosticHornSignatureGetDatahandler(char*, WebCommand)
                0x5004f6c2                WebSite::UpdateUser(unsigned long)
                0x50051a2a                WebSite::BransonSpecialPresetPostDatahandler(char*, WebCommand)
                0x500598c2                WebSite::ConfigurationPasscodesGetDatahandler(char*, WebCommand)
                0x5005a132                WebSite::ConfigurationSystemPostDatahandler(char*, WebCommand)
                0x500567be                WebSite::ProcessMFSavesystemSetupCommand(char*)
                0x50058e96                WebSite::DiagnosticUserIOPostDatahandler(char*, WebCommand)
                0x5005af0e                WebSite::ViewEventLogGetDatahandler(char*, WebCommand)
                0x5005c346                WebSite::SetupSaveRecallPostDatahandler(char*, WebCommand)
                0x50056412                WebSite::ViewSystemInfoGetDatahandler(char*, WebCommand)
                0x500580fc                SetManFDefaultFromWeb()
                0x5004f3cc                ReadTarRegionFlash(int, unsigned char*, int)
                0x50053bfc                WebSite::SetupAmplitudePostDatahandler(char*, WebCommand)
                0x5004f056                ClearScanFlags()
                0x5004f48e                PrepareTimeStamp(char*, unsigned char&, unsigned char&, unsigned char, unsigned char, char)
                0x5004f6f4                WebSite::GetWebToken(char*, WebCommand)
                0x5005a6ce                WebSite::ConfigurationSystemGetDatahandler(char*, WebCommand)
                0x50059392                WebSite::ConfigurationAlarmGetDatahandler(char*, WebCommand)
                0x50056d60                WebSite::ProcessScanCommand(char*, WebCommand)
                0x5005ed04                WebSite::ConfigurationIPSetupGetDatahandler(char*, WebCommand)
                0x5005d4d0                WebSite::SetLanguageFileBuffer(Language)
                0x5004f266                WebSite::ResetWebResetFlag()
                0x5005ff12                WebSite::BransonAdvRnDTestGetDatahandler(char*, WebCommand)
                0x5005f6e0                WebSite::ConfigurationIPSetupPostDatahandler(char*, WebCommand)
                0x5004f076                CalculateFreqinPercent(unsigned long)
                0x5005fab6                SetDCPTimingParam(WebCommand)
                0x5005d57a                WebSite::WebPostHandler(char*, char*, HTTPReplyHeader&)
                0x5005107e                WebSite::PostResponse(char*, unsigned long)
                0x50052bb6                WebSite::SetupAdvancedPostDatahandler(char*, WebCommand)
                0x5004f222                WebSite::ResetScanFlags(bool)
                0x50054faa                WebSite::SetupWeldPostDatahandler(char*, WebCommand)
                0x5004fe3c                WebSite::BransonBoardTestGetDatahandler(char*, WebCommand)
                0x50059290                WebSite::ConfigurationRFSwitchGetDatahandler(char*, WebCommand)
                0x5005fbae                WebSite::BransonAdvRnDTestPostDatahandler(char*, WebCommand)
                0x5004f1e0                WebSite::ResetTestFlag()
                0x50050348                WebSite::DiagnosticSeekGetDatahandler(char*, WebCommand)
                0x5004f0ce                CalculatePowerinPercent(short)
                0x5005b97c                WebSite::SetupAdvancedGetDatahandler(char*, WebCommand)
                0x5005cfa2                FormatCycleResults()
                0x5005d0e6                WebSite::DownLoadRequest(char*, char*)
                0x5004f1c4                WebSite::CheckForWebTestCommand()
                0x500603c8                WebSite::BransonSecretValuesGetDatahandler(char*, WebCommand)
                0x5004f750                WebSite::HandleInitiateUpload()
                0x5005a83a                WebSite::ViewHistoryGetDatahandler(char*, WebCommand)
                0x5004ef1e                SetupMinMaxPresetIndexes()
                0x50050d2c                WebSite::ConfigurationRFSwitchPostDatahandler(char*, WebCommand)
                0x50059a36                WebSite::ConfigurationUserIOGetDatahandler(char*, WebCommand)
                0x50056992                WebSite::DiagnosticSeekPostDatahandler(char*, WebCommand)
                0x50058180                GetCurrentStateOnManufacturing()
                0x5004f24a                WebSite::CheckForDiagnosticFlag()
                0x50050c4c                WebSite::ProcessMFStartStopCommand(char*)
                0x5004ef82                WebSite::GetUserID()
                0x500503e2                WebSite::ViewWeldGraphGetDatahandler(char*, WebCommand)
                0x5004f280                WebSite::CheckForMFBoardTestFlag()
                0x50057c68                WebSite::SetupWeldGetDatahandler(char*, WebCommand)
                0x5005d364                WebSite::WebFileUploadHandler(char*, int, char*, char*)
                0x5004f774                WebSite::DoDiagnosticLoopBack()
                0x50056374                SendRTCSyncCommandToDCP()
                0x5005dac2                WebSite::InitWebSite(long, long)
                0x500596d2                WebSite::ConfigurationPasscodesPostDatahandler(char*, WebCommand)
                0x5005a46c                SetDefaultTime(PRESET_NUMBER)
                0x5004fae8                WebSite::BransonFieldBusTestGetDatahandler(char*, WebCommand)
                0x500594a6                ReplaceURLSpecialChar(char*, char const*)
 *fill*         0x5006055e        0x2 00
 .text          0x50060560      0xc6a obj-WC/UploadFirmWareTask_cpp.o
                0x50060906                UploadFirmware::ProgramFlash(char*, long, FlashArea)
                0x5006081a                UploadFirmware::ProgramFirmware(FileType, char*, long, char*)
                0x50060b96                UploadFirmware::SendDCPdata(char*, long, BinFileType)
                0x5006077e                UploadFirmware::RestoreDataToFRAM(char*, long)
                0x50060bd4                UploadFirmware::Run()
                0x50060fc2                UploadFirmware::UploadFirmware()
                0x500610c6                UploadFirmware::UploadFirmware()
                0x50060b6a                UploadFirmware::SendLCDAdata(char*, long)
                0x50060560                UploadFirmware::CopyDataToFRAM(char*, long)
 *fill*         0x500611ca        0x2 00
 .text          0x500611cc      0x448 obj-WC/WeldResultHistory_cpp.o
                0x500611cc                GetWeldHistory(WebHistoryData*, long)
                0x500612a8                WriteWeldHistory()
 .text          0x50061614      0xaf6 obj-WC/ScanResDetect_cpp.o
                0x50062050                DetectResonance()
                0x500616c4                LineFit(unsigned long*, short*, unsigned short)
                0x50061a8c                LowestImpedencePoint(unsigned short)
                0x5006166c                ApplyFilter(short*, short)
                0x50061614                FindZeroCrossing(short*, short)
                0x50061b98                FindResonanceInCluster()
                0x50061980                HighestImpedencePoint(unsigned short)
 *fill*         0x5006210a        0x2 00
 .text          0x5006210c      0x7a0 obj-WC/FirmWareUpgrade_cpp.o
                0x50062564                FirmWareUpgradeTask::FUWriteQueue(FirmwareUpgradeCommand const&)
                0x5006219e                FirmWareUpgradeTask::SendFileToLCDA(unsigned char*, long)
                0x50062290                FirmWareUpgradeTask::SendFileToNode(ip_addr, unsigned short, unsigned char*, long, FirmWareUpgradeTask::FUPacketType)
                0x5006210c                FirmWareUpgradeTask::SendFirmwareUpgradeProgressToWebsite(char*)
                0x50062428                FirmWareUpgradeTask::FirmWareUpgradeTask(int)
                0x5006263a                FirmWareUpgradeTask::Run()
                0x500624c6                FirmWareUpgradeTask::FirmWareUpgradeTask(int)
                0x50062114                FirmWareUpgradeTask::CreateUpgradeSocket()
 .text          0x500628ac      0x336 obj-WC/RTClock_cpp.o
                0x50062a80                RTClock::GetCurrentTime(RTCTime*)
                0x50062952                RTClock::SetCurrentTime(RTCTime*)
                0x500628fe                RTClock::Bcd2Bin8(unsigned char)
                0x50062b56                RTClock::InitRTC()
                0x500628ac                RTClock::Bin2Bcd8(unsigned char)
 *fill*         0x50062be2        0x2 00
 .text          0x50062be4     0x1c30 obj-WC/UserIO_cpp.o
                0x5006442e                UserIO::ConfigureBransonDefaultUserIOs()
                0x500633b4                UserIO::GetAnalogOUTPutValue(ANALOG_OUTPUTS)
                0x50063038                UserIO::SetActuaterHome(bool)
                0x500637f2                UserIO::ReadInputs()
                0x50062eda                UserIO::CheckForCycleRunning()
                0x500636b8                UserIO::CheckForHornScan()
                0x50062be4                InitExternalToFreqOffsetMapping()
                0x50062f46                UserIO::SetSeekOut(bool)
                0x50064672                UserIO::ResetUserIO()
                0x5006309e                UserIO::SetWeldCycleComplete(bool)
                0x500631c6                UserIO::SetOutputAmplitude(long)
                0x5006368c                UserIO::CheckForHornDownMode()
                0x500634e2                UserIO::GetDigINPutValue(DIGITAL_INPUTS)
                0x50063310                UserIO::SetCustomAlarmOutput(bool)
                0x50062fa8                UserIO::SetAfterBurstTimeActive(bool)
                0x500636ce                UserIO::CheckForGroundDetect()
                0x50062fba                UserIO::SetPlusTimeLimitAlarm(bool)
                0x50063710                CheckForLoadNewPreset()
                0x5006363a                UserIO::CheckForULS()
                0x50063762                UserIO::CheckForLockOutChange()
                0x50062d82                UserIO::WriteOutputs()
                0x500632a6                UserIO::GetDigitaloutputActivityStatus(long)
                0x50063c6a                UserIO::AssignAnalogOutputFunction(ANALOG_OUTPUTS, unsigned short, bool)
                0x5006336c                UserIO::SetAnalogOUTPutValue(ANALOG_OUTPUTS, long)
                0x50062ff0                UserIO::SetMinusEnergyLimitAlarm(bool)
                0x50063ae0                UserIO::ClearFRAMIOConfig()
                0x50062f14                UserIO::SetGenAlarm(bool)
                0x50062f34                UserIO::SetStatusOutput(bool)
                0x50062e58                UserIO::CheckForCableDetect()
                0x50063650                UserIO::CheckForStartCycle()
                0x5006378e                UserIO::CheckForExternalStart()
                0x50063496                UserIO::GetDigOutPutValue(DIGITAL_OUTPUTS)
                0x500630f8                UserIO::SetStartSignalRelease(bool)
                0x500641ea                UserIO::ConfigureRFDefaultUserIOs()
                0x50063322                ClearAlarmOutputs()
                0x5006321e                UserIO::SetOutputFrequency(long)
                0x50063a5a                UserIO::CheckForExtRecallPreset()
                0x50062fde                UserIO::SetPlusEnergyLimitAlarm(bool)
                0x500630b0                UserIO::SetPreloadedCycleCountReached(bool)
                0x50063666                UserIO::CheckForPartInPlace()
                0x50062efa                UserIO::SetSonicsActive(bool)
                0x50063d24                UserIO::AssignDigitalInputFunction(DIGITAL_INPUTS, unsigned short, bool)
                0x50062f72                UserIO::SetPresetChanged(bool)
                0x50064550                UserIO::ConfigureUserIOsFromFRAM()
                0x5006430c                UserIO::ConfigureActuatorDefaultUserIOs()
                0x50062ec8                UserIO::SetCycleStartOut(bool)
                0x50062e86                UserIO::InitCableDetectEnabledFlag()
                0x50062fcc                UserIO::SetMinusTimeLimitAlarm(bool)
                0x5006304a                UserIO::SetRfselect(int)
                0x50063624                UserIO::CheckForActuatorPresent()
                0x50063276                UserIO::SetAutomationOP1(long)
                0x500635ac                UserIO::CheckSignalActive(bool)
                0x50062c4a                UserIO::DigFilterMIAAin(long, ANALOG_INPUTS)
                0x50063026                UserIO::SetOverloadAlarm(bool)
                0x5006374c                UserIO::CheckForSonicsDisable()
                0x50062d50                UserIO::WriteDigitalIO(long)
                0x50063288                UserIO::GetDigitalinputActivityStatus(long)
                0x50063726                UserIO::CheckForInterLockInPlace()
                0x50063182                UserIO::GetCustomAIn2()
                0x500631f2                UserIO::SetOutputPower(long)
                0x50063002                UserIO::SetPlusPeakPowerLimitAlarm(bool)
                0x50062e74                UserIO::SetCableDetectEnabledFlag(bool)
                0x50062d74                UserIO::ClearOutputs()
                0x5006310a                UserIO::GetExternalAmplitude()
                0x5006344c                UserIO::SetDigOutPutValue(DIGITAL_OUTPUTS, bool)
                0x500637a4                UserIO::CheckForLoadNewPreset()
                0x500640b4                UserIO::ConfigureCustomDefaultUserIOs()
                0x500630c2                UserIO::SetInHorndownMode(bool)
                0x500637dc                UserIO::CheckForExternalAmpStep()
                0x50062ee8                UserIO::SetReady(bool)
                0x500631a4                UserIO::GetCustomAIn1()
                0x50063014                UserIO::SetMinusPeakPowerLimitAlarm(bool)
                0x50063610                UserIO::CheckForTrigger()
                0x50063400                UserIO::GetAnalogINPutValue(ANALOG_INPUTS)
                0x500636a2                UserIO::CheckForExternalTest()
                0x50062f96                UserIO::SetAfterBurstDelayActive(bool)
                0x5006355c                UserIO::CheckForRfswitchfeedback()
                0x5006352e                UserIO::GetAlarmStatus()
                0x500630e6                UserIO::SetAmplitude1_2(bool)
                0x50063b00                UserIO::AssignAnalogInputFunction(ANALOG_INPUTS, unsigned short, bool)
                0x500635fc                UserIO::CheckForRfStatusfeedback()
                0x50063778                UserIO::CheckForExternalSonicsDelay()
                0x50062f84                UserIO::SetHoldTimeActive(bool)
                0x500636fa                UserIO::CheckForCycleAbort()
                0x50062cd0                UserIO::ReadDigitalIO()
                0x500630d4                UserIO::SetEndOfHoldTime(bool)
                0x50063144                UserIO::GetExternalFrequency()
                0x500646a0                UserIO::InitUserIO()
                0x500636e4                UserIO::CheckForMemoryClear()
                0x50062e66                UserIO::CheckForCableDetectEanbled()
                0x50062f60                UserIO::SetCycleOK(bool)
                0x500632c4                UserIO::FanEnable(bool)
                0x50062f26                UserIO::GetReadyFlag()
                0x50063f34                UserIO::AssignDigitalOutputFunction(DIGITAL_OUTPUTS, unsigned short, bool)
 .text          0x50064814      0x250 obj-WC/StateMachineDrv_cpp.o
                0x50064844                SelectWeldSequence()
                0x50064a16                PrintStateName()
                0x50064936                Restart()
                0x50064824                ResetStateMachine()
                0x50064814                StartStateMachine()
                0x50064924                SelectWCSequence()
                0x50064946                StateMachine()
 .text          0x50064a64      0x726 obj-WC/ModBusRcvTask_cpp.o
                0x50064bc2                ModBusRcvTask::CreateAndBindSocket()
                0x50064c54                ModBusRcvTask::ModBusRcvTask(long)
                0x50064cac                ModBusRcvTask::ModBusRcvTask(long)
                0x50064d04                ModBusRcvTask::ProcessModBusReply(long)
                0x50064b96                ModBusRcvTask::CloseSocket()
                0x50064b54                ModBusRcvTask::Block()
                0x50064f80                ModBusRcvTask::Run()
 *fill*         0x5006518a        0x2 00
 .text          0x5006518c     0x3e02 obj-WC/ReceiveCommandHandler_cpp.o
                0x50068bcc                ReceiveCommandHandler::Run()
                0x500651d4                ReceiveCommandHandler::xtoi(char)
                0x50065958                ReceiveCommandHandler::GetMaxParameterValues()
                0x50068e5e                ReceiveCommandHandler::ReceiveCommandHandler()
                0x50065f24                ReceiveCommandHandler::ProcessRegUpdateCommand(DataReg, unsigned long)
                0x500680c0                ReceiveCommandHandler::TransmitPollingCommandReply(unsigned char, unsigned short)
                0x5006518c                ReceiveCommandHandler::HexToAscii(void*, int, unsigned char*)
                0x50065dca                SendResetToLCDSC1054()
                0x500687ac                ReceiveCommandHandler::ProcessCommand(unsigned char*)
                0x50067f4a                ReceiveCommandHandler::PrepareDCXStatusByte()
                0x500677dc                ReceiveCommandHandler::UpdateLCDData()
                0x50065d9a                ConfigureResetLineForLCDSC1054()
                0x50065c0a                ReceiveCommandHandler::Tick()
                0x50065e08                SendResetToLCDWC1169()
                0x5006529c                ReceiveCommandHandler::VerifyCheckSum(unsigned char*, unsigned char)
                0x50068ef6                ReceiveCommandHandler::ReceiveCommandHandler()
                0x50067dcc                ReceiveCommandHandler::TransmitAsciiCommand(SerialCommand*)
                0x500677a6                ReceiveCommandHandler::SetAllColdStartParameter()
                0x50065be2                UpdateMinMaxLCDPreset(PSUPDATESPECIAL)
                0x50065240                ReceiveCommandHandler::AsciiToHex(void*, int, unsigned char*)
                0x50065b7c                ReceiveCommandHandler::CheckIfChanged(int)
                0x50065d6a                ConfigureResetLineForLCDWC1169()
                0x5006573c                ReceiveCommandHandler::GetMinParameterValues()
                0x50065d3a                ConfigureResetLineForLCDWC991()
                0x50065e46                SendResetToLCDWC991()
                0x5006533c                ReceiveCommandHandler::GetDefaultParameterValues()
                0x50065e84                ReceiveCommandHandler::SetDefaultIPSetUp()
 *fill*         0x50068f8e        0x2 00
 .text          0x50068f90      0xd2a obj-WC/ModBusSendTask_cpp.o
                0x500690aa                MBRegHoldingCB(unsigned char*, unsigned short, unsigned short, MBRegisterMode, unsigned char*, int)
                0x500694ba                ModBusSendTask::NotifyReadWriteEvent(long)
                0x50069428                ModBusSendTask::CreateAndBindSocket()
                0x500693b6                ModBusSendTask::NonBlock()
                0x50069552                ModBusSendTask::ModBusSendTask(long)
                0x500693fc                ModBusSendTask::CloseSocket()
                0x50069224                ModBusSendTask::ReadWriteMultipleRegisters(unsigned long, unsigned short, unsigned short, unsigned short, unsigned short, unsigned short)
                0x50069a1a                ModBusSendTask::Run()
                0x50069752                ModBusSendTask::StartPowerupCommunicationWithDCP()
                0x5006905a                ModBusSendTask::Tick()
                0x50069652                ModBusSendTask::ModBusSendTask(long)
                0x50068f90                ModBusSendTask::BuildQueryBasis(unsigned long, unsigned long, unsigned short, unsigned short, unsigned short, unsigned short)
 *fill*         0x50069cba        0x2 00
 .text          0x50069cbc      0xa58 obj-WC/FieldBus_cpp.o
                0x5006a056                FieldBus::ProtocolSpecificPreInit(void*)
                0x50069cbc                FieldBus::PrepareStatusSignal()
                0x5006a066                FieldBus::CheckForRfswitchfeedback()
                0x5006a120                FieldBus::ProcessControlSignal()
                0x5006a09c                FieldBus::GetExternalAmplitude()
                0x5006a0cc                FieldBus::GetExternalFrequencyOffset()
                0x5006a10a                FieldBus::CheckForMemoryClear()
                0x5006a4e2                FieldBus::RegisterApp(void*)
                0x5006a05e                FieldBus::ProtocolSpecificInit(void*)
                0x5006a6a4                FieldBus::FieldBus()
                0x5006a2e2                FindFieldBusType()
                0x5006a074                FieldBus::SetRfSelect(unsigned short)
                0x5006a634                FieldBus::FieldBus()
                0x5006a4ba                FieldBus::ReadCommonStatus(void*)
                0x5006a118                FieldBus::GetFaultData(unsigned long)
 .text          0x5006a714      0xad2 obj-WC/NRTModbusTask_cpp.o
                0x5006a7f4                NRTModbus::Run()
                0x5006a784                NRTModbus::NRTModbus()
                0x5006a714                NRTModbus::NRTModbus()
 *fill*         0x5006b1e6        0x2 00
 .text          0x5006b1e8     0x2e36 obj-WC/ProfiBus_cpp.o
                0x5006b422                ProfiBus::ProcessAnalogOutput()
                0x5006d37c                ProfiBus::UpdateOutputCyclic(unsigned char*)
                0x5006dfe8                ProfiBus::ProfiBus()
                0x5006cfc2                ProfiBus::ProcessMailBox(CIFX_PACKETtag*)
                0x5006d35a                ProfiBus::ProtocolSpecificPreInit(void*)
                0x5006c0a2                ProfiBus::ProcessPKW()
                0x5006b51c                HandleValue(unsigned short, ParaType, unsigned short, unsigned char, void*)
                0x5006ce6c                ProfiBus::GetWarmStartParams(CIFX_PACKETtag*)
                0x5006dfb2                ProfiBus::ProfiBus()
                0x5006d7d4                ProfiBus::UpdateInputCyclic(unsigned char*)
                0x5006b1e8                ProfiBus::HandleNewParameterData()
                0x5006d336                ProfiBus::ProtocolSpecificInit(void*)
                0x5006b3bc                ProfiBus::ProcessAnalogInput()
                0x5006c332                ProfiBus::HandleNewConfigData()
                0x5006c07a                ProfiBus::ReadExtendedStatus(void*)
 *fill*         0x5006e01e        0x2 00
 .text          0x5006e020     0x2c20 obj-WC/EthernetIP_cpp.o
                0x5006f252                EthernetIP::RegisterVendorSpecificClass(void*, unsigned long, bool)
                0x5006e410                EthernetIP::RegisterService(void*, unsigned long)
                0x5006e032                HandleValueEthIP(unsigned long, unsigned long, unsigned char, void*, unsigned long*)
                0x5006eaa8                EthernetIP::EthernetIP()
                0x5006f6b2                EthernetIP::SetAttribute(unsigned long, unsigned long, unsigned long, unsigned long, void*, bool)
                0x5006e808                EthernetIP::UpdateOutputCyclic(unsigned char*)
                0x5006e020                EthernetIP::CheckConnIndicationDetails(EIP_OBJECT_PACKET_CONNECTION_IND_Ttag*)
                0x5006f896                EthernetIP::ProtocolSpecificInit(void*)
                0x5006e6a8                EthernetIP::GetAttribute(unsigned long, unsigned long, unsigned long)
                0x5006e4d2                EthernetIP::RegisterForMSNSChange(void*)
                0x5006e884                EthernetIP::UpdateInputCyclic(unsigned char*)
                0x5006f944                EthernetIP::ProcessMailBox(CIFX_PACKETtag*)
                0x5006f3bc                EthernetIP::GetFaultData(unsigned long)
                0x5006e56e                EthernetIP::RegisterAssembly(void*, unsigned long, unsigned long, unsigned long, unsigned long)
                0x5006e934                EthernetIP::EthernetIP()
                0x5006e1ca                EthernetIP::ProcessExplicitMsgRequest(unsigned long, unsigned long, unsigned long, unsigned long, unsigned char*, unsigned long*)
                0x5006f4ce                EthernetIP::HandleResetServiceIndication(EIP_OBJECT_PACKET_RESET_IND_Ttag*)
                0x5006ec1c                EthernetIP::GetWarmStartParams(CIFX_PACKETtag*)
                0x5006e02a                EthernetIP::ReadExtendedStatus(void*)
 .text          0x50070c40      0x9ba obj-WC/WelderSearchTask_cpp.o
                0x50071164                WelderSearchTask::CloseSocket()
                0x50070c40                WelderSearchTask::SendDcxMdata(unsigned long)
                0x50071346                WelderSearchTask::PrepareFDSets()
                0x500713c0                WelderSearchTask::Run()
                0x50071190                WelderSearchTask::CreateAndBindSocket()
                0x50071222                WelderSearchTask::WelderSearchTask(long)
                0x500710fe                WelderSearchTask::Poll()
                0x5007126e                WelderSearchTask::WelderSearchTask(long)
                0x500712ba                WelderSearchTask::Tick()
                0x5007113e                WelderSearchTask::NonBlock()
 *fill*         0x500715fa        0x2 00
 .text          0x500715fc     0x1350 obj-WC/VerifyPreset_cpp.o
                0x500715fc                VerifyPreset(bool)
 .text          0x5007294c      0x100 obj-WC/ObjDictionary_cpp.o
                0x5007295c                ObjDictionary::ObjDictionary(MODBusODEntry const*)
                0x5007296c                ObjDictionary::FindOdEntry(unsigned short)
                0x500729cc                ObjDictionary::FindOdEntry(unsigned short, unsigned short*)
                0x5007294c                ObjDictionary::ObjDictionary(MODBusODEntry const*)
 .text          0x50072a4c       0x82 obj-WC/counter_cpp.o
                0x50072a4c                ResetManFErrorCounter(bool)
                0x50072a94                ReadManFErrorCounter()
                0x50072aa6                IncrementManFErrorCycleCounter()
 *fill*         0x50072ace        0x2 00
 .text          0x50072ad0     0x1046 obj-WC/FieldbusTask_cpp.o
                0x50073490                FieldbusTask::FieldbusTask(FieldBus*)
                0x50072b1e                FieldbusTask::UpdateMailBox(CHANNELINSTANCEtag*)
                0x50073358                FieldbusTask::DPMMain()
                0x50072c78                FieldbusTask::UpdateIOImage(CHANNELINSTANCEtag*)
                0x500731a6                FieldbusTask::GetVersionInfo()
                0x50072ad0                BasicDPRAMTest()
                0x50073592                FieldbusTask::FieldbusTask(FieldBus*)
                0x50073694                FieldbusTask::Run()
                0x5007301e                FieldbusTask::SendWarmStart()
                0x500730e8                FbTaskMSTick()
 *fill*         0x50073b16        0x2 00
 .text          0x50073b18     0x4472 obj-WC/StateFunctions_cpp.o
                0x50075ef0                HoldOffTimeExit()
                0x50075840                ErrorExit()
                0x50073d2e                EnergyBrakeEntry()
                0x50074796                PreReadyPassNoAct()
                0x50076988                ReadyEntry()
                0x50076c02                ReadyPassACT()
                0x500765ba                PreReadyPassAct()
                0x50073b20                PreReadyEntry()
                0x50075f18                SonicsEntry()
                0x500767d2                UpdatePresetPassAct()
                0x50073b5e                ClearMemoryFrequency()
                0x500750c6                ScanPass()
                0x50073da8                HoldOffTimePassNoAct()
                0x500779ae                CheckLimitsPass()
                0x5007619a                WaitforULSTRSEntry()
                0x5007402e                HoldOffTimePassAct()
                0x50073d7e                EnergyBrakeExit()
                0x50075b8c                AfterBurstEntry()
                0x50074a7e                MfgCycleRunPass()
                0x50073ba6                CheckForCustomCutoffSetup()
                0x50073bf4                UpdatePresetExit()
                0x50073b4e                PreReadyExit()
                0x500761dc                CheckCustomCutoffs()
                0x500774c8                SeekPass()
                0x50074c72                EnergyBrakePassNoAct()
                0x50073caa                SonicsExit()
                0x50074d4e                ScanEntry()
                0x500744e0                ActSonicCheckGDDetctMode()
                0x500769fe                ReadyPassNoACT()
                0x50076236                SonicsPassNoAct()
                0x500768c4                ReadyExit()
                0x50075876                ErrorPass()
                0x50076fac                PowerUpPass()
                0x50073dd0                SeekExit()
                0x500741fc                SelectRFRelayIO(unsigned short)
                0x500751c6                TestExit()
                0x50073eb8                CheckforRFSwitching()
                0x500766e0                UpdatePresetPassNoAct()
                0x500740d8                SelectRFRelayFB(unsigned short)
                0x50073f94                HandleRFSwitching()
                0x500763da                WaitforULSTRSPass()
                0x50074cba                EnergyBrakePassAct()
                0x50075d44                AfterBurstExit()
                0x50074334                NoActSonicCheckGDDetctMode()
                0x50076128                SonicsEntryAct()
                0x50077c8c                UpdatePresetEntry()
                0x50075d9a                CheckLimitsExit()
                0x50074a1c                MfgCycleExit()
                0x5007483e                CheckForStepping()
                0x50075af6                CheckLimitsEntry()
                0x50074076                ActSonicCheckTimeEngPwrMode()
                0x50074dce                ScanExit()
                0x50073c6a                NoActSonicCheckTimeEngPwrMode()
                0x50075714                SeekEntry()
                0x50073b18                Nothing()
                0x50075a60                CycleAbortEntry()
                0x50073c36                NoActSonicCheckContMode()
                0x500746b0                CheckMemClearReset()
                0x500772f4                TestPass()
                0x50075ea4                HoldOffTimeEntry()
                0x50077852                CycleAbortPass()
                0x50074972                CheckForPresetChange()
                0x50073dfe                MfgCycleStartEntry()
                0x500760c2                SonicsEntryNoAct()
                0x50075364                TestEntry()
                0x50075974                CycleAbortExit()
                0x50073c0a                ActSonicCheckContMode()
                0x50076308                SonicsPassAct()
                0x50076eac                PowerUpEntry()
                0x50074728                CheckForNoInput()
                0x50075bf8                AfterBurstPass()
                0x500771f4                ErrorEntry()
 *fill*         0x50077f8a        0x2 00
 .text          0x50077f8c       0x8a obj-WC/StateTable_cpp.o
 *fill*         0x50078016        0x2 00
 .text          0x50078018      0x73c obj-WC/Alarms_cpp.o
                0x5007806c                CreateAlarm()
                0x5007832e                CreateDCPGeneralAlarm(unsigned long)
                0x50078170                AlarmQueueWrite(Alarms)
                0x500783a6                CreateOverloadAlarm(unsigned long)
                0x50078018                GetAlarmStringFromID(Alarms)
                0x500780d4                PrepareAlarmData()
 .text          0x50078754     0x370c obj-WC/FieldbusTable_cpp.o
                0x5007991e                ParamAccessPostCallback(unsigned short, void*, long, unsigned char, unsigned long*)
                0x50078790                InitBaseIndexes()
                0x5007bd96                SetMinMaxParamForFbTable(PSUPDATESPECIAL)
                0x50078bd2                CheckParameterRange(long, void*)
                0x5007b4ba                WriteParamEthIP(bool, void*, unsigned long*, unsigned long, unsigned long)
                0x5007b0f0                ReadParam(ParaType, ParamSpecialAccess, void*, unsigned long, unsigned short)
                0x5007b95e                WriteParam(ParaType, ParamSpecialAccess, bool, void*, unsigned long, unsigned short)
                0x500789fa                GetParameterIndexInTable(unsigned short)
                0x5007ad68                ReadParamEthIP(void*, unsigned long*, unsigned long, unsigned long)
                0x50079dd4                ParamAccessPreCallback(unsigned short, void*, long, unsigned char, unsigned long*)
 .text          0x5007be60      0x138 obj-WC/ShutDownTask_cpp.o
                0x5007bef6                ShutDownTask::ShutDownTask()
                0x5007bf2e                ShutDownTask::Run()
                0x5007be60                ShutDownTask::ShutDown()
                0x5007bebe                ShutDownTask::ShutDownTask()
 .text          0x5007bf98      0x2f8 obj-WC/ExternalStatusTask_cpp.o
                0x5007c222                ExternalStatusTask::ExternalStatusTask()
                0x5007c1b4                ExternalStatusTask::ExternalStatusTask()
                0x5007bf98                ExternalStatusTask::Tick()
                0x5007c088                ExternalStatusTask::Run()
 .text          0x5007c290     0x3f0a obj-WC/BDMTask_cpp.o
                0x5007c354                LoopBkgdDir()
                0x5007da36                LoopBkgd()
                0x5007c290                LoopReset()
                0x5007dba4                BdmTest()
                0x5007de58                BdmProgram(unsigned char*, int)
                0x5007c498                LoopInput()
                0x5007c65c                WriteSomeMoreData(BDM08)
                0x5007d956                BdmTestBreakpoint(BDM08&, int)
                0x5007c654                Expect(int, int)
                0x5007d9fc                BdmBackground(BDM08&)
 *fill*         0x5008019a        0x2 00
 .text          0x5008019c     0x1542 obj-WC/BDM08_cpp.o
                0x500802ec                BDM08::SetBkgdInWC991()
                0x50080ca8                BDM08::ReadBkpt()
                0x50080a02                BDM08::Transfer(unsigned char*, int, unsigned char*, int)
                0x50080cf2                BDM08::Background()
                0x5008041e                BDM08::SetBkgdSC1054(int)
                0x50080ea0                BDM08::VerifyHXBlank(int, int)
                0x50081058                BDM08::WriteA(int)
                0x50080260                BDM08::SetResetWC991(int)
                0x5008048e                BDM08::Reset10usBkgd()
                0x50080326                BDM08::SetResetWC1169(int)
                0x500805d6                BDM08::Send(int)
                0x50080874                BDM08::Recv(unsigned char*, int)
                0x50081178                BDM08::Sync()
                0x50081200                BDM08::WriteCCR(int)
                0x50080224                BDM08::~BDM08()
                0x5008053a                BDM08::Reset()
                0x5008130c                BDM08::WritePC(int)
                0x500812c2                BDM08::ReadSP()
                0x50080234                BDM08::Expect(int, int)
                0x50080d28                BDM08::Go()
                0x50080da6                BDM08::ReadHX()
                0x50080478                BDM08::SetBkgdInSC1054()
                0x50080a8e                BDM08::WriteByte(int, int)
                0x50080b86                BDM08::ReadByte(int, unsigned char*, int)
                0x50081096                BDM08::ReadA()
                0x500801e0                BDM08::BDM08()
                0x5008038a                BDM08::GetBkgdWC1169()
                0x500806bc                BDM08::SyncCycle(int)
                0x50080b42                BDM08::ReadByte(int)
                0x50080fa0                BDM08::WriteNext(int, unsigned char)
                0x50081148                BDM08::PrepareProgram()
                0x500816b8                BDM08::ProgramFlashByte(int, int)
                0x500814fa                BDM08::ProgramFlash(int, unsigned char*, int)
                0x50080f20                BDM08::WriteNext(int, unsigned char*, int)
                0x5008039c                BDM08::SetBkgdOutWC1169()
                0x500802d6                BDM08::SetBkgdOutWC991()
                0x50081686                BDM08::ProgramFlashWord(int, int)
                0x5008019c                BDM08::BDM08()
                0x50080358                BDM08::SetBkgdWC1169(int)
                0x50080462                BDM08::SetBkgdOutSC1054()
                0x5008123e                BDM08::ReadCCR()
                0x5008022c                BDM08::~BDM08()
                0x50080bfe                BDM08::PrepareCalculateChecksum()
                0x500803c8                BDM08::InitBDMPinsSC1054()
                0x50080c60                BDM08::WriteBkpt(int)
                0x500810d0                BDM08::WriteSCR(int)
                0x5008127a                BDM08::WriteSP(int)
                0x500803ec                BDM08::SetResetSC1054(int)
                0x50080df0                BDM08::VerifyHX(int, unsigned char*, int)
                0x50080292                BDM08::SetBkgdWC991(int)
                0x50081354                BDM08::ReadPC()
                0x500803b2                BDM08::SetBkgdInWC1169()
                0x50080fc8                BDM08::ReadNext(int, unsigned char*, int)
                0x50080450                BDM08::GetBkgdSC1054()
                0x50080d5e                BDM08::WriteHX(int)
                0x5008023c                BDM08::InitBDMPinsWC991()
                0x50080ad6                BDM08::WriteByte(int, unsigned char*, int)
                0x5008110e                BDM08::ReadSCR()
                0x500802c4                BDM08::GetBkgdWC991()
                0x5008139e                BDM08::CalculateChecksum(int, int)
                0x50080302                BDM08::InitBDMPinsWC1169()
 *fill*         0x500816de        0x2 00
 .text          0x500816e0     0x1f70 obj-WC/DcxManagerHandler_cpp.o
                0x50082c10                JSONAlarm::CreateJsonObj()
                0x500835ee                ClearJsonObjects()
                0x50081e94                WritePresetForDCXM(bool)
                0x5008173e                DcxMangerHandler::JSONSetHandler(ip_addr, char*, char*)
                0x500833e4                WriteWeldResultForDCXM(WeldResult*, unsigned long)
                0x50081bce                WriteWeldDatForDCXM(HornWeldPointData*, unsigned long)
                0x50082c64                JSONWeldResult::CreateJsonObj()
                0x50082f40                DcxMangerHandler::InitDcxMangerHandler(long, long)
                0x50083246                JSONHandler(char*, HTTPReplyHeader&, char*, ip_addr, int)
                0x50082b90                CycleDataSend(ip_addr, long*)
                0x50081776                DcxMangerHandler::JSONStopHandler(ip_addr, char*)
                0x50082f92                DcxMangerHandler::JSONGetHandler(ip_addr, char*)
                0x500817b6                InitJsonObjsKeys()
                0x500819b6                WriteAlarmForDCXM(long*, bool)
                0x50082d02                JSONWeldData::CreateJsonObj()
                0x50082cc4                JSONPreset::CreateJsonObj()
                0x50081ab6                WriteCycleCounterForDCXM(bool, bool, long, bool, long*, bool)
                0x50082e28                JSONCycleNumber::CreateJsonObj()
 .text          0x50083650        0x0 obj-WC/cifXToolkit/HWInterface/DPMInterface_cpp.o
 .text          0x50083650      0x25a obj-WC/cifXToolkit/OSAbstraction/OS_Custom_cpp.o
                0x5008389e                OS_Memfree
                0x5008370a                OS_MapUserPointer
                0x5008365e                OS_GetMilliSecCounter
                0x500836cc                OS_DeleteLock
                0x500837ba                OS_Strcmp
                0x500836c4                OS_DeleteMutex
                0x500837fa                OS_Memmove
                0x50083796                OS_Strncpy
                0x500836d4                OS_FileOpen
                0x500836f8                OS_WritePCIConfig
                0x5008366c                OS_CreateEvent
                0x5008374a                OS_DisableInterrupts
                0x50083676                OS_SetEvent
                0x500836bc                OS_LeaveLock
                0x500837c6                OS_Sleep
                0x500837ee                OS_Memcpy
                0x5008367e                OS_DeleteEvent
                0x50083726                OS_Init
                0x5008385e                OS_Memcmp
                0x5008387e                OS_Memrealloc
                0x50083700                OS_ReadPCIConfig
                0x50083770                OS_EnableInterrupts
                0x5008386a                OS_Memset
                0x500836a2                OS_WaitMutex
                0x500837d2                OS_Memalloc
                0x5008371c                OS_UnmapUserPointer
                0x500837a2                OS_Strlen
                0x50083690                OS_CreateMutex
                0x500836de                OS_FileClose
                0x50083650                ReadByte(unsigned long)
                0x500836f0                OS_Deinit
                0x5008369a                OS_CreateLock
                0x500836ac                OS_EnterLock
                0x500836b4                OS_ReleaseMutex
                0x500836e6                OS_FileRead
                0x50083686                OS_WaitEvent
                0x500837ae                OS_Strnicmp
 *fill*         0x500838aa        0x2 00
 .text          0x500838ac     0x1642 obj-WC/cifXToolkit/Source/cifXDownload_cpp.o
                0x50083a38                DEV_UploadFile
                0x50084682                DEV_CheckForDownload
                0x50084a50                DEV_RemoveFWFiles
                0x5008498c                DEV_GetFWTransferTypeFromFileName
                0x50084cae                DEV_ProcessFWDownload
                0x5008488c                DEV_IsNXOFile
                0x50084b42                DEV_RemoveChannelFiles
                0x50084046                DEV_DownloadFile
                0x5008483e                DEV_IsNXFFile
                0x500838ee                DEV_DeleteFile
                0x500848da                DEV_IsFWFile
 *fill*         0x50084eee        0x2 00
 .text          0x50084ef0      0x114 obj-WC/cifXToolkit/Source/cifXEndianess_cpp.o
                0x50084ef0                cifXConvertEndianess(void*, int, CIFX_ENDIANESS_ENTRY_Ttag const*, int)
 .text          0x50085004     0x26ea obj-WC/cifXToolkit/Source/cifXFunctions_cpp.o
                0x500870b6                xChannelGetPacket
                0x5008723e                xChannelGetMBXState
                0x50086f4a                xSysdeviceReset
                0x500851f2                HwIfRead32(void*, void*)
                0x500874d4                xSysdeviceBootstart
                0x500851cc                HwIfWrite8(void*, void*, void*)
                0x50087368                xChannelOpen
                0x50085302                xChannelSyncState
                0x5008522e                HwIfRead8(void*, void*)
                0x50086282                xSysdeviceInfo
                0x50085004                xSysdeviceClose
                0x50087422                xSysdeviceOpen
                0x50085d20                xChannelWatchdog
                0x50086712                xChannelPLCActivateWrite
                0x50085c3a                xDriverGetErrorDescription
                0x50085028                xDriverOpen
                0x50085c8a                xDriverGetInformation
                0x50086034                xChannelPLCMemoryPtr
                0x5008711a                xSysdeviceGetPacket
                0x50087256                xChannelDownload
                0x5008663c                xChannelPLCActivateRead
                0x500867e8                xChannelPLCIsWriteReady
                0x5008588e                xSysdeviceFindNextFile
                0x5008717e                xChannelPutPacket
                0x5008724a                xSysdeviceGetMBXState
                0x500868d2                xChannelPLCIsReadReady
                0x50085c18                xChannelFindFirstFile
                0x500851a6                HwIfWrite16(void*, void*, void*)
                0x50086170                xDriverEnumBoards
                0x5008524c                xChannelIOReadSendData
                0x500871de                xSysdevicePutPacket
                0x50085cda                xChannelHostState
                0x50085016                xChannelClose
                0x5008585c                xChannelUpload
                0x50086afe                xChannelControlBlock
                0x50086c84                xChannelIOWrite
                0x50086b80                xChannelIOInfo
                0x50085210                HwIfRead16(void*, void*)
                0x500874e0                xSysdeviceDownload
                0x50085180                HwIfWrite32(void*, void*, void*)
                0x50085a48                xChannelFindNextFile
                0x50085d2c                xChannelInfo
                0x500852a6                xChannelGetSendPacket
                0x50085052                xDriverClose
                0x50085a6a                xSysdeviceFindFirstFile
                0x50086de8                xChannelIORead
                0x50086f56                xChannelReset
                0x50086a1e                xChannelExtendedStatusBlock
                0x500854fe                xChannelRegisterNotification
                0x50086a6e                xChannelCommonStatusBlock
                0x50086f9a                xChannelBusState
                0x50085082                xChannelUnregisterNotification
                0x500869ba                xChannelUserBlock
                0x50085f04                xDriverMemoryPointer
                0x50085e94                xDriverEnumChannels
                0x50086fa6                xChannelConfigLock
                0x5008579e                xSysdeviceUpload
 *fill*         0x500876ee        0x2 00
 .text          0x500876f0     0x1d08 obj-WC/cifXToolkit/Source/cifXHWFunctions_cpp.o
                0x50087c60                DEV_GetMBXState
                0x50087bb0                DEV_IsReady
                0x50087ac4                DEV_TriggerWatchdog
                0x50088e16                DEV_BusState
                0x50087f66                DEV_WaitForReady_Poll
                0x50087d68                DEV_ToggleSyncBit
                0x500887f2                DEV_WaitForBitState
                0x500876f0                DEV_GetIOBitstate
                0x50087e5e                DEV_WaitForRunning_Poll
                0x50088c98                DEV_CheckCOSFlags
                0x50087c2c                DEV_GetHostState
                0x50088bb6                DEV_SetHostState
                0x50088fce                DEV_GetPacket
                0x50087ed0                DEV_WaitForNotRunning_Poll
                0x50087cd6                DEV_IsCommunicating
                0x50087db6                DEV_ReadWriteBlock
                0x500890f4                DEV_PutPacket
                0x500886aa                DEV_WaitForSyncState
                0x5008807e                DEV_WaitForNotReady_Poll
                0x5008920a                DEV_TransferPacket
                0x50087898                DEV_ReadHandshakeFlags
                0x5008819c                DEV_DoSystemBootstart
                0x500889ac                DEV_DoHostCOSChange
                0x5008775c                DEV_ToggleBit
                0x500879cc                DEV_GetHandshakeBitState
                0x50088aa8                DEV_DoChannelInit
                0x50087a34                DEV_IsRunning
                0x5008930c                DEV_DeleteConfig
                0x500877a8                DEV_ReadHostFlags
                0x5008785c                DEV_WriteHandshakeFlags
                0x5008845a                DEV_DoSystemStart
 .text          0x500893f8     0x2706 obj-WC/cifXToolkit/Source/cifXInit_cpp.o
                0x5008b7d2                cifXStartModule(DEVICEINSTANCEtag*, unsigned long, char*, unsigned long, void (*)(CIFX_PACKETtag*, void*), void*)
                0x5008b694                cifXTKitAddDevice
                0x5008942c                cifXTKitDisableHWInterrupt
                0x5008a052                cifXReadFirmwareIdent(DEVICEINSTANCEtag*, unsigned long, void (*)(CIFX_PACKETtag*, void*), void*)
                0x5008ba92                cifXTKitCyclicTimer
                0x50089902                cifXTKitDeinit
                0x50089bb0                IntHandlerExternal(int, void*)
                0x5008945c                cifXHandleWarmstartParameter
                0x500899d4                cifXTKitInit
                0x500893f8                cifXTKitEnableHWInterrupt
                0x50089a90                cifXTKitRemoveDevice
 *fill*         0x5008bafe        0x2 00
 .text          0x5008bb00      0x7fa obj-WC/cifXToolkit/Source/cifXInterrupt_cpp.o
                0x5008c09e                cifXTKitISRHandler
                0x5008bc26                cifXTKitDSRHandler
 *fill*         0x5008c2fa        0x2 00
 .text          0x5008c2fc     0x20da obj-WC/cifXToolkit/Source/md5_cpp.o
                0x5008e22a                md5_init
                0x5008c2fc                md5_memcpy(void*, void const*, long)
                0x5008e344                md5_finish
                0x5008e264                md5_append
 *fill*         0x5008e3d6        0x2 00
 .text          0x5008e3d8       0x5e obj-WC/cifXToolkit/User/TKitUser_Custom_cpp.o
                0x5008e3f6                USER_GetConfigurationFile
                0x5008e41a                USER_GetWarmstartParameters
                0x5008e3e2                USER_GetFirmwareFile
                0x5008e400                USER_GetOSFile
                0x5008e42c                USER_GetInterruptEnable
                0x5008e3d8                USER_GetFirmwareFileCount
                0x5008e424                USER_Trace
                0x5008e3ec                USER_GetConfigurationFileCount
                0x5008e40a                USER_GetBootloaderFile
                0x5008e412                USER_GetAliasName
 *fill*         0x5008e436        0x2 00
 .text          0x5008e438      0x4c0 C:/RTOS-MCF5445x/libRTOS-MCF5445x.a(54455_CPU_cpp.o)
                0x5008e632                CPU::SetupDefaultHandler(void (*)(int, void*), CpuInterrupt, int, int, int)
                0x5008e438                CPU::InstallTaskSwitchRoutine(void (*)())
                0x5008e4f8                CPU::Restart()
                0x5008e50e                CPU::ClearExternalInterrupt(int)
                0x5008e852                CPU::SetupChipSelect(int, int, int, void volatile*)
                0x5008e5d8                CPU::InstallRtosTimer(int, void (*)(), int)
                0x5008e54a                CPU::DisableExternalInterrupt(int)
                0x5008e44a                CPU::DelayMs(int)
                0x5008e488                CPU::DelayUs(int)
                0x5008e6ca                CPU::SetupHandler(void (*)(int, void*), CpuInterrupt, int, int, int)
                0x5008e4d6                CPU::InitInterrupts()
                0x5008e594                CPU::EnableExternalInterrupt(int)
                0x5008e7b2                CPU::InitExternalInterrupt(void (*)(int, void*), int, int, int, CpuInterruptMode, bool)
 .text          0x5008e8f8      0xed0 C:/RTOS-MCF5445x/libRTOS-MCF5445x.a(54455_Exception_cpp.o)
                0x5008e8f8                Exception::Init()
                0x5008e914                Exception::DefaultHandler(int, void*)
                0x5008f5b8                Exception::SetDefault(int, void (*)(int, void*), int)
                0x5008f632                Exception::FirstHandler(void*)
                0x5008f5f6                Exception::Set(int, void (*)(int, void*), int)
 .text          0x5008f7c8      0x6aa C:/RTOS-MCF5445x/libRTOS-MCF5445x.a(54455_PIT_cpp.o)
                0x5008fe18                PIT::IntHandler2(int, void*)
                0x5008f884                PIT::StartInt(int)
                0x5008f8d6                PIT::Remove(int)
                0x5008f842                PIT::StopInt(int)
                0x5008f7ea                PIT::IntHandler1(int, void*)
                0x5008fbae                PIT::PIT(int, int, int, int, void (*)(), int)
                0x5008f7c8                PIT::ResetInt(int)
                0x5008fd66                PIT::IntHandler0(int, void*)
                0x5008f9f6                PIT::PIT(int, int, int, int, void (*)(), int)
                0x5008fdbe                PIT::IntHandler3(int, void*)
 *fill*         0x5008fe72        0x2 00
 .text          0x5008fe74      0x956 C:/RTOS-MCF5445x/libRTOS-MCF5445x.a(54455_Serial_cpp.o)
                0x500905d4                Serial::Send(Task*, unsigned char, int)
                0x50090524                Serial::Serial(int, int)
                0x5008fe9e                Serial::EnableUARTInterrupt()
                0x5008fee6                Serial::IntHandler()
                0x5008fe74                Serial::WriteIMR(int)
                0x5009014e                Serial::Init(int, int, int, int, bool)
                0x50090474                Serial::Serial(int, int)
                0x5009073e                Serial::Receive(Task*, unsigned char&, int)
                0x500900e4                Serial::IntHandler(int, void*)
                0x5009068a                Serial::FlushOutputBuffer()
 *fill*         0x500907ca        0x2 00
 .text          0x500907cc      0x522 C:/RTOS-MCF5445x/libRTOS-MCF5445x.a(54455_FEC_cpp.o)
                0x50090822                FEC::~FEC()
                0x500907f8                FEC::~FEC()
                0x500907cc                FEC::IntHandler1(int, void*)
                0x5009084e                FEC::FEC(int, MII*, bool, unsigned char*)
                0x500907e2                FEC::IntHandler0(int, void*)
                0x50090838                FEC::~FEC()
                0x50090a9e                FEC::FEC(int, MII*, bool, unsigned char*)
 *fill*         0x50090cee        0x2 00
 .text          0x50090cf0      0x5dc C:/RTOS-MCF5445x/libRTOS-MCF5445x.a(54455_MMU_cpp.o)
                0x50090dbc                MMU::Init()
                0x50090cf0                MMU::Map(int, int, int, int, int, int, int, int, int, int)
                0x50091114                MMU::AccessError(void*)
                0x50090f9c                MMU::UnMap(int, int)
                0x50091014                MMU::RemapCodeData(bool, bool)
                0x50090d4a                MMU::Map(unsigned long)
 .text          0x500912cc       0x3e C:/RTOS-MCF5445x/libRTOS-MCF5445x.a(54455_CPU_asm.o)
                0x500912e6                CPU::MultiBootInit()
                0x500912cc                CPU::Init()
                0x50091300                CPU::SwitchStack(void*)
 *fill*         0x5009130a        0x2 00
 .text          0x5009130c       0x3a C:/RTOS-MCF5445x/libRTOS-MCF5445x.a(54455_Exception_asm.o)
                0x5009130c                AsmExceptionHandler
 *fill*         0x50091346        0x2 00
 .text          0x50091348       0x2c C:/RTOS-MCF5445x/libRTOS-MCF5445x.a(54455_MCF5445xRTOS_asm.o)
                0x5009135a                RTOS::ExecuteFirstTask()
                0x50091348                RTOS::TaskSwitch()
 .text          0x50091374       0x6e C:/RTOS-MCF5445x/libRTOS-MCF5445x.a(MCF_ArchDefs_cpp.o)
                0x50091386                ExitCritical(short)
                0x50091374                EnterCritical()
                0x500913c8                __cxa_pure_virtual
                0x500913c0                __cxa_atexit
                0x50091394                DisableInterrupts()
                0x500913b8                __cxa_guard_release
                0x500913a2                EnableInterrupts()
                0x500913b0                __cxa_guard_acquire
 *fill*         0x500913e2        0x2 00
 .text          0x500913e4      0xf9a C:/RTOS-MCF5445x/libRTOS-MCF5445x.a(MCF_FecBase_cpp.o)
                0x500916ae                FecBase::TxContinue()
                0x50091554                FecBase::PrintBDStatus()
                0x5009187c                FecBase::Stop()
                0x50091666                FecBase::~FecBase()
                0x500914aa                FecBase::GetLinkStatus()
                0x50091436                FecBase::TxStop()
                0x50091642                FecBase::~FecBase()
                0x500913e4                FecBase::IrqEnable()
                0x50091408                FecBase::IrqDisable()
                0x500914ba                FecBase::DebounceLinkStatus(bool)
                0x50091d4e                FecBase::IntHandler()
                0x5009226e                FecBase::Receive(unsigned char*, int)
                0x50091a1e                FecBase::FecBase(int, unsigned char*)
                0x500916ee                FecBase::TxHandler()
                0x5009148c                FecBase::ReleaseBD(FECBD*)
                0x5009168a                FecBase::~FecBase()
                0x5009141c                FecBase::RxContinue()
                0x50091980                FecBase::SetAddress(unsigned char const*)
                0x50091fce                FecBase::Init(bool)
                0x50091c46                FecBase::RxHandler()
                0x50091628                FecBase::Resend()
                0x50091528                FecBase::ReadLinkStatus()
                0x50091e0a                FecBase::InitBD()
                0x50092152                FecBase::Transmit(PktBuf*, int)
                0x50091966                FecBase::HashAddress(unsigned char const*)
                0x50091b32                FecBase::FecBase(int, unsigned char*)
 *fill*         0x5009237e        0x2 00
 .text          0x50092380       0xc8 C:/RTOS-MCF5445x/libRTOS-MCF5445x.a(MCF_MemoryInit_asm.o)
                0x50092408                SkipBss
                0x50092380                MemoryInit
 .text          0x50092448       0x6a C:/RTOS-MCF5445x/libRTOS-MCF5445x.a(MCF_ArchDefs_asm.o)
                0x50092448                memcpy
 *fill*         0x500924b2        0x2 00
 .text          0x500924b4      0x1d8 C:/RTOS-MCF5445x/libRTOS-MCF5445x.a(stdlib_Assert_cpp.o)
                0x500924b4                SystemCrash(char*, char*, int)
                0x500925a0                AssertFailed(char*, char*, int)
 .text          0x5009268c      0xd88 C:/RTOS-MCF5445x/libRTOS-MCF5445x.a(stdlib_Alloc_cpp.o)
                0x5009271a                MemHeader::FillDeallocatedData()
                0x50092b58                operator new(unsigned long)
                0x50092b00                malloc
                0x50092efc                MemHeader::SafetyTest(bool)
                0x5009340a                operator delete(void*)
                0x50093334                Memrealloc
                0x50092ba6                operator new[](unsigned long, char*, int)
                0x50092de0                ShowMemory
                0x50092b1a                calloc
                0x50092824                MallocAlignedNoCache
                0x500927d6                InitMemoryAllocation
                0x5009280e                FreeAlignedNoCache
                0x50092ae6                mallocNoInit
                0x50093400                operator delete[](void*)
                0x5009268c                MemHeader::FillSafetyAreas(bool)
                0x50092bc0                MemHeader::PTrace()
                0x50092b72                operator new(unsigned long, char*, int)
                0x50092b8c                operator new[](unsigned long)
                0x50092830                CallocAlignedNoCache
                0x50093088                CheckMemory(char*)
                0x50093102                free
 .text          0x50093414      0xecc C:/RTOS-MCF5445x/libRTOS-MCF5445x.a(stdlib_PrintF_cpp.o)
                0x500941fe                putchar
                0x50094192                printf
                0x50094266                puts
                0x5009410e                sprintf
                0x5009414c                pprintf
 .text          0x500942e0      0x610 C:/RTOS-MCF5445x/libRTOS-MCF5445x.a(stdlib_String_cpp.o)
                0x500943d8                strcpy
                0x5009469c                strlower
                0x500946d4                strrchr
                0x5009450c                stricmp
                0x50094366                strcat
                0x50094466                memchr
                0x50094720                strstr
                0x500945f0                strncmp
                0x5009489a                memmove(void*, void const*, unsigned int)
                0x50094786                strncpy
                0x50094400                memcmp
                0x5009439a                strncat
                0x50094852                strdup
                0x500942e0                memset
                0x50094438                strcmp
                0x500944c2                strnchr
                0x50094582                strnicmp
                0x500947ce                strnstr
                0x50094664                strupr
                0x50094342                strlen
                0x5009449a                strchr
 .text          0x500948f0      0x114 C:/RTOS-MCF5445x/libRTOS-MCF5445x.a(stdlib_StdLib_cpp.o)
                0x50094962                xtoi
                0x500949d2                otoi
                0x500948f0                atoi
 .text          0x50094a04      0x23a C:/RTOS-MCF5445x/libRTOS-MCF5445x.a(API_CyGOS_cpp.o)
                0x50094a2e                CyGOS::EnableDebug()
                0x50094a6a                CyGOS::DisableDebug()
                0x50094aa2                CyGOS::RegisterWatchdogCallback(void (*)())
                0x50094b26                CyGOS::InstallTimer(int, void (*)(), int)
                0x50094b0e                CyGOS::StopTimer(int)
                0x50094aca                CyGOS::DisableWatchDog()
                0x50094ae2                CyGOS::EnableWatchDog(bool)
                0x50094af6                CyGOS::InitWatchDog(int)
                0x50094c26                CyGOS::Start(int)
                0x50094a3e                CyGOS::RegisterTaskLoadLogCallback(void (*)(bool))
                0x50094b32                CyGOS::Restart()
                0x50094c1a                CyGOS::Stop()
                0x50094a50                CyGOS::LogTaskLoad()
                0x50094ad6                CyGOS::KickWatchDog()
                0x50094b02                CyGOS::RemoveTimer(int)
                0x50094b72                CyGOS::CreateLedTasks(int, int, void (*)(int, int))
                0x50094b66                CyGOS::PrintStatus(PrintStatusMode)
                0x50094c32                CyGOS::Init()
                0x50094ab4                CyGOS::WatchDogCallback()
                0x50094b4a                CyGOS::CreateTask(Task*, int&)
                0x50094b1a                CyGOS::StartTimer(int)
                0x50094a8c                CyGOS::ApplicationCrashCallBack()
                0x50094a04                CyGOS::GetTaskName(int)
                0x50094a7a                CyGOS::RegisterAppCrashCallback(void (*)())
                0x50094b3e                CyGOS::DelayMs(int)
 *fill*         0x50094c3e        0x2 00
 .text          0x50094c40      0x778 C:/RTOS-MCF5445x/libRTOS-MCF5445x.a(API_TCPIP_cpp.o)
                0x50094c7e                CyGOS::GetNetworkInterface(int)
                0x50094f08                CyGOS::SetupInterface(int, bool, bool)
                0x50094df0                CyGOS::SetGW(int, unsigned long)
                0x50095008                CyGOS::GetSubnetMaskStr(int)
                0x5009513a                CyGOS::CreateDhcpServerTask(int, DhcpServerConfiguration&, int&)
                0x50094ce8                CyGOS::GetGatewayAddress(int)
                0x50094ea4                CyGOS::SetupAddress(int, unsigned long, unsigned long)
                0x50094d6c                CyGOS::GetIPAddress(int)
                0x5009536a                CyGOS::CreateTcpipTasks(int&)
                0x50095274                CyGOS::AddTcpInterface(int, int&, unsigned char*, bool)
                0x500950a0                CyGOS::CreateDNSServerTask(int, int&)
                0x50095054                CyGOS::GetIPAddressStr(int)
                0x50094cbc                CyGOS::GetNetworkConfiguration(int)
                0x50094fbc                CyGOS::GetGatewayAddressStr(int)
                0x50095250                CyGOS::GetInterfaceName(int)
                0x50094e4e                CyGOS::IsNetworkConfigured(int)
                0x50094d2a                CyGOS::GetSubnetMask(int)
                0x500951dc                CyGOS::SetupHostName(int, char*)
                0x50094c40                CyGOS::SetEthernetLinkDebouncing(bool)
                0x50094dae                CyGOS::IsDhcpEnabled(int)
                0x50094f76                CyGOS::GetMacAddress(int)
 .text          0x500953b8      0x2fc C:/RTOS-MCF5445x/libRTOS-MCF5445x.a(API_LinkedList_cpp.o)
                0x50095438                LinkedListBase::GetNext(void*&) const
                0x500953dc                LinkedListBase::GetCount() const
                0x500954d4                LinkedListBase::RemoveTail()
                0x5009559e                LinkedListBase::~LinkedListBase()
                0x50095548                LinkedListBase::AddHead(void*)
                0x500953ca                LinkedListBase::LinkedListBase()
                0x5009541a                LinkedListBase::GetTail() const
                0x5009565a                LinkedListBase::AddTail(void*)
                0x50095466                LinkedListBase::RemoveAt(void*)
                0x500955dc                LinkedListBase::RemoveHead()
                0x5009550a                LinkedListBase::~LinkedListBase()
                0x50095610                LinkedListBase::Find(void*) const
                0x500953fe                LinkedListBase::GetHead() const
                0x500953b8                LinkedListBase::LinkedListBase()
 .text          0x500956b4      0x12c C:/RTOS-MCF5445x/libRTOS-MCF5445x.a(API_CRC_cpp.o)
                0x50095774                CalcCrc32_EDB88320
                0x50095712                CalcCrc16_1021
                0x500956b4                CalcCrc7_09
 .text          0x500957e0      0x194 C:/RTOS-MCF5445x/libRTOS-MCF5445x.a(API_FileSystems_cpp.o)
                0x50095818                CyGOS::FileClose(void*)
                0x500958ae                CyGOS::ReadSector(int, int, int, void*)
                0x5009586a                CyGOS::InitDriveImage(int, void*, int)
                0x500957e0                CyGOS::FileLength(void*)
                0x5009588a                CyGOS::WriteSector(int, int, int, void*)
                0x50095832                CyGOS::FileOpen(char const*, int, File**)
                0x50095852                CyGOS::RemoveDrive(int)
                0x5009591c                CyGOS::InitFileSystems(int&)
                0x500958d2                CyGOS::CreateBlockDevice(BlockDevice*, char const*, int&)
                0x500957f8                CyGOS::FileRead(void*, void*, int*)
 .text          0x50095974      0x2d8 C:/RTOS-MCF5445x/libRTOS-MCF5445x.a(API_TFTP_cpp.o)
                0x50095a0e                CyGOS::TftpReceive(int, char*, int*, void*)
                0x50095b30                CyGOS::TftpReceive(int, char*, int*, void*, ip_addr)
                0x50095bbe                CyGOS::TftpTransmit(int, char*, int, void*, ip_addr)
                0x50095974                CyGOS::CreateTftpClientTask(int, int&)
                0x50095aa0                CyGOS::TftpTransmit(int, char*, int, void*)
 .text          0x50095c4c      0x870 C:/RTOS-MCF5445x/libRTOS-MCF5445x.a(API_HTTP_cpp.o)
                0x500963a0                CyGOS::CreateHttpServerTask(int, int, int&)
                0x50095d8c                CyGOS::SetFileUploadSuccessMsg(int, int, char*)
                0x50096170                CyGOS::AddHttpFileUploadHandler(int, int, bool (*)(char*, int, char*, char*))
                0x50095d00                CyGOS::SetFileUploadRejectMsg(int, int, char*)
                0x50095fbc                CyGOS::AddToSendBackUploadDataList(int, int, char*, char*)
                0x50096288                CyGOS::AddHttpPostHandler(int, int, bool (*)(char*, char*, HTTPReplyHeader&))
                0x50096314                CyGOS::AddHttpGetHandler(int, int, bool (*)(char*, HTTPReplyHeader&))
                0x50095f30                CyGOS::SetResourceUnAvailableMsg(int, int, char*)
                0x50096050                CyGOS::AddToUploadSupportList(int, int, char*, int)
                0x500961fc                CyGOS::AddTickCallbackForWebSite(int, int, void (*)(int))
                0x50095e18                CyGOS::SetFileExtensionInvalidMsg(int, int, char*)
                0x500960e4                CyGOS::AddJSONHandler(int, int, bool (*)(char*, HTTPReplyHeader&, char*, ip_addr, int))
                0x50095ea4                CyGOS::SetFileLenInvalidMsg(int, int, char*)
 .text          0x500964bc      0x138 C:/RTOS-MCF5445x/libRTOS-MCF5445x.a(API_SysLog_cpp.o)
                0x50096520                CyGOS::GetSysEventStrigFromID(int)
                0x500964f6                CyGOS::WriteSystemEvent(int, int, int, unsigned int, bool)
                0x500964e4                CyGOS::RegisterSysLogCallback(void (*)(short, int, int, unsigned int, bool))
                0x500964bc                CyGOS::RegisterBoardTestCallback(void (*)())
                0x500964ce                CyGOS::DOBoardTest()
 .text          0x500965f4      0x2b4 C:/RTOS-MCF5445x/libRTOS-MCF5445x.a(RTOS_FIFO_cpp.o)
                0x500966d8                FifoBase::WriteTest(Task*, int)
                0x5009661c                FifoBase::FifoBase(int, int, char const*)
                0x5009668e                FifoBase::WriteCleanup()
                0x500965f4                FifoBase::FifoBase(int, int, char const*)
                0x50096644                FifoBase::ReadCleanup()
                0x500967fc                FifoBase::ReadTest(Task*, int)
 .text          0x500968a8      0x93a C:/RTOS-MCF5445x/libRTOS-MCF5445x.a(RTOS_RTOS_cpp.o)
                0x50096fc0                RTOS::Delete(Task*)
                0x5009702c                RTOS::Create(Task*, int)
                0x50097132                RTOS::Init()
                0x50096b14                RTOS::DelayUs(int)
                0x5009691a                RTOS::RemoveFromTickChain(Task*)
                0x50096966                RTOS::Gettaskloadinformation()
                0x500970ba                RTOS::Create(Task*, int, int)
                0x50096986                RTOS::PrintStatus(PrintStatusMode)
                0x50096cc2                IdleTask::IdleTask()
                0x50096974                RTOS::SetTickHandler(void (*)())
                0x50096be6                RTOS::Start(int)
                0x500968a8                IdleTask::Run()
                0x50096cf6                IdleTask::IdleTask()
                0x50096b68                RTOS::DelayMs(int)
                0x500968c6                RTOS::InsertIntoTickChain(Task*)
                0x50096d2a                RTOS::TickHandler()
                0x50096bba                RTOS::Stop()
                0x50096ed0                RTOS::Schedule()
 *fill*         0x500971e2        0x2 00
 .text          0x500971e4      0x438 C:/RTOS-MCF5445x/libRTOS-MCF5445x.a(RTOS_Task_cpp.o)
                0x50097448                Task::Suspend()
                0x50097236                TaskBase::~TaskBase()
                0x500972dc                Task::Task(char*, int)
                0x5009728a                Task::~Task()
                0x50097550                Task::Delay(long)
                0x50097248                TaskBase::~TaskBase()
                0x500971e4                TaskBase::Tick()
                0x50097206                TaskBase::Run()
                0x500975c0                Task::Wakeup()
                0x500971ec                Task::ReturnFromTask()
                0x5009725a                Task::~Task()
                0x50097220                TaskBase::~TaskBase()
                0x50097392                Task::Task(char*, int)
                0x500972b2                Task::~Task()
                0x500974ae                Task::Resume()
 .text          0x5009761c      0x356 C:/RTOS-MCF5445x/libRTOS-MCF5445x.a(RTOS_PrintfTask_cpp.o)
                0x5009761c                getcharWait
                0x50097668                gets
                0x50097784                PrintfTask::Run()
                0x5009786e                PrintfTask::PrintfTask()
                0x5009765a                getchar
                0x500976e8                PrintfTask::Print(unsigned char)
                0x500978f0                PrintfTask::PrintfTask()
 *fill*         0x50097972        0x2 00
 .text          0x50097974      0x368 C:/RTOS-MCF5445x/libRTOS-MCF5445x.a(RTOS_Debug_cpp.o)
                0x50097c0e                Debug::Poll()
                0x50097a74                Debug::ReadMemory(int, int)
                0x50097b08                Debug::Run()
                0x500979e8                Debug::ReadLine()
                0x50097974                Debug::HexToInt(char*&, int)
                0x50097ca2                Debug::Init()
                0x50097c52                Debug::Debug(int)
                0x50097c7a                Debug::Debug(int)
 .text          0x50097cdc      0x34e C:/RTOS-MCF5445x/libRTOS-MCF5445x.a(RTOS_Mutex_cpp.o)
                0x50097d7c                Mutex::Release(Task*)
                0x50097fae                Mutex::Mutex(char*)
                0x50097e78                Mutex::Acquire(Task*, int)
                0x50097cdc                Mutex::~Mutex()
                0x50097d2c                Mutex::~Mutex()
                0x50097e60                Mutex::Unlock()