Archive member included because of file (symbol)

C:/RTOS-WC/libRTOS-WC.a(Board_cpp.o)
                              obj-WC/WCTask_cpp.o (Board::GetI2C(int, int, int))
C:/RTOS-WC/libRTOS-WC.a(LED_cpp.o)
                              C:/RTOS-WC/libRTOS-WC.a(Board_cpp.o) (LED::Init())
C:/RTOS-WC/libRTOS-WC.a(BoardFlash_cpp.o)
                              obj-WC/InputTask_cpp.o (Board::GetFlash())
C:/RTOS-WC/libRTOS-WC.a(54455_CPU_cpp.o)
                              obj-WC/WCTask_cpp.o (CPU::DelayMs(int))
C:/RTOS-WC/libRTOS-WC.a(54455_Exception_cpp.o)
                              C:/RTOS-WC/libRTOS-WC.a(Board_cpp.o) (Exception::Init())
C:/RTOS-WC/libRTOS-WC.a(54455_Terminal_cpp.o)
                              C:/RTOS-WC/libRTOS-WC.a(Board_cpp.o) (Terminal::Init())
C:/RTOS-WC/libRTOS-WC.a(54455_PIT_cpp.o)
                              C:/RTOS-WC/libRTOS-WC.a(Board_cpp.o) (PIT::StopInt(int))
C:/RTOS-WC/libRTOS-WC.a(54455_Serial_cpp.o)
                              obj-WC/ReceiveCommandHandler_cpp.o (Serial::Init(int, int, int, int, bool))
C:/RTOS-WC/libRTOS-WC.a(54455_FEC_cpp.o)
                              obj-WC/InputTask_cpp.o (FEC::fecs)
C:/RTOS-WC/libRTOS-WC.a(54455_Cache_cpp.o)
                              C:/RTOS-WC/libRTOS-WC.a(Board_cpp.o) (Cache::Init(int, int))
C:/RTOS-WC/libRTOS-WC.a(54455_MMU_cpp.o)
                              C:/RTOS-WC/libRTOS-WC.a(54455_CPU_cpp.o) (MMU::Map(unsigned long))
C:/RTOS-WC/libRTOS-WC.a(54455_DSPI_cpp.o)
                              C:/RTOS-WC/libRTOS-WC.a(Board_cpp.o) (DSPI::DSPI(int, int, int))
C:/RTOS-WC/libRTOS-WC.a(54455_I2C_cpp.o)
                              C:/RTOS-WC/libRTOS-WC.a(Board_cpp.o) (I2C::I2C(int, int, int, int))
C:/RTOS-WC/libRTOS-WC.a(54455_CPU_asm.o)
                              C:/RTOS-WC/Start.o (CPU::Init())
C:/RTOS-WC/libRTOS-WC.a(54455_Exception_asm.o)
                              C:/RTOS-WC/Start.o (AsmExceptionHandler)
C:/RTOS-WC/libRTOS-WC.a(54455_MCF5445xRTOS_asm.o)
                              C:/RTOS-WC/libRTOS-WC.a(54455_Exception_asm.o) (RTOS::TaskSwitch())
C:/RTOS-WC/libRTOS-WC.a(MCF_ArchDefs_cpp.o)
                              obj-WC/InputTask_cpp.o (EnterCritical())
C:/RTOS-WC/libRTOS-WC.a(MCF_FecBase_cpp.o)
                              obj-WC/InputTask_cpp.o (FecBase::PrintBDStatus())
C:/RTOS-WC/libRTOS-WC.a(MCF_MemoryInit_asm.o)
                              C:/RTOS-WC/libRTOS-WC.a(54455_CPU_asm.o) (MemoryInit)
C:/RTOS-WC/libRTOS-WC.a(MCF_ArchDefs_asm.o)
                              obj-WC/Main_cpp.o (memcpy)
C:/RTOS-WC/libRTOS-WC.a(stdlib_Assert_cpp.o)
                              obj-WC/ModBusRcvTask_cpp.o (SystemCrash(char*, char*, int))
C:/RTOS-WC/libRTOS-WC.a(stdlib_Alloc_cpp.o)
                              C:/RTOS-WC/libRTOS-WC.a(MCF_FecBase_cpp.o) (MallocAlignedNoCache)
C:/RTOS-WC/libRTOS-WC.a(stdlib_PrintF_cpp.o)
                              obj-WC/LOG_cpp.o (sprintf)
C:/RTOS-WC/libRTOS-WC.a(stdlib_String_cpp.o)
                              obj-WC/Main_cpp.o (memset)
C:/RTOS-WC/libRTOS-WC.a(stdlib_StdLib_cpp.o)
                              obj-WC/InputTask_cpp.o (atoi)
C:/RTOS-WC/libRTOS-WC.a(API_CyGOS_cpp.o)
                              obj-WC/Main_cpp.o (CyGOS::GetTaskName(int))
C:/RTOS-WC/libRTOS-WC.a(API_TCPIP_cpp.o)
                              obj-WC/FirmWareUpgrade_cpp.o (CyGOS::GetNetworkInterface(int))
C:/RTOS-WC/libRTOS-WC.a(API_LinkedList_cpp.o)
                              obj-WC/DcxManagerHandler_cpp.o (LinkedListBase::LinkedListBase())
C:/RTOS-WC/libRTOS-WC.a(API_CRC_cpp.o)
                              C:/RTOS-WC/libRTOS-WC.a(MCF_FecBase_cpp.o) (CalcCrc32_EDB88320)
C:/RTOS-WC/libRTOS-WC.a(API_FileSystems_cpp.o)
                              obj-WC/WebSite_cpp.o (CyGOS::FileLength(void*))
C:/RTOS-WC/libRTOS-WC.a(API_TFTP_cpp.o)
                              obj-WC/InputTask_cpp.o (CyGOS::TftpReceive(int, char*, int*, void*, ip_addr))
C:/RTOS-WC/libRTOS-WC.a(API_HTTP_cpp.o)
                              obj-WC/WebSite_cpp.o (CyGOS::AddHttpGetHandler(int, int, bool (*)(char*, HTTPReplyHeader&)))
C:/RTOS-WC/libRTOS-WC.a(API_SysLog_cpp.o)
                              obj-WC/LOG_cpp.o (CyGOS::RegisterSysLogCallback(void (*)(short, int, int, unsigned int, bool)))
C:/RTOS-WC/libRTOS-WC.a(RTOS_FIFO_cpp.o)
                              obj-WC/InputTask_cpp.o (FifoBase::FifoBase(int, int, char const*))
C:/RTOS-WC/libRTOS-WC.a(RTOS_RTOS_cpp.o)
                              obj-WC/InputTask_cpp.o (RTOS::tasks)
C:/RTOS-WC/libRTOS-WC.a(RTOS_Task_cpp.o)
                              obj-WC/WCTask_cpp.o (TaskBase::Tick())
C:/RTOS-WC/libRTOS-WC.a(RTOS_PrintfTask_cpp.o)
                              obj-WC/InputTask_cpp.o (getcharWait)
C:/RTOS-WC/libRTOS-WC.a(RTOS_Debug_cpp.o)
                              C:/RTOS-WC/libRTOS-WC.a(stdlib_Assert_cpp.o) (Debug::Poll())
C:/RTOS-WC/libRTOS-WC.a(RTOS_Mutex_cpp.o)
                              obj-WC/ModBusSendTask_cpp.o (Mutex::~Mutex())
[...]
Memory Configuration

Name             Origin             Length             Attributes
vector_ram       0x40000000         0x00000500         xrw
vectors          0x50040000         0x00000400         xrw
config           0x50040400         0x00000100         xrw
sdram            0x50040500         0x07fbfb00         xrw
fram             0x0b000000         0x00020000         xrw
*default*        0x00000000         0xffffffff

Linker script and memory map

LOAD C:/RTOS-WC/Start.o
LOAD obj-WC/Main_cpp.o
LOAD obj-WC/InputTask_cpp.o
LOAD obj-WC/WCTask_cpp.o
LOAD obj-WC/MIATask_cpp.o
LOAD obj-WC/GLOBALS_cpp.o
LOAD obj-WC/LOG_cpp.o
LOAD obj-WC/PasscodeConfig_cpp.o
LOAD obj-WC/preset_cpp.o
LOAD obj-WC/FRAM_cpp.o
LOAD obj-WC/WebSite_cpp.o
LOAD obj-WC/UploadFirmWareTask_cpp.o
LOAD obj-WC/WeldResultHistory_cpp.o
LOAD obj-WC/ScanResDetect_cpp.o
LOAD obj-WC/FirmWareUpgrade_cpp.o
LOAD obj-WC/RTClock_cpp.o
LOAD obj-WC/UserIO_cpp.o
LOAD obj-WC/StateMachineDrv_cpp.o
LOAD obj-WC/ModBusRcvTask_cpp.o
LOAD obj-WC/ReceiveCommandHandler_cpp.o
LOAD obj-WC/ModBusSendTask_cpp.o
LOAD obj-WC/FieldBus_cpp.o
LOAD obj-WC/NRTModbusTask_cpp.o
LOAD obj-WC/ProfiBus_cpp.o
LOAD obj-WC/EthernetIP_cpp.o
LOAD obj-WC/WelderSearchTask_cpp.o
LOAD obj-WC/VerifyPreset_cpp.o
LOAD obj-WC/ObjDictionary_cpp.o
LOAD obj-WC/counter_cpp.o
LOAD obj-WC/FieldbusTask_cpp.o
LOAD obj-WC/StateFunctions_cpp.o
LOAD obj-WC/StateTable_cpp.o
LOAD obj-WC/Alarms_cpp.o
LOAD obj-WC/FieldbusTable_cpp.o
LOAD obj-WC/ShutDownTask_cpp.o
LOAD obj-WC/ExternalStatusTask_cpp.o
LOAD obj-WC/BDMTask_cpp.o
LOAD obj-WC/BDM08_cpp.o
LOAD obj-WC/DcxManagerHandler_cpp.o
LOAD C:/RTOS-WC/libRTOS-WC.a

.textvect       0x50040000      0x400
                0x50040000                __FLASH_RAM = .
                0x50040000                __VECTOR_TABLE = .
                0x50040000                __INIT_SP = .
                0x50040000        0x4 LONG 0x5004050e _RAMstart
 */()
                0x50040004                __INIT_PC = .
                0x50040004        0x4 LONG 0x40500 (_start + __FLASH_DIFF)
 */()
 *(.textvect)
 .textvect      0x50040008      0x3f8 C:/RTOS-WC/Start.o

.config         0x50040400        0xc
                0x50040400                . = ALIGN (0x10)
                0x50040400                __SYSTEM_CLOCK = .
                0x50040400        0x4 LONG 0x7d
                0x50040404                __TERMINAL_PORT = .
                0x50040404        0x4 LONG 0x1
                0x50040408                __TERMINAL_BAUD = .
                0x50040408        0x4 LONG 0x1c200

.text           0x50040500    0x85160
                0x50040500                __TEXT_START = .
 *(.text)
 .text          0x50040500       0x42 C:/RTOS-WC/Start.o
                0x5004050e                _RAMstart
                0x50040500                _start
                0x50040526                _MultiBootStart
 *fill*         0x50040542        0x2 00
 .text          0x50040544     0x17de obj-WC/Main_cpp.o
                0x500405a8                SetFBStaticIPDefaults()
                0x50040a76                SetStaticIPDefaults()
                0x50040ad6                CheckAndPrintTPs()
                0x50040b94                SetDHCPServerIPDefaults()
                0x50040756                SetupLCDBoardSensor()
                0x50040cce                ColdStart()
                0x5004057c                SetStaticIPDefaultsOnDCPInterface()
                0x500405e0                ClearAllCounters()
                0x5004060e                SetupEportForSensingPowerDown()
                0x50040544                ByteCRC(unsigned char*, unsigned long)
                0x50040d06                CheckForColdStart()
                0x5004062c                StoreInfoAtCrash()
                0x50040f4a                main
                0x500408d0                TaskManCallback()
                0x50040c46                SetSystemConfigurationDefaults()
                0x500407a4                TaskManCallbackEvent(bool)
                0x50040eb2                InitializeDhcpServerConfiguration(long, int&)
                0x50040f1a                SetLeds(int, int)
 *fill*         0x50041d22        0x2 00
 .text          0x50041d24     0x1f72 obj-WC/InputTask_cpp.o
                0x5004254a                InputTask::PrintHelp()
                0x50042b50                InputTask::ProgramCompressedTarRegionFromSerial()
                0x5004289c                InputTask::InputTask()
                0x500428fc                InputTask::ProgramCompressedTarRegionFlash(int)
                0x50041d32                InputTask::Tick()
                0x50041d24                TestCheckForReset()
                0x50042626                ProgramCallback(int, int)
                0x50042d44                InputTask::ProgramFlash(int)
                0x500428cc                InputTask::InputTask()
                0x5004268e                InputTask::ProgramBootFlash(int)
                0x50041da6                PrintCurrentParameterSet()
                0x50042668                EraseCallback(int, int)
                0x50042f8e                InputTask::Run()
                0x50042526                TestCrash(int)
                0x500421a0                PrintDcpParameterSet()
 *fill*         0x50043c96        0x2 00
 .text          0x50043c98     0x1bf8 obj-WC/WCTask_cpp.o
                0x50044622                ModifyMACCHIPRWData()
                0x50043fdc                ReleaseAccessToken(CommIfc)
                0x50043ec0                UpdateMidBandAndMinMaxFreq()
                0x50044066                CheckForRTCBattery()
                0x500443f8                InitGlobalBuffers()
                0x50044f0e                WCTask::CycleRun()
                0x50045330                WCTask::~WCTask()
                0x50045374                WCTask::~WCTask()
                0x5004520c                WCTask::~WCTask()
                0x500445e4                ReadBootLoaderInfo()
                0x50044544                CheckForVersionChange()
                0x50045176                TimerInterruptCallback()
                0x500440dc                CheckForClockLost()
                0x50045128                WCTask::ConfigureResetforPHYandilscherWC()
                0x50044944                ReadMACAddressFromMacChip(unsigned char*)
                0x50043fc6                IsManualFunctionAvailable()
                0x500453b0                WCTask::Run()
                0x500449ae                SetDefaultMACCHIPRWData()
                0x50045248                WCTask::WCTask(MIATask*)
                0x50043f72                GetAccessToken(CommIfc)
                0x50044760                StoreWeldData()
                0x50044a2c                PowerUpInitialization()
                0x5004402e                UpdateFrequencyOffset()
                0x500440a8                CheckForWDReset()
                0x50044664                CheckforError()
                0x50044342                PrepareFBStatus()
                0x50044000                UpdatePeakPower()
                0x500444ae                UpdateFlashCRC()
                0x50043c98                CollectScanPoints()
                0x50043fb2                IsAccessTokenAvailable()
                0x50044e2a                CheckForPowerandLCDSensor()
                0x500452bc                WCTask::WCTask(MIATask*)
                0x50043eaa                SonicsOff()
                0x50044120                SetDCPTimeControlParams()
 .text          0x50045890      0x2bc obj-WC/MIATask_cpp.o
                0x50045a0c                MIATask::MIATask()
                0x50045890                MIATask::Run()
                0x50045aac                MIATask::MIATask()
 .text          0x50045b4c        0x0 obj-WC/GLOBALS_cpp.o
 .text          0x50045b4c      0xbda obj-WC/LOG_cpp.o
                0x50045d6e                Log::ReadWCEventLog(WebEventData*, long)
                0x5004628c                Log::WriteEventLog(EventID, long, long, unsigned long, TimeStamp*, bool)
                0x50045b4c                Log::GetEventStringFromID(EventID)
                0x50046508                Log::WriteSystemEventLog(short, int, int, unsigned int, bool)
                0x50045f2e                Log::ReadDCPEventLog(WebEventData*, long)
                0x500466ba                Log::Init()
                0x50046532                Log::ResetLog(ClearLog)
                0x500460a4                Log::WriteAlarmLog(Alarms, bool)
                0x50045c0c                Log::ReadAlarmLog(WebAlarmData*, long)
 *fill*         0x50046726        0x2 00
 .text          0x50046728      0x438 obj-WC/PasscodeConfig_cpp.o
                0x50046728                IsPasscodeRequired()
                0x500467ee                SetPasscodeRequired(bool)
                0x50046a3a                AddUser(unsigned char*, unsigned long, PRIVILEGE)
                0x5004692e                SetDefaultPasscodeConfiguration()
                0x500468cc                GetUsersDetail(UserInfo*)
                0x50046822                GetUserPrivilege(unsigned char*, unsigned long)
                0x5004673a                InvalidateUserEntries()
                0x50046982                GetUserID(unsigned long, char*)
                0x50046b0e                InitPasscodeConfiguration()
 .text          0x50046b60     0x747c obj-WC/preset_cpp.o
                0x5004a894                SavePreset(PRESET_NUMBER, HSPRESET_NUMBER)
                0x50046d44                SetDefaultRFswitch()
                0x5004814c                SetHDDefaults()
                0x50047bcc                InitFreqDependentParametersMinMaxDefault()
                0x5004dd30                RecallAndVerifyPreset(PRESET_NUMBER)
                0x5004db84                CheckPresetCRC(PRESET_NUMBER)
                0x50046ec8                SetDefaultAlarms()
                0x5004df18                RecallPreset(PRESET_NUMBER)
                0x50048458                VerifyPresetFromWebPage(PRESET_NUMBER, HSPRESET_NUMBER)
                0x50046cd2                SetMinMaxCycleParam()
                0x50046d9a                SetDefaultConfigurationSystem()
                0x5004a9aa                SaveHSStatusSet(HornFunction)
                0x5004822c                ClearMemoryFrequencyAtPowerup()
                0x5004a7d2                UpdateRunningPreset()
                0x5004a428                SetDefaultCutOffValues()
                0x5004b3e0                SetMaxMinValues(PSUPDATESPECIAL)
                0x50046f74                InitFreqAndLoopspeedDependantLoopConstantsMinMaxDefault()
                0x5004967e                UpdatePresetsOnLoopSpeedSwitching()
                0x5004a4f8                PrepareDCPPreset(bool)
                0x50049e38                SetDefaultValues(DEFAULT_PSCMD, PRESET_NUMBER)
                0x5004d02e                AutoNamePreset()
                0x50046b60                PrepareDCPWeldParam()
                0x5004a826                SetDefaultCycleParam()
                0x50048258                CalculateAndSavePresetCRC(SAVECRC_CMD, PRESET_NUMBER, HSPRESET_NUMBER, bool)
                0x5004d320                SetColdStartPresetValues(PSUPDATESPECIAL)
                0x5004ae8a                SaveWeldStatusSet()
                0x50049df4                SetDefaultSecretValues()
                0x50046dec                SetDefaultAdvRnd()
 .text          0x5004dfdc      0xe52 obj-WC/FRAM_cpp.o
                0x5004dfdc                CheckFRAMSections()
                0x5004e0e4                ConvertV4FRAM_to_V5FRAM()
                0x5004e04a                ConvertV3FRAM_to_V4FRAM()
                0x5004ec86                InitFRAM()
                0x5004e292                ConvertVer6RlsFRAM_to_V1FRAM()
                0x5004dfe4                FramCheck()
                0x5004e072                ConvertV2FRAM_to_V3FRAM()
                0x5004e09a                ConvertV1FRAM_to_V2FRAM()
 *fill*         0x5004ee2e        0x2 00
 .text          0x5004ee30    0x10f5e obj-WC/WebSite_cpp.o
                0x50051778                WebSite::StopIODiagnostic()
                0x50056218                WebSite::BransonFieldServiceGetDatahandler(char*, WebCommand)
                0x5004f1a8                WebSite::CheckForWebReset()
                0x5004ee46                WebSite::GenerateKey()
                0x5004f156                WebSite::CheckForWebScanCommand()
                0x5004f05e                WebSite::CheckForCycleParameterChange()
                0x5004eefa                inttoascii(unsigned int, char*, int)
                0x50050cfc                WebSite::ConfigurationAlarmPostDatahandler(char*, WebCommand)
                0x5004f7ae                WebSite::UpdateDiagnosticIO(char*)
                0x50057632                WebSite::SetupSeekPowerUpGetDatahandler(char*, WebCommand)
                0x50053aec                WebSite::SetupSeekPowerUpPostDatahandler(char*, WebCommand)
                0x50059462                GetContentType(char*)
                0x50051296                WebSite::GetFunctionString(long, long, long, char*)
                0x5004f1fe                CheckForCurrentFunction(short)
                0x5005def0                WebSite::WebGetHandler(char*, HTTPReplyHeader&)
                0x5004ef46                GetHSPercent()
                0x50051174                WebSite::FindLanguageString(unsigned long, char*, bool)
                0x5005201c                WebSite::BransonSpecialPresetGetDatahandler(char*, WebCommand)
                0x50050994                WebSite::BransonBoardTestPostDatahandler(char*, WebCommand)
                0x5004f03e                CalculateAmplitudeinPercent(short)
                0x50054408                WebSite::SetupLimitsPostDatahandler(char*, WebCommand)
                0x50055bac                WebSite::ConfigurationUserIOPostDatahandler(char*, WebCommand)
                0x5005f9ce                WebSite::BransonSecretValuesPostDatahandler(char*, WebCommand)
                0x50051c1c                WebSite::SetLanguageAndUserID(char*, WebCommand)
                0x50058118                WebSite::BransonSystemTestGetDatahandler(char*, WebCommand)
                0x50056ff4                WebSite::SetupAdvancedDiagnosticGetDatahandler(char*, WebCommand)
                0x50058f84                WebSite::DiagnosticUserIOGetDatahandler(char*, WebCommand)
                0x50052344                WebSite::BransonFieldServicePostDatahandler(char*, WebCommand)
                0x50050fc8                WebSite::DiagnosticHornSignaturePostDatahandler(char*, WebCommand)
                0x5005ac64                WebSite::DiagnosticFieldBusGetDatahandler(char*, WebCommand)
                0x500577f8                WebSite::SetupAmplitudeGetDatahandler(char*, WebCommand)
                0x5004f164                WebSite::CheckForWebScanAbortCommand()
                0x5005141c                WebSite::PrepareDiagnosticResponse(bool)
                0x5004f10c                WebSite::BransonFieldBusTestPostDatahandler(char*, WebCommand)
                0x5005cbe2                WebSite::SetupLimitsGetDatahandler(char*, WebCommand)
                0x5004f8ec                IPStrtoUint(char*)
                0x5005a938                WebSite::SetupSaveRecallGetDatahandler(char*, WebCommand)
                0x5004f1de                WebSite::CheckForManufacturingFlag()
                0x5004f738                WebSite::RestoreOutPutStatus()
                0x5004ee30                CopyLength(unsigned long, unsigned long, int)
                0x5005b82e                WebSite::ViewAlarmLogGetDatahandler(char*, WebCommand)
                0x500590ea                WebSite::ViewWeldGraphPostDatahandler(char*, WebCommand)
                0x50050824                WebSite::Tick(int)
                0x5004f68e                WebSite::DoDiagnosticLoopBackStart()
                0x500524a2                WebSite::SetupAdvancedDiagnosticPostDatahandler(char*, WebCommand)
                0x5004fd50                WebSite::DiagnosticHornSignatureGetDatahandler(char*, WebCommand)
                0x5004f550                WebSite::UpdateUser(unsigned long)
                0x50051cf0                WebSite::BransonSpecialPresetPostDatahandler(char*, WebCommand)
                0x50059750                WebSite::ConfigurationPasscodesGetDatahandler(char*, WebCommand)
                0x5005a60c                WebSite::ConfigurationSystemPostDatahandler(char*, WebCommand)
                0x500566fe                WebSite::ProcessMFSavesystemSetupCommand(char*)
                0x50058d4e                WebSite::DiagnosticUserIOPostDatahandler(char*, WebCommand)
                0x5005b504                WebSite::ViewEventLogGetDatahandler(char*, WebCommand)
                0x5005c638                WebSite::SetupSaveRecallPostDatahandler(char*, WebCommand)
                0x500517a0                WebSite::ViewSystemInfoGetDatahandler(char*, WebCommand)
                0x50058060                SetManFDefaultFromWeb()
                0x50053dec                WebSite::SetupAmplitudePostDatahandler(char*, WebCommand)
                0x5004efa6                ClearScanFlags()
                0x5004f31c                PrepareTimeStamp(char*, unsigned char&, unsigned char&, unsigned char, unsigned char, char)
                0x5004f582                WebSite::GetWebToken(char*, WebCommand)
                0x5005ab16                WebSite::ConfigurationSystemGetDatahandler(char*, WebCommand)
                0x50059220                WebSite::ConfigurationAlarmGetDatahandler(char*, WebCommand)
                0x50056c80                WebSite::ProcessScanCommand(char*, WebCommand)
                0x500598c4                WebSite::ConfigurationIPSetupGetDatahandler(char*, WebCommand)
                0x5005d772                WebSite::SetLanguageFileBuffer(Language)
                0x5004f1b6                WebSite::ResetWebResetFlag()
                0x5005f742                WebSite::BransonAdvRnDTestGetDatahandler(char*, WebCommand)
                0x5005ef10                WebSite::ConfigurationIPSetupPostDatahandler(char*, WebCommand)
                0x5004efc6                CalculateFreqinPercent(unsigned long)
                0x5005f2e6                SetDCPTimingParam(WebCommand)
                0x5005d81c                WebSite::WebPostHandler(char*, char*, HTTPReplyHeader&)
                0x50050ef4                WebSite::PostResponse(char*, unsigned long)
                0x50052e06                WebSite::SetupAdvancedPostDatahandler(char*, WebCommand)
                0x5004f172                WebSite::ResetScanFlags(bool)
                0x50055296                WebSite::SetupWeldPostDatahandler(char*, WebCommand)
                0x5004fcb2                WebSite::BransonBoardTestGetDatahandler(char*, WebCommand)
                0x5005911e                WebSite::ConfigurationRFSwitchGetDatahandler(char*, WebCommand)
                0x5005f3de                WebSite::BransonAdvRnDTestPostDatahandler(char*, WebCommand)
                0x5004f130                WebSite::ResetTestFlag()
                0x500501be                WebSite::DiagnosticSeekGetDatahandler(char*, WebCommand)
                0x5004f01e                CalculatePowerinPercent(short)
                0x5005bc6e                WebSite::SetupAdvancedGetDatahandler(char*, WebCommand)
                0x5005d244                FormatCycleResults()
                0x5005d388                WebSite::DownLoadRequest(char*, char*)
                0x5004f114                WebSite::CheckForWebTestCommand()
                0x5005fbf8                WebSite::BransonSecretValuesGetDatahandler(char*, WebCommand)
                0x5004f5de                WebSite::HandleInitiateUpload()
                0x5005b000                WebSite::ViewHistoryGetDatahandler(char*, WebCommand)
                0x5004ee6e                SetupMinMaxPresetIndexes()
                0x50050ba2                WebSite::ConfigurationRFSwitchPostDatahandler(char*, WebCommand)
                0x50059f10                WebSite::ConfigurationUserIOGetDatahandler(char*, WebCommand)
                0x500568b2                WebSite::DiagnosticSeekPostDatahandler(char*, WebCommand)
                0x500580e4                GetCurrentStateOnManufacturing()
                0x5004f19a                WebSite::CheckForDiagnosticFlag()
                0x50050ac2                WebSite::ProcessMFStartStopCommand(char*)
                0x5004eed2                WebSite::GetUserID()
                0x50050258                WebSite::ViewWeldGraphGetDatahandler(char*, WebCommand)
                0x5004f1d0                WebSite::CheckForMFBoardTestFlag()
                0x50057bcc                WebSite::SetupWeldGetDatahandler(char*, WebCommand)
                0x5005d606                WebSite::WebFileUploadHandler(char*, int, char*, char*)
                0x5004f602                WebSite::DoDiagnosticLoopBack()
                0x50056660                SendRTCSyncCommandToDCP()
                0x5005dd64                WebSite::InitWebSite(long, long)
                0x50059560                WebSite::ConfigurationPasscodesPostDatahandler(char*, WebCommand)
                0x5005a8b4                SetDefaultTime(PRESET_NUMBER)
                0x5004f95e                WebSite::BransonFieldBusTestGetDatahandler(char*, WebCommand)
                0x50059334                ReplaceURLSpecialChar(char*, char const*)
 *fill*         0x5005fd8e        0x2 00
 .text          0x5005fd90      0xc02 obj-WC/UploadFirmWareTask_cpp.o
                0x50060136                UploadFirmware::ProgramFlash(char*, long, FlashArea)
                0x5006004a                UploadFirmware::ProgramFirmware(FileType, char*, long, char*)
                0x500603c2                UploadFirmware::SendDCPdata(char*, long, BinFileType)
                0x5005ffae                UploadFirmware::RestoreDataToFRAM(char*, long)
                0x50060400                UploadFirmware::Run()
                0x500607ee                UploadFirmware::UploadFirmware()
                0x500608c0                UploadFirmware::UploadFirmware()
                0x50060396                UploadFirmware::SendLCDAdata(char*, long)
                0x5005fd90                UploadFirmware::CopyDataToFRAM(char*, long)
 *fill*         0x50060992        0x2 00
 .text          0x50060994      0x434 obj-WC/WeldResultHistory_cpp.o
                0x50060994                GetWeldHistory(WebHistoryData*, long)
                0x50060a70                WriteWeldHistory()
 .text          0x50060dc8      0xaf6 obj-WC/ScanResDetect_cpp.o
                0x50061804                DetectResonance()
                0x50060e78                LineFit(unsigned long*, short*, unsigned short)
                0x50061240                LowestImpedencePoint(unsigned short)
                0x50060e20                ApplyFilter(short*, short)
                0x50060dc8                FindZeroCrossing(short*, short)
                0x5006134c                FindResonanceInCluster()
                0x50061134                HighestImpedencePoint(unsigned short)
 *fill*         0x500618be        0x2 00
 .text          0x500618c0      0x7a0 obj-WC/FirmWareUpgrade_cpp.o
                0x50061d18                FirmWareUpgradeTask::FUWriteQueue(FirmwareUpgradeCommand const&)
                0x50061952                FirmWareUpgradeTask::SendFileToLCDA(unsigned char*, long)
                0x50061a44                FirmWareUpgradeTask::SendFileToNode(ip_addr, unsigned short, unsigned char*, long, FirmWareUpgradeTask::FUPacketType)
                0x500618c0                FirmWareUpgradeTask::SendFirmwareUpgradeProgressToWebsite(char*)
                0x50061bdc                FirmWareUpgradeTask::FirmWareUpgradeTask(int)
                0x50061dee                FirmWareUpgradeTask::Run()
                0x50061c7a                FirmWareUpgradeTask::FirmWareUpgradeTask(int)
                0x500618c8                FirmWareUpgradeTask::CreateUpgradeSocket()
 .text          0x50062060      0x330 obj-WC/RTClock_cpp.o
                0x50062234                RTClock::GetCurrentTime(RTCTime*)
                0x50062106                RTClock::SetCurrentTime(RTCTime*)
                0x500620b2                RTClock::Bcd2Bin8(unsigned char)
                0x5006230a                RTClock::InitRTC()
                0x50062060                RTClock::Bin2Bcd8(unsigned char)
 .text          0x50062390     0x1c08 obj-WC/UserIO_cpp.o
                0x50063bbe                UserIO::ConfigureBransonDefaultUserIOs()
                0x50062b44                UserIO::GetAnalogOUTPutValue(ANALOG_OUTPUTS)
                0x500627e8                UserIO::SetActuaterHome(bool)
                0x50062f82                UserIO::ReadInputs()
                0x50062678                UserIO::CheckForCycleRunning()
                0x50062e48                UserIO::CheckForHornScan()
                0x50062390                InitExternalToFreqOffsetMapping()
                0x500626e4                UserIO::SetSeekOut(bool)
                0x50063e02                UserIO::ResetUserIO()
                0x5006284e                UserIO::SetWeldCycleComplete(bool)
                0x50062976                UserIO::SetOutputAmplitude(long)
                0x50062e1c                UserIO::CheckForHornDownMode()
                0x50062c72                UserIO::GetDigINPutValue(DIGITAL_INPUTS)
                0x50062aa0                UserIO::SetCustomAlarmOutput(bool)
                0x50062758                UserIO::SetAfterBurstTimeActive(bool)
                0x50062722                UserIO::SetAmlitudeDecay(bool)
                0x50062e5e                UserIO::CheckForGroundDetect()
                0x5006276a                UserIO::SetPlusTimeLimitAlarm(bool)
                0x50062ea0                CheckForLoadNewPreset()
                0x50062dca                UserIO::CheckForULS()
                0x50062ef2                UserIO::CheckForLockOutChange()
                0x50062520                UserIO::WriteOutputs()
                0x50062a36                UserIO::GetDigitaloutputActivityStatus(long)
                0x500633fa                UserIO::AssignAnalogOutputFunction(ANALOG_OUTPUTS, unsigned short, bool)
                0x50062afc                UserIO::SetAnalogOUTPutValue(ANALOG_OUTPUTS, long)
                0x500627a0                UserIO::SetMinusEnergyLimitAlarm(bool)
                0x50063270                UserIO::ClearFRAMIOConfig()
                0x500626b2                UserIO::SetGenAlarm(bool)
                0x500626d2                UserIO::SetStatusOutput(bool)
                0x500625f6                UserIO::CheckForCableDetect()
                0x50062de0                UserIO::CheckForStartCycle()
                0x50062f1e                UserIO::CheckForExternalStart()
                0x50062c26                UserIO::GetDigOutPutValue(DIGITAL_OUTPUTS)
                0x500628a8                UserIO::SetStartSignalRelease(bool)
                0x5006397a                UserIO::ConfigureRFDefaultUserIOs()
                0x50062ab2                ClearAlarmOutputs()
                0x500629ae                UserIO::SetOutputFrequency(long)
                0x500631ea                UserIO::CheckForExtRecallPreset()
                0x5006278e                UserIO::SetPlusEnergyLimitAlarm(bool)
                0x50062860                UserIO::SetPreloadedCycleCountReached(bool)
                0x50062df6                UserIO::CheckForPartInPlace()
                0x50062698                UserIO::SetSonicsActive(bool)
                0x500634b4                UserIO::AssignDigitalInputFunction(DIGITAL_INPUTS, unsigned short, bool)
                0x50062710                UserIO::SetPresetChanged(bool)
                0x50063ce0                UserIO::ConfigureUserIOsFromFRAM()
                0x50063a9c                UserIO::ConfigureActuatorDefaultUserIOs()
                0x50062666                UserIO::SetCycleStartOut(bool)
                0x50062624                UserIO::InitCableDetectEnabledFlag()
                0x5006277c                UserIO::SetMinusTimeLimitAlarm(bool)
                0x500627fa                UserIO::SetRfselect(int)
                0x50062db4                UserIO::CheckForActuatorPresent()
                0x50062a06                UserIO::SetAutomationOP1(long)
                0x50062d3c                UserIO::CheckSignalActive(bool)
                0x500623f6                UserIO::DigFilterMIAAin(long, ANALOG_INPUTS)
                0x500627d6                UserIO::SetOverloadAlarm(bool)
                0x50062edc                UserIO::CheckForSonicsDisable()
                0x500624fc                UserIO::WriteDigitalIO(long)
                0x50062a18                UserIO::GetDigitalinputActivityStatus(long)
                0x50062eb6                UserIO::CheckForInterLockInPlace()
                0x50062932                UserIO::GetCustomAIn2()
                0x50062992                UserIO::SetOutputPower(long)
                0x500627b2                UserIO::SetPlusPeakPowerLimitAlarm(bool)
                0x50062612                UserIO::SetCableDetectEnabledFlag(bool)
                0x500628ba                UserIO::GetExternalAmplitude()
                0x50062bdc                UserIO::SetDigOutPutValue(DIGITAL_OUTPUTS, bool)
                0x50062f34                UserIO::CheckForLoadNewPreset()
                0x50063844                UserIO::ConfigureCustomDefaultUserIOs()
                0x50062872                UserIO::SetInHorndownMode(bool)
                0x50062f6c                UserIO::CheckForExternalAmpStep()
                0x50062686                UserIO::SetReady(bool)
                0x50062954                UserIO::GetCustomAIn1()
                0x500627c4                UserIO::SetMinusPeakPowerLimitAlarm(bool)
                0x50062da0                UserIO::CheckForTrigger()
                0x50062b90                UserIO::GetAnalogINPutValue(ANALOG_INPUTS)
                0x50062e32                UserIO::CheckForExternalTest()
                0x50062746                UserIO::SetAfterBurstDelayActive(bool)
                0x50062cec                UserIO::CheckForRfswitchfeedback()
                0x50062cbe                UserIO::GetAlarmStatus()
                0x50062896                UserIO::SetAmplitude1_2(bool)
                0x50063290                UserIO::AssignAnalogInputFunction(ANALOG_INPUTS, unsigned short, bool)
                0x50062d8c                UserIO::CheckForRfStatusfeedback()
                0x50062f08                UserIO::CheckForExternalSonicsDelay()
                0x50062734                UserIO::SetHoldTimeActive(bool)
                0x50062e8a                UserIO::CheckForCycleAbort()
                0x5006247c                UserIO::ReadDigitalIO()
                0x50062884                UserIO::SetEndOfHoldTime(bool)
                0x500628f4                UserIO::GetExternalFrequency()
                0x50063e30                UserIO::InitUserIO()
                0x50062e74                UserIO::CheckForMemoryClear()
                0x50062604                UserIO::CheckForCableDetectEanbled()
                0x500626fe                UserIO::SetCycleOK(bool)
                0x50062a54                UserIO::FanEnable(bool)
                0x500626c4                UserIO::GetReadyFlag()
                0x500636c4                UserIO::AssignDigitalOutputFunction(DIGITAL_OUTPUTS, unsigned short, bool)
 .text          0x50063f98      0x250 obj-WC/StateMachineDrv_cpp.o
                0x50063fc8                SelectWeldSequence()
                0x5006419a                PrintStateName()
                0x500640ba                Restart()
                0x50063fa8                ResetStateMachine()
                0x50063f98                StartStateMachine()
                0x500640a8                SelectWCSequence()
                0x500640ca                StateMachine()
 .text          0x500641e8      0x726 obj-WC/ModBusRcvTask_cpp.o
                0x50064346                ModBusRcvTask::CreateAndBindSocket()
                0x500643d8                ModBusRcvTask::ModBusRcvTask(long)
                0x50064430                ModBusRcvTask::ModBusRcvTask(long)
                0x50064488                ModBusRcvTask::ProcessModBusReply(long)
                0x5006431a                ModBusRcvTask::CloseSocket()
                0x500642d8                ModBusRcvTask::Block()
                0x50064704                ModBusRcvTask::Run()
 *fill*         0x5006490e        0x2 00
 .text          0x50064910     0x3212 obj-WC/ReceiveCommandHandler_cpp.o
                0x50067754                ReceiveCommandHandler::Run()
                0x50064958                ReceiveCommandHandler::xtoi(char)
                0x50064dfc                ReceiveCommandHandler::GetMaxParameterValues()
                0x500679fe                ReceiveCommandHandler::ReceiveCommandHandler()
                0x50065200                ReceiveCommandHandler::ProcessRegUpdateCommand(DataReg, unsigned long)
                0x50066d4e                ReceiveCommandHandler::TransmitPollingCommandReply(unsigned char, unsigned short)
                0x50064910                ReceiveCommandHandler::HexToAscii(void*, int, unsigned char*)
                0x500673c2                ReceiveCommandHandler::ProcessCommand(unsigned char*)
                0x50066bd8                ReceiveCommandHandler::PrepareDCXStatusByte()
                0x500664a0                ReceiveCommandHandler::UpdateLCDData()
                0x50065030                ReceiveCommandHandler::Tick()
                0x50064a20                ReceiveCommandHandler::VerifyCheckSum(unsigned char*, unsigned char)
                0x50067a90                ReceiveCommandHandler::ReceiveCommandHandler()
                0x50066a5a                ReceiveCommandHandler::TransmitAsciiCommand(SerialCommand*)
                0x5006646a                ReceiveCommandHandler::SetAllColdStartParameter()
                0x50065008                UpdateMinMaxLCDPreset(PSUPDATESPECIAL)
                0x500649c4                ReceiveCommandHandler::AsciiToHex(void*, int, unsigned char*)
                0x50064f9c                ReceiveCommandHandler::CheckIfChanged(int)
                0x50064c68                ReceiveCommandHandler::GetMinParameterValues()
                0x50064ac0                ReceiveCommandHandler::GetDefaultParameterValues()
                0x50065160                ReceiveCommandHandler::SetDefaultIPSetUp()
 *fill*         0x50067b22        0x2 00
 .text          0x50067b24      0xcfe obj-WC/ModBusSendTask_cpp.o
                0x50067c3e                MBRegHoldingCB(unsigned char*, unsigned short, unsigned short, MBRegisterMode, unsigned char*, int)
                0x5006804e                ModBusSendTask::NotifyReadWriteEvent(long)
                0x50067fbc                ModBusSendTask::CreateAndBindSocket()
                0x50067f4a                ModBusSendTask::NonBlock()
                0x500680e6                ModBusSendTask::ModBusSendTask(long)
                0x50067f90                ModBusSendTask::CloseSocket()
                0x50067db8                ModBusSendTask::ReadWriteMultipleRegisters(unsigned long, unsigned short, unsigned short, unsigned short, unsigned short, unsigned short)
                0x50068582                ModBusSendTask::Run()
                0x500682ba                ModBusSendTask::StartPowerupCommunicationWithDCP()
                0x50067bee                ModBusSendTask::Tick()
                0x500681d0                ModBusSendTask::ModBusSendTask(long)
                0x50067b24                ModBusSendTask::BuildQueryBasis(unsigned long, unsigned long, unsigned short, unsigned short, unsigned short, unsigned short)
 *fill*         0x50068822        0x2 00
 .text          0x50068824      0xa6a obj-WC/FieldBus_cpp.o
                0x50068824                FieldBus::PrepareStatusSignal()
                0x50068c06                FieldBus::CheckForRfswitchfeedback()
                0x50068cc0                FieldBus::ProcessControlSignal()
                0x50068c3c                FieldBus::GetExternalAmplitude()
                0x50068c6c                FieldBus::GetExternalFrequencyOffset()
                0x50068caa                FieldBus::CheckForMemoryClear()
                0x5006906c                FieldBus::RegisterApp(void*)
                0x50068bfe                FieldBus::ProtocolSpecificInit(void*)
                0x50069226                FieldBus::FieldBus()
                0x50068e82                FindFieldBusType()
                0x50068c14                FieldBus::SetRfSelect(unsigned short)
                0x500691be                FieldBus::FieldBus()
                0x50069044                FieldBus::ReadCommonStatus(void*)
                0x50068cb8                FieldBus::GetFaultData(unsigned long)
 *fill*         0x5006928e        0x2 00
 .text          0x50069290      0xabc obj-WC/NRTModbusTask_cpp.o
                0x50069370                NRTModbus::Run()
                0x50069300                NRTModbus::NRTModbus()
                0x50069290                NRTModbus::NRTModbus()
 .text          0x50069d4c     0x2e06 obj-WC/ProfiBus_cpp.o
                0x50069f86                ProfiBus::ProcessAnalogOutput()
                0x5006beb0                ProfiBus::UpdateOutputCyclic(unsigned char*)
                0x5006cb1c                ProfiBus::ProfiBus()
                0x5006bb3c                ProfiBus::ProcessMailBox(CIFX_PACKETtag*)
                0x5006ac22                ProfiBus::ProcessPKW()
                0x5006a080                HandleValue(unsigned short, ParaType, unsigned short, unsigned char, void*)
                0x5006b9ec                ProfiBus::GetWarmStartParams(CIFX_PACKETtag*)
                0x5006cae6                ProfiBus::ProfiBus()
                0x5006c308                ProfiBus::UpdateInputCyclic(unsigned char*)
                0x50069d4c                ProfiBus::HandleNewParameterData()
                0x50069f20                ProfiBus::ProcessAnalogInput()
                0x5006aeb2                ProfiBus::HandleNewConfigData()
                0x5006abfa                ProfiBus::ReadExtendedStatus(void*)
 *fill*         0x5006cb52        0x2 00
 .text          0x5006cb54     0x255a obj-WC/EthernetIP_cpp.o
                0x5006db3e                EthernetIP::RegisterVendorSpecificClass(void*, unsigned long, bool)
                0x5006cf38                EthernetIP::RegisterService(void*, unsigned long)
                0x5006cb66                HandleValueEthIP(unsigned long, unsigned long, unsigned char, void*, unsigned long*)
                0x5006d402                EthernetIP::EthernetIP()
                0x5006d1d0                EthernetIP::UpdateOutputCyclic(unsigned char*)
                0x5006cb54                EthernetIP::CheckConnIndicationDetails(EIP_OBJECT_PACKET_CONNECTION_IND_Ttag*)
                0x5006dca8                EthernetIP::ProtocolSpecificInit(void*)
                0x5006cffa                EthernetIP::RegisterForMSNSChange(void*)
                0x5006d24c                EthernetIP::UpdateInputCyclic(unsigned char*)
                0x5006df1e                EthernetIP::ProcessMailBox(CIFX_PACKETtag*)
                0x5006ef9c                EthernetIP::GetFaultData(unsigned long)
                0x5006d096                EthernetIP::RegisterAssembly(void*, unsigned long, unsigned long, unsigned long, unsigned long)
                0x5006d2fc                EthernetIP::EthernetIP()
                0x5006cd30                EthernetIP::ProcessExplicitMsgRequest(unsigned long, unsigned long, unsigned long, unsigned long, unsigned char*, unsigned long*)
                0x5006dd3a                EthernetIP::HandleResetServiceIndication(EIP_OBJECT_PACKET_RESET_IND_Ttag*)
                0x5006d508                EthernetIP::GetWarmStartParams(CIFX_PACKETtag*)
                0x5006cb5e                EthernetIP::ReadExtendedStatus(void*)
 *fill*         0x5006f0ae        0x2 00
 .text          0x5006f0b0      0x9b6 obj-WC/WelderSearchTask_cpp.o
                0x5006f5d4                WelderSearchTask::CloseSocket()
                0x5006f0b0                WelderSearchTask::SendDcxMdata(unsigned long)
                0x5006f7b6                WelderSearchTask::PrepareFDSets()
                0x5006f830                WelderSearchTask::Run()
                0x5006f600                WelderSearchTask::CreateAndBindSocket()
                0x5006f692                WelderSearchTask::WelderSearchTask(long)
                0x5006f56e                WelderSearchTask::Poll()
                0x5006f6de                WelderSearchTask::WelderSearchTask(long)
                0x5006f72a                WelderSearchTask::Tick()
                0x5006f5ae                WelderSearchTask::NonBlock()
 *fill*         0x5006fa66        0x2 00
 .text          0x5006fa68     0x1354 obj-WC/VerifyPreset_cpp.o
                0x5006fa68                VerifyPreset(bool)
 .text          0x50070dbc      0x100 obj-WC/ObjDictionary_cpp.o
                0x50070dcc                ObjDictionary::ObjDictionary(MODBusODEntry const*)
                0x50070ddc                ObjDictionary::FindOdEntry(unsigned short)
                0x50070e3c                ObjDictionary::FindOdEntry(unsigned short, unsigned short*)
                0x50070dbc                ObjDictionary::ObjDictionary(MODBusODEntry const*)
 .text          0x50070ebc       0x82 obj-WC/counter_cpp.o
                0x50070ebc                ResetManFErrorCounter(bool)
                0x50070f04                ReadManFErrorCounter()
                0x50070f16                IncrementManFErrorCycleCounter()
 *fill*         0x50070f3e        0x2 00
 .text          0x50070f40     0x1090 obj-WC/FieldbusTask_cpp.o
                0x5007195c                FieldbusTask::FieldbusTask(FieldBus*)
                0x50070f8e                FieldbusTask::UpdateMailBox(CHANNELINSTANCEtag*)
                0x50071824                FieldbusTask::DPMMain()
                0x500710c0                FieldbusTask::UpdateIOImage(CHANNELINSTANCEtag*)
                0x50071672                FieldbusTask::GetVersionInfo()
                0x50070f40                BasicDPRAMTest()
                0x50071a5e                FieldbusTask::FieldbusTask(FieldBus*)
                0x50071b60                FieldbusTask::Run()
                0x500714b6                FieldbusTask::SendWarmStart()
                0x500715b4                FbTaskMSTick()
 .text          0x50071fd0     0x45be obj-WC/StateFunctions_cpp.o
                0x500743fe                HoldOffTimeExit()
                0x50073d28                ErrorExit()
                0x500721e6                EnergyBrakeEntry()
                0x50072c4e                PreReadyPassNoAct()
                0x50074e96                ReadyEntry()
                0x50075164                ReadyPassACT()
                0x50074ac8                PreReadyPassAct()
                0x50071fd8                PreReadyEntry()
                0x50074426                SonicsEntry()
                0x50074ce0                UpdatePresetPassAct()
                0x50072016                ClearMemoryFrequency()
                0x500735fa                ScanPass()
                0x50072260                HoldOffTimePassNoAct()
                0x50075fb2                CheckLimitsPass()
                0x500746a8                WaitforULSTRSEntry()
                0x500724e6                HoldOffTimePassAct()
                0x50072236                EnergyBrakeExit()
                0x5007409a                AfterBurstEntry()
                0x50072f4c                MfgCycleRunPass()
                0x5007205e                CheckForCustomCutoffSetup()
                0x500720ac                UpdatePresetExit()
                0x50072006                PreReadyExit()
                0x500746ea                CheckCustomCutoffs()
                0x50075acc                SeekPass()
                0x50073140                EnergyBrakePassNoAct()
                0x50072162                SonicsExit()
                0x5007321c                ScanEntry()
                0x50072998                ActSonicCheckGDDetctMode()
                0x50074f0c                ReadyPassNoACT()
                0x50074744                SonicsPassNoAct()
                0x50074dd2                ReadyExit()
                0x50073d6a                ErrorPass()
                0x50075594                PowerUpPass()
                0x50072288                SeekExit()
                0x500726b4                SelectRFRelayIO(unsigned short)
                0x500736fa                TestExit()
                0x50072370                CheckforRFSwitching()
                0x50074bee                UpdatePresetPassNoAct()
                0x50072590                SelectRFRelayFB(unsigned short)
                0x5007244c                HandleRFSwitching()
                0x500748e8                WaitforULSTRSPass()
                0x50073188                EnergyBrakePassAct()
                0x50074252                AfterBurstExit()
                0x500727ec                NoActSonicCheckGDDetctMode()
                0x50074636                SonicsEntryAct()
                0x50076290                UpdatePresetEntry()
                0x500742a8                CheckLimitsExit()
                0x50072eea                MfgCycleExit()
                0x50072cf6                CheckForStepping()
                0x50074004                CheckLimitsEntry()
                0x5007252e                ActSonicCheckTimeEngPwrMode()
                0x5007329c                ScanExit()
                0x50072122                NoActSonicCheckTimeEngPwrMode()
                0x50073c82                SeekEntry()
                0x50071fd0                Nothing()
                0x50073f6e                CycleAbortEntry()
                0x500720ee                NoActSonicCheckContMode()
                0x50072b68                CheckMemClearReset()
                0x500758dc                TestPass()
                0x500743b2                HoldOffTimeEntry()
                0x50075e56                CycleAbortPass()
                0x50072e40                CheckForPresetChange()
                0x500722b6                MfgCycleStartEntry()
                0x500745d0                SonicsEntryNoAct()
                0x50073898                TestEntry()
                0x50073e82                CycleAbortExit()
                0x500720c2                ActSonicCheckContMode()
                0x50074816                SonicsPassAct()
                0x50075494                PowerUpEntry()
                0x50072be0                CheckForNoInput()
                0x50074106                AfterBurstPass()
                0x500757dc                ErrorEntry()
 *fill*         0x5007658e        0x2 00
 .text          0x50076590       0x8a obj-WC/StateTable_cpp.o
 *fill*         0x5007661a        0x2 00
 .text          0x5007661c      0x72c obj-WC/Alarms_cpp.o
                0x50076670                CreateAlarm()
                0x50076932                CreateDCPGeneralAlarm(unsigned long)
                0x50076774                AlarmQueueWrite(Alarms)
                0x500769aa                CreateOverloadAlarm(unsigned long)
                0x5007661c                GetAlarmStringFromID(Alarms)
                0x500766d8                PrepareAlarmData()
 .text          0x50076d48     0x35e2 obj-WC/FieldbusTable_cpp.o
                0x50077ce6                ParamAccessPostCallback(unsigned short, void*, long, unsigned char, unsigned long*)
                0x50076d84                InitBaseIndexes()
                0x5007a260                SetMinMaxParamForFbTable(PSUPDATESPECIAL)
                0x5007982e                WriteParamEthIP(bool, void*, unsigned long*, unsigned long, unsigned long)
                0x50079526                ReadParam(ParaType, ParamSpecialAccess, void*, unsigned long, unsigned short)
                0x50079d94                WriteParam(ParaType, ParamSpecialAccess, bool, void*, unsigned long, unsigned short)
                0x50076fb6                GetParameterIndexInTable(unsigned short)
                0x500791a6                ReadParamEthIP(void*, unsigned long*, unsigned long, unsigned long)
                0x50078196                ParamAccessPreCallback(unsigned short, void*, long, unsigned char, unsigned long*)
 *fill*         0x5007a32a        0x2 00
 .text          0x5007a32c      0x138 obj-WC/ShutDownTask_cpp.o
                0x5007a3c2                ShutDownTask::ShutDownTask()
                0x5007a3fa                ShutDownTask::Run()
                0x5007a32c                ShutDownTask::ShutDown()
                0x5007a38a                ShutDownTask::ShutDownTask()
 .text          0x5007a464      0x2f8 obj-WC/ExternalStatusTask_cpp.o
                0x5007a6ee                ExternalStatusTask::ExternalStatusTask()
                0x5007a680                ExternalStatusTask::ExternalStatusTask()
                0x5007a464                ExternalStatusTask::Tick()
                0x5007a554                ExternalStatusTask::Run()
 .text          0x5007a75c     0x4072 obj-WC/BDMTask_cpp.o
                0x5007c2a8                LoopBkgdDir()
                0x5007befc                LoopBkgd()
                0x5007be00                LoopReset()
                0x5007bb3e                BdmTest()
                0x5007c48c                BdmProgram(unsigned char*, int)
                0x5007c0a4                LoopInput()
                0x5007a764                WriteSomeMoreData(BDM08)
                0x5007ba5e                BdmTestBreakpoint(BDM08&, int)
                0x5007a75c                Expect(int, int)
                0x5007bb04                BdmBackground(BDM08&)
 *fill*         0x5007e7ce        0x2 00
 .text          0x5007e7d0     0x1450 obj-WC/BDM08_cpp.o
                0x5007ef38                BDM08::ReadBkpt()
                0x5007ec94                BDM08::Transfer(unsigned char*, int, unsigned char*, int)
                0x5007ef82                BDM08::Background()
                0x5007f130                BDM08::VerifyHXBlank(int, int)
                0x5007f2e8                BDM08::WriteA(int)
                0x5007fa22                BDM08::Reset10usBkgd()
                0x5007e7e8                BDM08::Send(int)
                0x5007ead8                BDM08::Recv(unsigned char*, int)
                0x5007f408                BDM08::Sync()
                0x5007f490                BDM08::WriteCCR(int)
                0x5007e7d0                BDM08::~BDM08()
                0x5007fae2                BDM08::Reset()
                0x5007f59c                BDM08::WritePC(int)
                0x5007f552                BDM08::ReadSP()
                0x5007e7e0                BDM08::Expect(int, int)
                0x5007efb8                BDM08::Go()
                0x5007f036                BDM08::ReadHX()
                0x5007ed1e                BDM08::WriteByte(int, int)
                0x5007ee16                BDM08::ReadByte(int, unsigned char*, int)
                0x5007f326                BDM08::ReadA()
                0x5007fb6c                BDM08::BDM08()
                0x5007e8e0                BDM08::SyncCycle(int)
                0x5007edd2                BDM08::ReadByte(int)
                0x5007f230                BDM08::WriteNext(int, unsigned char)
                0x5007f3d8                BDM08::PrepareProgram()
                0x5007f948                BDM08::ProgramFlashByte(int, int)
                0x5007f78a                BDM08::ProgramFlash(int, unsigned char*, int)
                0x5007f1b0                BDM08::WriteNext(int, unsigned char*, int)
                0x5007f916                BDM08::ProgramFlashWord(int, int)
                0x5007f96e                BDM08::BDM08()
                0x5007f4ce                BDM08::ReadCCR()
                0x5007e7d8                BDM08::~BDM08()
                0x5007ee8e                BDM08::PrepareCalculateChecksum()
                0x5007eef0                BDM08::WriteBkpt(int)
                0x5007f360                BDM08::WriteSCR(int)
                0x5007f50a                BDM08::WriteSP(int)
                0x5007f080                BDM08::VerifyHX(int, unsigned char*, int)
                0x5007f5e4                BDM08::ReadPC()
                0x5007f258                BDM08::ReadNext(int, unsigned char*, int)
                0x5007efee                BDM08::WriteHX(int)
                0x5007ed66                BDM08::WriteByte(int, unsigned char*, int)
                0x5007f39e                BDM08::ReadSCR()
                0x5007f62e                BDM08::CalculateChecksum(int, int)
 .text          0x5007fc20     0x1f6c obj-WC/DcxManagerHandler_cpp.o
                0x50081150                JSONAlarm::CreateJsonObj()
                0x50081b2a                ClearJsonObjects()
                0x500803d4                WritePresetForDCXM(bool)
                0x5007fc7e                DcxMangerHandler::JSONSetHandler(ip_addr, char*, char*)
                0x50081920                WriteWeldResultForDCXM(WeldResult*, unsigned long)
                0x5008010e                WriteWeldDatForDCXM(HornWeldPointData*, unsigned long)
                0x500811a4                JSONWeldResult::CreateJsonObj()
                0x50081780                JSONHandler(char*, HTTPReplyHeader&, char*, ip_addr)
                0x50081480                DcxMangerHandler::InitDcxMangerHandler(long, long)
                0x500810d0                CycleDataSend(ip_addr, long*)
                0x5007fcb6                DcxMangerHandler::JSONStopHandler(ip_addr, char*)
                0x500814d2                DcxMangerHandler::JSONGetHandler(ip_addr, char*)
                0x5007fcf6                InitJsonObjsKeys()
                0x5007fef6                WriteAlarmForDCXM(long*, bool)
                0x50081242                JSONWeldData::CreateJsonObj()
                0x50081204                JSONPreset::CreateJsonObj()
                0x5007fff6                WriteCycleCounterForDCXM(bool, bool, long, bool, long*, bool)
                0x50081368                JSONCycleNumber::CreateJsonObj()
 .text          0x50081b8c      0x5aa C:/RTOS-WC/libRTOS-WC.a(Board_cpp.o)
                0x50081f74                Board::UpdateLEDs(unsigned char*)
                0x50081ed4                Board::FreeAlignedNoCache(void*)
                0x50081b8c                Board::SetupforSensingVoltageonAA13andAB14()
                0x50081eba                Board::SetupSlowCS8bit(int, int, void volatile*)
                0x50081dbe                Board::StopTimer(int)
                0x50081e4a                Board::GetSPI(int, int, int)
                0x50081ca0                Board::InitProfilerTimer(int)
                0x50081ef2                Board::AllocAlignedNoCache(unsigned long, int)
                0x50081dca                Board::StartTimer(int)
                0x50081c36                Board::InitRTC()
                0x50081fea                Board::Init(bool)
                0x50081dd6                Board::InstallTimer(int, void (*)(), int)
                0x50081f8e                Board::CheckforVoltageSignalonAB14Resistor4()
                0x50081c48                Board::InitDMATimer(int)
                0x50081c3e                Board::GetRTCTime()
                0x50081fbc                Board::CheckforVoltageSignalonAA13Resistor3()
                0x50081bdc                Board::EnableWatchDog()
                0x50081d4a                Board::GetI2C(int, int, int)
 *fill*         0x50082136        0x2 00
 .text          0x50082138      0x13e C:/RTOS-WC/libRTOS-WC.a(LED_cpp.o)
                0x50082156                LED::Set(int, int)
                0x50082138                LED::Init()
                0x5008226e                LED::SetAll(unsigned char*)
 *fill*         0x50082276        0x2 00
 .text          0x50082278       0x2e C:/RTOS-WC/libRTOS-WC.a(BoardFlash_cpp.o)
                0x50082278                Board::GetFlash()
 *fill*         0x500822a6        0x2 00
 .text          0x500822a8      0x46c C:/RTOS-WC/libRTOS-WC.a(54455_CPU_cpp.o)
                0x500822a8                CPU::InstallTaskSwitchRoutine(void (*)())
                0x50082346                CPU::Restart()
                0x5008235c                CPU::ClearExternalInterrupt(int)
                0x50082608                CPU::SetupChipSelect(int, int, int, void volatile*)
                0x50082426                CPU::InstallRtosTimer(int, void (*)(), int)
                0x50082398                CPU::DisableExternalInterrupt(int)
                0x500822ba                CPU::DelayMs(int)
                0x500822f8                CPU::DelayUs(int)
                0x50082480                CPU::SetupHandler(void (*)(int, void*), CpuInterrupt, int, int, int)
                0x500823e2                CPU::EnableExternalInterrupt(int)
                0x50082568                CPU::InitExternalInterrupt(void (*)(int, void*), int, int, int, CpuInterruptMode, bool)
 .text          0x50082714      0xe8a C:/RTOS-WC/libRTOS-WC.a(54455_Exception_cpp.o)
                0x50082714                Exception::Init()
                0x50082730                Exception::DefaultHandler(int, void*)
                0x500833fe                Exception::FirstHandler(void*)
                0x500833c2                Exception::Set(int, void (*)(int, void*), int)
 *fill*         0x5008359e        0x2 00
 .text          0x500835a0      0x280 C:/RTOS-WC/libRTOS-WC.a(54455_Terminal_cpp.o)
                0x500835d0                Terminal::In()
                0x50083652                Terminal::Out(int)
                0x50083600                Terminal::Peek()
                0x500835a0                Terminal::OutPoll(int)
                0x5008367e                Terminal::Init()
                0x50083624                Terminal::OutPoll(char*)
 .text          0x50083820      0x58a C:/RTOS-WC/libRTOS-WC.a(54455_PIT_cpp.o)
                0x50083d50                PIT::IntHandler2(int, void*)
                0x500838dc                PIT::StartInt(int)
                0x5008389a                PIT::StopInt(int)
                0x50083842                PIT::IntHandler1(int, void*)
                0x50083ae6                PIT::PIT(int, int, int, int, void (*)(), int)
                0x50083820                PIT::ResetInt(int)
                0x50083c9e                PIT::IntHandler0(int, void*)
                0x5008392e                PIT::PIT(int, int, int, int, void (*)(), int)
                0x50083cf6                PIT::IntHandler3(int, void*)
 *fill*         0x50083daa        0x2 00
 .text          0x50083dac      0x8f6 C:/RTOS-WC/libRTOS-WC.a(54455_Serial_cpp.o)
                0x500844ac                Serial::Send(Task*, unsigned char, int)
                0x500843fc                Serial::Serial(int, int)
                0x50083dd6                Serial::EnableUARTInterrupt()
                0x50083e1e                Serial::IntHandler()
                0x50083dac                Serial::WriteIMR(int)
                0x50084086                Serial::Init(int, int, int, int, bool)
                0x5008434c                Serial::Serial(int, int)
                0x50084616                Serial::Receive(Task*, unsigned char&, int)
                0x5008401c                Serial::IntHandler(int, void*)
                0x50084562                Serial::FlushOutputBuffer()
 *fill*         0x500846a2        0x2 00
 .text          0x500846a4      0x522 C:/RTOS-WC/libRTOS-WC.a(54455_FEC_cpp.o)
                0x500846fa                FEC::~FEC()
                0x500846d0                FEC::~FEC()
                0x500846a4                FEC::IntHandler1(int, void*)
                0x50084726                FEC::FEC(int, MII*, bool, unsigned char*)
                0x500846ba                FEC::IntHandler0(int, void*)
                0x50084710                FEC::~FEC()
                0x50084976                FEC::FEC(int, MII*, bool, unsigned char*)
 *fill*         0x50084bc6        0x2 00
 .text          0x50084bc8       0x5c C:/RTOS-WC/libRTOS-WC.a(54455_Cache_cpp.o)
                0x50084bc8                Cache::Init(int, int)
 .text          0x50084c24      0x62c C:/RTOS-WC/libRTOS-WC.a(54455_MMU_cpp.o)
                0x50084cf0                MMU::Init()
                0x50084c24                MMU::Map(int, int, int, int, int, int, int, int, int, int)
                0x50085048                MMU::AccessError(void*)
                0x50084ed0                MMU::UnMap(int, int)
                0x50084f48                MMU::RemapCodeData(bool, bool)
                0x50084c7e                MMU::Map(unsigned long)
 .text          0x50085250      0x99c C:/RTOS-WC/libRTOS-WC.a(54455_DSPI_cpp.o)
                0x50085b36                DSPI::DSPI(int, int, int)
                0x5008560e                DSPI::LongWordTransfer(int, unsigned char*, int, int)
                0x500855a6                DSPI::ReadInput()
                0x500855c0                DSPI::SetSignals(int, int, int)
                0x50085250                DSPI::ConfigureSPIPins()
                0x50085b16                DSPI::~DSPI()
                0x500855da                DSPI::EnableGPIO()
                0x50085890                DSPI::EnableSPI(bool, int, int, bool, bool)
                0x50085a40                DSPI::~DSPI()
                0x50085a60                DSPI::DSPI(int, int, int)
                0x50085574                DSPI::InterruptHandler(int, void*)
                0x5008574c                DSPI::GetBaudRate(unsigned long, unsigned long, bool, bool)
                0x50085268                DSPI::SingleTransfer(int, unsigned short*, int, bool)
                0x50085404                DSPI::IntHandler()
                0x500855f4                DSPI::ReadByte(unsigned char, int)
 .text          0x50085bec      0x5b4 C:/RTOS-WC/libRTOS-WC.a(54455_I2C_cpp.o)
                0x50085c66                I2C::I2C(int, int, int, int)
                0x50085c1a                I2C::Release()
                0x50085bec                I2C::InterruptHandler()
                0x5008616e                I2C::Acquire(int)
                0x50085ec6                I2C::Read(int, int, int, unsigned char*, int&, int)
                0x50085d96                I2C::I2C(int, int, int, int)
                0x50085bf4                I2C::WaitForInterrupt()
                0x50085c40                I2C::InterruptHandler(int, void*)
                0x5008607a                I2C::Write(int, int, int, unsigned char const*, int)
 .text          0x500861a0       0x3e C:/RTOS-WC/libRTOS-WC.a(54455_CPU_asm.o)
                0x500861ba                CPU::MultiBootInit()
                0x500861a0                CPU::Init()
                0x500861d4                CPU::SwitchStack(void*)
 *fill*         0x500861de        0x2 00
 .text          0x500861e0       0x3a C:/RTOS-WC/libRTOS-WC.a(54455_Exception_asm.o)
                0x500861e0                AsmExceptionHandler
 *fill*         0x5008621a        0x2 00
 .text          0x5008621c       0x2c C:/RTOS-WC/libRTOS-WC.a(54455_MCF5445xRTOS_asm.o)
                0x5008622e                RTOS::ExecuteFirstTask()
                0x5008621c                RTOS::TaskSwitch()
 .text          0x50086248       0x6e C:/RTOS-WC/libRTOS-WC.a(MCF_ArchDefs_cpp.o)
                0x5008625a                ExitCritical(short)
                0x50086248                EnterCritical()
                0x5008629c                __cxa_pure_virtual
                0x50086294                __cxa_atexit
                0x50086268                DisableInterrupts()
                0x5008628c                __cxa_guard_release
                0x50086276                EnableInterrupts()
                0x50086284                __cxa_guard_acquire
 *fill*         0x500862b6        0x2 00
 .text          0x500862b8      0xf9e C:/RTOS-WC/libRTOS-WC.a(MCF_FecBase_cpp.o)
                0x50086582                FecBase::TxContinue()
                0x50086428                FecBase::PrintBDStatus()
                0x50086750                FecBase::Stop()
                0x5008653a                FecBase::~FecBase()
                0x5008637e                FecBase::GetLinkStatus()
                0x5008630a                FecBase::TxStop()
                0x50086516                FecBase::~FecBase()
                0x500862b8                FecBase::IrqEnable()
                0x500862dc                FecBase::IrqDisable()
                0x5008638e                FecBase::DebounceLinkStatus(bool)
                0x50086c26                FecBase::IntHandler()
                0x50087146                FecBase::Receive(unsigned char*, int)
                0x500868f2                FecBase::FecBase(int, unsigned char*)
                0x500865c2                FecBase::TxHandler()
                0x50086360                FecBase::ReleaseBD(FECBD*)
                0x5008655e                FecBase::~FecBase()
                0x500862f0                FecBase::RxContinue()
                0x50086854                FecBase::SetAddress(unsigned char const*)
                0x50086ea6                FecBase::Init(bool)
                0x50086b1e                FecBase::RxHandler()
                0x500864fc                FecBase::Resend()
                0x500863fc                FecBase::ReadLinkStatus()
                0x50086ce2                FecBase::InitBD()
                0x5008702a                FecBase::Transmit(PktBuf*, int)
                0x5008683a                FecBase::HashAddress(unsigned char const*)
                0x50086a08                FecBase::FecBase(int, unsigned char*)
 *fill*         0x50087256        0x2 00
 .text          0x50087258       0xc8 C:/RTOS-WC/libRTOS-WC.a(MCF_MemoryInit_asm.o)
                0x50087258                MemoryInit
 .text          0x50087320       0x6a C:/RTOS-WC/libRTOS-WC.a(MCF_ArchDefs_asm.o)
                0x50087320                memcpy
 *fill*         0x5008738a        0x2 00
 .text          0x5008738c      0x1d8 C:/RTOS-WC/libRTOS-WC.a(stdlib_Assert_cpp.o)
                0x5008738c                SystemCrash(char*, char*, int)
                0x50087478                AssertFailed(char*, char*, int)
 .text          0x50087564      0xd88 C:/RTOS-WC/libRTOS-WC.a(stdlib_Alloc_cpp.o)
                0x500875f2                MemHeader::FillDeallocatedData()
                0x50087a30                operator new(unsigned long)
                0x500879d8                malloc
                0x50087dd4                MemHeader::SafetyTest(bool)
                0x500882e2                operator delete(void*)
                0x5008820c                Memrealloc
                0x50087a7e                operator new[](unsigned long, char*, int)
                0x50087cb8                ShowMemory
                0x500879f2                calloc
                0x500876fc                MallocAlignedNoCache
                0x500876ae                InitMemoryAllocation
                0x500876e6                FreeAlignedNoCache
                0x500879be                mallocNoInit
                0x500882d8                operator delete[](void*)
                0x50087564                MemHeader::FillSafetyAreas(bool)
                0x50087a98                MemHeader::PTrace()
                0x50087a4a                operator new(unsigned long, char*, int)
                0x50087a64                operator new[](unsigned long)
                0x50087708                CallocAlignedNoCache
                0x50087f60                CheckMemory(char*)
                0x50087fda                free
 .text          0x500882ec      0x968 C:/RTOS-WC/libRTOS-WC.a(stdlib_PrintF_cpp.o)
                0x50088b72                putchar
                0x50088b10                printf
                0x50088bda                puts
                0x50088aa0                sprintf
                0x50088ade                pprintf
 .text          0x50088c54      0x504 C:/RTOS-WC/libRTOS-WC.a(stdlib_String_cpp.o)
                0x50088d0e                strcpy
                0x50088f88                strlower
                0x50088fc0                strrchr
                0x50088df8                stricmp
                0x50088cda                strcat
                0x50088d9c                memchr
                0x5008900c                strstr
                0x50088edc                strncmp
                0x50089102                memmove(void*, void const*, unsigned int)
                0x50089072                strncpy
                0x50088d36                memcmp
                0x500890ba                strdup
                0x50088c54                memset
                0x50088d6e                strcmp
                0x50088e6e                strnicmp
                0x50088f50                strupr
                0x50088cb6                strlen
                0x50088dd0                strchr
 .text          0x50089158      0x114 C:/RTOS-WC/libRTOS-WC.a(stdlib_StdLib_cpp.o)
                0x500891ca                xtoi
                0x5008923a                otoi
                0x50089158                atoi
 .text          0x5008926c      0x1e2 C:/RTOS-WC/libRTOS-WC.a(API_CyGOS_cpp.o)
                0x50089342                CyGOS::InstallTimer(int, void (*)(), int)
                0x50089296                CyGOS::ResetTimeSpentForTasks()
                0x5008932a                CyGOS::StopTimer(int)
                0x500892fa                CyGOS::DisableWatchDog()
                0x5008931e                CyGOS::InitWatchDog(int)
                0x50089312                CyGOS::EnableWatchDog()
                0x50089436                CyGOS::Start(int)
                0x500892a6                CyGOS::RegisterTaskLoadLogCallback(void (*)(bool))
                0x5008934e                CyGOS::Restart()
                0x5008942a                CyGOS::Stop()
                0x5008929e                CyGOS::ResetTimeSpentForInterrupts()
                0x500892b8                CyGOS::LogTaskLoad()
                0x50089306                CyGOS::KickWatchDog()
                0x50089382                CyGOS::CreateLedTasks(int, int, void (*)(int, int))
                0x50089376                CyGOS::PrintStatus(PrintStatusMode)
                0x50089442                CyGOS::Init()
                0x5008935a                CyGOS::CreateTask(Task*, int&)
                0x50089336                CyGOS::StartTimer(int)
                0x500892e4                CyGOS::ApplicationCrashCallBack()
                0x5008926c                CyGOS::GetTaskName(int)
                0x500892d2                CyGOS::RegisterAppCrashCallback(void (*)())
 *fill*         0x5008944e        0x2 00
 .text          0x50089450      0x714 C:/RTOS-WC/libRTOS-WC.a(API_TCPIP_cpp.o)
                0x50089450                CyGOS::GetNetworkInterface(int)
                0x500894b0                CyGOS::SetupInterface(int, bool, bool)
                0x50089a04                CyGOS::SetGW(int, unsigned long)
                0x5008984c                CyGOS::GetSubnetMaskStr(int)
                0x50089966                CyGOS::CreateDhcpServerTask(int, DhcpServerConfiguration&, int&)
                0x5008972a                CyGOS::GetGatewayAddress(int)
                0x50089ab0                CyGOS::SetupAddress(int, unsigned long, unsigned long)
                0x5008979a                CyGOS::GetIPAddress(int)
                0x5008951c                CyGOS::CreateTcpipTasks(int&)
                0x500898d0                CyGOS::CreateDNSServerTask(int, int&)
                0x5008988e                CyGOS::GetIPAddressStr(int)
                0x5008956a                CyGOS::AddTcpInterface(int, int&, unsigned char*)
                0x50089484                CyGOS::GetNetworkConfiguration(int)
                0x5008980a                CyGOS::GetGatewayAddressStr(int)
                0x50089a58                CyGOS::IsNetworkConfigured(int)
                0x50089762                CyGOS::GetSubnetMask(int)
                0x50089b0a                CyGOS::SetupHostName(int, char*)
                0x500896bc                CyGOS::SetEthernetLinkDebouncing(bool)
                0x500897d2                CyGOS::IsDhcpEnabled(int)
                0x500896ee                CyGOS::GetMacAddress(int)
 .text          0x50089b64      0x2fc C:/RTOS-WC/libRTOS-WC.a(API_LinkedList_cpp.o)
                0x50089be4                LinkedListBase::GetNext(void*&) const
                0x50089b88                LinkedListBase::GetCount() const
                0x50089c80                LinkedListBase::RemoveTail()
                0x50089d4a                LinkedListBase::~LinkedListBase()
                0x50089cf4                LinkedListBase::AddHead(void*)
                0x50089b76                LinkedListBase::LinkedListBase()
                0x50089bc6                LinkedListBase::GetTail() const
                0x50089e06                LinkedListBase::AddTail(void*)
                0x50089c12                LinkedListBase::RemoveAt(void*)
                0x50089d88                LinkedListBase::RemoveHead()
                0x50089cb6                LinkedListBase::~LinkedListBase()
                0x50089dbc                LinkedListBase::Find(void*) const
                0x50089baa                LinkedListBase::GetHead() const
                0x50089b64                LinkedListBase::LinkedListBase()
 .text          0x50089e60      0x12c C:/RTOS-WC/libRTOS-WC.a(API_CRC_cpp.o)
                0x50089f20                CalcCrc32_EDB88320
                0x50089ebe                CalcCrc16_1021
                0x50089e60                CalcCrc7_09
 .text          0x50089f8c      0x24e C:/RTOS-WC/libRTOS-WC.a(API_FileSystems_cpp.o)
                0x50089fc4                CyGOS::FileClose(void*)
                0x5008a114                CyGOS::ReadSector(int, int, int, void*)
                0x5008a036                ReadTarRegionFlash(int, unsigned char*, int)
                0x5008a016                CyGOS::InitDriveImage(int, void*, int)
                0x50089f8c                CyGOS::FileLength(void*)
                0x5008a0f0                CyGOS::WriteSector(int, int, int, void*)
                0x50089fde                CyGOS::FileOpen(char const*, int, File**)
                0x50089ffe                CyGOS::RemoveDrive(int)
                0x5008a182                CyGOS::InitFileSystems(int&)
                0x5008a138                CyGOS::CreateBlockDevice(BlockDevice*, char const*, int&)
                0x50089fa4                CyGOS::FileRead(void*, void*, int*)
 *fill*         0x5008a1da        0x2 00
 .text          0x5008a1dc      0x2d4 C:/RTOS-WC/libRTOS-WC.a(API_TFTP_cpp.o)
                0x5008a300                CyGOS::TftpReceive(int, char*, int*, void*)
                0x5008a1dc                CyGOS::TftpReceive(int, char*, int*, void*, ip_addr)
                0x5008a392                CyGOS::TftpTransmit(int, char*, int, void*, ip_addr)
                0x5008a26a                CyGOS::CreateTftpClientTask(int, int&)
                0x5008a420                CyGOS::TftpTransmit(int, char*, int, void*)
 .text          0x5008a4b0      0x484 C:/RTOS-WC/libRTOS-WC.a(API_HTTP_cpp.o)
                0x5008a5f0                CyGOS::CreateHttpServerTask(int, int, int&)
                0x5008a704                CyGOS::AddJSONHandler(int, int, bool (*)(char*, HTTPReplyHeader&, char*, ip_addr))
                0x5008a790                CyGOS::AddHttpFileUploadHandler(int, int, bool (*)(char*, int, char*, char*))
                0x5008a8a8                CyGOS::AddHttpPostHandler(int, int, bool (*)(char*, char*, HTTPReplyHeader&))
                0x5008a564                CyGOS::AddHttpGetHandler(int, int, bool (*)(char*, HTTPReplyHeader&))
                0x5008a81c                CyGOS::AddTickCallbackForWebSite(int, int, void (*)(int))
 .text          0x5008a934       0xea C:/RTOS-WC/libRTOS-WC.a(API_SysLog_cpp.o)
                0x5008a9a0                CyGOS::GetSysEventStrigFromID(int)
                0x5008a96e                CyGOS::WriteSystemEvent(int, int, int, unsigned int, bool)
                0x5008a95c                CyGOS::RegisterSysLogCallback(void (*)(short, int, int, unsigned int, bool))
                0x5008a934                CyGOS::RegisterBoardTestCallback(void (*)())
                0x5008a946                CyGOS::DOBoardTest()
 *fill*         0x5008aa1e        0x2 00
 .text          0x5008aa20      0x2b4 C:/RTOS-WC/libRTOS-WC.a(RTOS_FIFO_cpp.o)
                0x5008ab04                FifoBase::WriteTest(Task*, int)
                0x5008aa48                FifoBase::FifoBase(int, int, char const*)
                0x5008aaba                FifoBase::WriteCleanup()
                0x5008aa20                FifoBase::FifoBase(int, int, char const*)
                0x5008aa70                FifoBase::ReadCleanup()
                0x5008ac28                FifoBase::ReadTest(Task*, int)
 .text          0x5008acd4      0x826 C:/RTOS-WC/libRTOS-WC.a(RTOS_RTOS_cpp.o)
                0x5008b18a                RTOS::Delete(Task*)
                0x5008b1f6                RTOS::Create(Task*, int)
                0x5008b3a4                RTOS::Init()
                0x5008af10                RTOS::DelayUs(int)
                0x5008ad28                RTOS::RemoveFromTickChain(Task*)
                0x5008ad74                RTOS::Gettaskloadinformation()
                0x5008b482                RTOS::Create(Task*, int, int)
                0x5008ad82                RTOS::PrintStatus(PrintStatusMode)
                0x5008b370                IdleTask::IdleTask()
                0x5008b284                RTOS::Start(int)
                0x5008b35e                IdleTask::Run()
                0x5008b44e                IdleTask::IdleTask()
                0x5008af64                RTOS::DelayMs(int)
                0x5008acd4                RTOS::InsertIntoTickChain(Task*)
                0x5008afe2                RTOS::TickHandler()
                0x5008afb6                RTOS::Stop()
                0x5008b0c0                RTOS::Schedule()
 *fill*         0x5008b4fa        0x2 00
 .text          0x5008b4fc      0x438 C:/RTOS-WC/libRTOS-WC.a(RTOS_Task_cpp.o)
                0x5008b760                Task::Suspend()
                0x5008b54e                TaskBase::~TaskBase()
                0x5008b5f4                Task::Task(char*, int)
                0x5008b5a2                Task::~Task()
                0x5008b868                Task::Delay(long)
                0x5008b560                TaskBase::~TaskBase()
                0x5008b4fc                TaskBase::Tick()
                0x5008b51e                TaskBase::Run()
                0x5008b8d8                Task::Wakeup()
                0x5008b504                Task::ReturnFromTask()
                0x5008b572                Task::~Task()
                0x5008b538                TaskBase::~TaskBase()
                0x5008b6aa                Task::Task(char*, int)
                0x5008b5ca                Task::~Task()
                0x5008b7c6                Task::Resume()
 .text          0x5008b934      0x344 C:/RTOS-WC/libRTOS-WC.a(RTOS_PrintfTask_cpp.o)
                0x5008b934                getcharWait
                0x5008b980                gets
                0x5008ba8a                PrintfTask::Run()
                0x5008bb74                PrintfTask::PrintfTask()
                0x5008b972                getchar
                0x5008ba00                PrintfTask::Print(unsigned char)
                0x5008bbf6                PrintfTask::PrintfTask()
 .text          0x5008bc78      0x368 C:/RTOS-WC/libRTOS-WC.a(RTOS_Debug_cpp.o)
                0x5008bf12                Debug::Poll()
                0x5008bd78                Debug::ReadMemory(int, int)
                0x5008be0c                Debug::Run()
                0x5008bcec                Debug::ReadLine()
                0x5008bc78                Debug::HexToInt(char*&, int)
                0x5008bfa6                Debug::Init()
                0x5008bf56                Debug::Debug(int)
                0x5008bf7e                Debug::Debug(int)
 .text          0x5008bfe0      0x374 C:/RTOS-WC/libRTOS-WC.a(RTOS_Mutex_cpp.o)
                0x5008c080                Mutex::Release(Task*)
                0x5008c2d8                Mutex::Mutex(char*)
                0x5008c1a2                Mutex::Acquire(Task*, int)
                0x5008bfe0                Mutex::~Mutex()
                0x5008c030                Mutex::~Mutex()
                0x5008c18a                Mutex::Unlock()
                0x5008c338                Mutex::Lock()
                0x5008c308                Mutex::Mutex(char*)
 .text          0x5008c354      0x572 C:/RTOS-WC/libRTOS-WC.a(RTOS_LedTasks_cpp.o)
                0x5008c4e0                TaskFastLed::TaskFastLed(int)
                0x5008c582                TaskSlowLed::TaskSlowLed(int)
                0x5008c474                TaskDispLed::TaskDispLed(void (*)(int, int))
                0x5008c516                TaskFastLed::TaskFastLed(int)
                0x5008c4aa                TaskDispLed::TaskDispLed(void (*)(int, int))
                0x5008c54c                TaskSlowLed::TaskSlowLed(int)
                0x5008c354                TaskDispLed::Run()
                0x5008c7ae                TaskFastLed::Run()
                0x5008c5b8                TaskSlowLed::Run()
 *fill*         0x5008c8c6        0x2 00
 .text          0x5008c8c8      0x47c C:/RTOS-WC/libRTOS-WC.a(RTOS_TaskManager_cpp.o)
                0x5008ccec                CyGOS::CreateTaskManager(int&, int, void (*)())
                0x5008c8c8                CyGOS::GetTaskTime(int)
                0x5008ca2e                TaskManager::Run()
                0x5008c940                CyGOS::GetIntrTimeHighest(int)
                0x5008cc00                TaskManager::TaskManager(void (*)(), int)
                0x5008c96a                CyGOS::GetIntCount(int)
                0x5008cc76                TaskManager::TaskManager(void (*)(), int)
                0x5008c92a                CyGOS::GetIntrTime(int)
                0x5008c980                TaskManager::Tick()
                0x5008c8de                CyGOS::GetTaskTimeHighest(int)
 .text          0x5008cd44      0x95c C:/RTOS-WC/libRTOS-WC.a(Net_Ethernet_cpp.o)
                0x5008cf3c                HasLocalIP(ip_addr)
                0x5008d068                Ethernet::~Ethernet()
                0x5008d382                Ethernet::Run()
                0x5008d00c                Ethernet::~Ethernet()
                0x5008cd5a                Ethernet::SetLinkDebouncing(bool)
                0x5008d1e2                Ethernet::Ethernet(FEC*, bool)
                0x5008ceca                netif_loop_output(Ethernet*, PktBuf*, ip_addr*)
                0x5008d0c4                Ethernet::Ethernet(FEC*, bool)
                0x5008cd44                Ethernet::GetHardwareAddress() const
                0x5008d300                RemoveFromNetIfList(Ethernet*)
                0x5008ce8e                Ethernet::low_level_output(PktBuf*)
                0x5008cf8a                AddToNetIfList(Ethernet*)
                0x5008cdd4                Ethernet::Tick()
                0x5008cee0                Ethernet::~Ethernet()
 .text          0x5008d6a0      0x902 C:/RTOS-WC/libRTOS-WC.a(Net_TcpIp_cpp.o)
                0x5008dd92                TcpIp::~TcpIp()
                0x5008d808                TcpIp::Tick100ms()
                0x5008d6a0                TcpIp::AddNetIf(Ethernet*)
                0x5008ddce                TcpIp::~TcpIp()
                0x5008d718                TcpIp::Tick()
                0x5008db0e                TcpIp::TcpIp()
                0x5008daca                TcpIp::~TcpIp()
                0x5008dedc                TcpIp::SendApiMessage(api_msg*)
                0x5008de0a                TcpIp::SendCallbackMessage(void (*)(void*), void*)
                0x5008d94a                TcpIp::Run()
                0x5008dbd8                TcpIp::AddCustomProtocol(unsigned short, protocolHandler*, Ethernet*)
                0x5008dc80                TcpIp::InitCustom()
                0x5008dcc8                TcpIp::TcpIp()
 *fill*         0x5008dfa2        0x2 00
 .text          0x5008dfa4      0x920 C:/RTOS-WC/libRTOS-WC.a(Net_PktBuf_cpp.o)
                0x5008e4b8                pbuf_free(PktBuf*)
                0x5008e05a                pbuf_chain(PktBuf*, PktBuf*)
                0x5008dfa4                pbuf_clen(PktBuf*)
                0x5008dfde                pbuf_cat(PktBuf*, PktBuf*)
                0x5008e07e                pbuf_take(PktBuf*, void const*, int)
                0x5008e34c                alloc_pool_pbuf()
                0x5008e85e                pbuf_coalesce(PktBuf*, pbuf_layer)
                0x5008e170                pbuf_copy_partial(PktBuf*, void*, int, int)
                0x5008e620                pbuf_alloc(pbuf_layer, int, pbuf_type)
                0x5008e5be                pbuf_realloc(PktBuf*, int)
                0x5008e52c                pbuf_dechain(PktBuf*)
                0x5008e3a8                pbuf_header(PktBuf*, int)
                0x5008dfc4                pbuf_ref(PktBuf*)
                0x5008e1fe                pbuf_copy(PktBuf*, PktBuf*)
 .text          0x5008e8c4      0xde6 C:/RTOS-WC/libRTOS-WC.a(Net_ARP_cpp.o)
                0x5008eb36                etharp_gratuitous(Ethernet*)
                0x5008e930                etharp_send_mb(Ethernet*, PktBuf*, EthAddr*, EthAddr*)
                0x5008eb4c                free_etharp_q(ArpQueueEntry*)
                0x5008f624                arp_input(PktBuf*, Ethernet*)
                0x5008f494                etharp_ip_input(Ethernet*, PktBuf*)
                0x5008e994                etharp_raw(Ethernet*, EthAddr const*, EthAddr const*, EthAddr const*, ip_addr const*, EthAddr const*, ip_addr const*, unsigned short)
                0x5008e8c4                arp_init()
                0x5008f52a                etharp_output(Ethernet*, PktBuf*, ip_addr*)
                0x5008f2d4                etharp_arp_input(Ethernet*, EthAddr*, PktBuf*)
                0x5008e8cc                etharp_send_ip(Ethernet*, PktBuf*, EthAddr*, EthAddr*)
                0x5008ef32                etharp_find_addr(Ethernet*, ip_addr*, EthAddr**, ip_addr**)
                0x5008eaee                etharp_request(Ethernet*, ip_addr*)
                0x5008ec6a                find_entry(ip_addr*, unsigned char)
                0x5008f18a                update_arp_entry(Ethernet*, ip_addr*, EthAddr*, unsigned char)
                0x5008ebe4                etharp_tmr()
                0x5008ef94                etharp_query(Ethernet*, ip_addr*, PktBuf*)
 *fill*         0x5008f6aa        0x2 00
 .text          0x5008f6ac     0x15c4 C:/RTOS-WC/libRTOS-WC.a(Net_IPv4_cpp.o)
                0x5008fe28                ip_output_if_opt(PktBuf*, ip_addr*, ip_addr*, int, int, int, Ethernet*, void*, int)
                0x5008f922                ResolveGateway(ip_addr*, ip_addr*, Ethernet*)
                0x50090b62                ip_forward(PktBuf*, IPv4Header*, Ethernet*)
                0x5008f6ac                PrintAddress(ip_addr*)
                0x50090364                ip_reass(PktBuf*)
                0x5008f830                inet_chksum_pbuf(PktBuf*)
                0x5009019e                inet_chksum_pseudo(PktBuf*, ip_addr*, ip_addr*, int, int)
                0x5008fc02                ip_frag(PktBuf*, Ethernet*, ip_addr*)
                0x500900f0                ip_output(PktBuf*, ip_addr*, ip_addr*, int, int, int)
                0x50090c38                PrintRoutingTable()
                0x5008f7e0                inet_chksum(void*, int)
                0x5008f736                ip_check(Ethernet*, IPv4Header*)
                0x50090188                ip_init()
                0x5008f6d4                ip_addr_isbroadcast(ip_addr*, Ethernet*)
                0x5008f6b4                ip_addr_ismulticast(ip_addr*)
                0x500902bc                set_route(unsigned long, unsigned long, unsigned long, unsigned long, unsigned long)
                0x5008f7f6                IP_ADDRESSES_AND_ID_MATCH(IPv4Header*, IPv4Header*)
                0x5008fb30                ip_reass_tmr()
                0x5009085a                ip_input(PktBuf*, Ethernet*)
                0x5009006c                ip_route(ip_addr*, ip_addr*)
                0x50090148                ip_addr::ToString()
                0x50090040                ip_output_if(PktBuf*, ip_addr*, ip_addr*, int, int, int, Ethernet*)
 .text          0x50090c70      0x422 C:/RTOS-WC/libRTOS-WC.a(Net_Raw_cpp.o)
                0x50090eb6                recv_raw(void*, RawSocket*, PktBuf*, ip_addr*)
                0x50091066                raw_connect(RawSocket*, ip_addr*)
                0x50090fc8                raw_new(int)
                0x5009103e                raw_bind(RawSocket*, ip_addr*)
                0x50090c70                raw_init()
                0x50090d14                raw_recv(RawSocket*, bool (*)(void*, RawSocket*, PktBuf*, ip_addr*), void*)
                0x50090d84                raw_sendto(RawSocket*, PktBuf*, ip_addr*)
                0x50090d2c                raw_remove(RawSocket*)
                0x50090c78                raw_input(PktBuf*, Ethernet*)
                0x50090e9c                raw_send(RawSocket*, PktBuf*)
 *fill*         0x50091092        0x2 00
 .text          0x50091094     0x3e64 C:/RTOS-WC/libRTOS-WC.a(Net_TCP_cpp.o)
                0x50093ada                tcp_slowtmr()
                0x5009202e                tcp_keepalive(TcpSocket*)
                0x50094004                tcp_process(TcpSocket*)
                0x5009154c                err_tcp(void*, int)
                0x50091622                recv_tcp(void*, TcpSocket*, PktBuf*, int)
                0x5009385c                tcp_abandon(TcpSocket*, bool)
                0x500913e0                setup_tcp(NetConn*)
                0x50091764                tcp_pcb_purge(TcpSocket*)
                0x50091184                tcp_output_set_header(TcpSocket*, PktBuf*, int, unsigned long)
                0x50093666                tcp_listen_with_backlog(TcpSocket*, int)
                0x50091ec8                tcp_write(TcpSocket*, void const*, int, int)
                0x5009112e                tcp_err(TcpSocket*, void (*)(void*, int))
                0x50091840                tcp_eff_send_mss(int, ip_addr*)
                0x500910f8                tcp_arg(TcpSocket*, void*)
                0x5009374c                tcp_connect(TcpSocket*, ip_addr*, int, int (*)(void*, TcpSocket*, int))
                0x500927dc                tcp_recved(TcpSocket*, int)
                0x5009286c                tcp_ack(TcpSocket*)
                0x50092612                tcp_rexmit(TcpSocket*)
                0x50091214                tcp_parseopt(TcpSocket*)
                0x50094736                tcp_listen_input(TcpSocketListen*)
                0x50094900                tcp_new()
                0x50094604                tcp_kill_prio(int)
                0x500921e2                tcp_output_segment(TcpSeg*, TcpSocket*)
                0x500918da                tcp_enqueue(TcpSocket*, void*, int, int, int, int)
                0x50092672                tcp_rexmit_rto(TcpSocket*)
                0x50091f32                tcp_send_ctrl(TcpSocket*, int)
                0x50091700                tcp_seg_free(TcpSeg*)
                0x50092786                tcp_timewait_input(TcpSocket*)
                0x500912d0                tcp_update_rcv_ann_wnd(TcpSocket*)
                0x50093aa8                tcp_recv_null(void*, TcpSocket*, PktBuf*, int)
                0x50094990                tcp_tmr()
                0x5009116a                tcp_next_iss()
                0x500926b0                tcp_pcb_remove(TcpSocket**, TcpSocket*)
                0x500920e8                tcp_rst(unsigned long, unsigned long, ip_addr*, ip_addr*, int, int)
                0x50091152                tcp_poll(TcpSocket*, int (*)(void*, TcpSocket*), int)
                0x50091140                tcp_accept(TcpSocket*, int (*)(void*, TcpSocket*, int))
                0x50091334                tcp_new_port()
                0x500949e0                tcp_input(PktBuf*, Ethernet*)
                0x50093956                tcp_close(TcpSocket*)
                0x50091884                tcp_seg_copy(TcpSeg*)
                0x50091736                tcp_segs_free(TcpSeg*)
                0x50091f50                tcp_zero_window_probe(TcpSocket*)
                0x5009110a                tcp_recv(TcpSocket*, int (*)(void*, TcpSocket*, PktBuf*, int))
                0x50093518                tcp_bind(TcpSocket*, ip_addr*, int)
                0x50094664                tcp_alloc(int)
                0x50091202                tcp_setprio(TcpSocket*, int)